0 verbose cli /opt/homebrew/Cellar/node/25.4.0/bin/node /opt/homebrew/bin/npm
1 info using npm@11.7.0
2 info using node@v25.4.0
3 silly config load:file:/opt/homebrew/Cellar/node/25.4.0/libexec/lib/node_modules/npm/npmrc
4 silly config load:file:/Users/lore/Desktop/work/wf_projects/mozambique-portal/.npmrc
5 silly config load:file:/Users/lore/.npmrc
6 silly config load:file:/opt/homebrew/Cellar/node/25.4.0/etc/npmrc
7 verbose title npm install @radix-ui/react-hover-card @radix-ui/react-tooltip @radix-ui/react-popover
8 verbose argv "install" "--cache" "./.npm-cache" "@radix-ui/react-hover-card" "@radix-ui/react-tooltip" "@radix-ui/react-popover"
9 verbose logfile logs-max:10 dir:/Users/lore/Desktop/work/wf_projects/mozambique-portal/.npm-cache/_logs/2026-01-28T12_11_00_896Z-
10 verbose logfile /Users/lore/Desktop/work/wf_projects/mozambique-portal/.npm-cache/_logs/2026-01-28T12_11_00_896Z-debug-0.log
11 silly logfile done cleaning log files
12 silly packumentCache heap:4496293888 maxSize:1124073472 maxEntrySize:562036736
13 silly idealTree buildDeps
14 silly fetch manifest @radix-ui/react-hover-card@*
15 silly packumentCache full:https://registry.npmjs.org/@radix-ui%2freact-hover-card cache-miss
16 http fetch GET 200 https://registry.npmjs.org/@radix-ui%2freact-hover-card 200ms (cache miss)
17 silly packumentCache full:https://registry.npmjs.org/@radix-ui%2freact-hover-card set size:undefined disposed:false
18 silly fetch manifest @types/react@*
19 silly packumentCache full:https://registry.npmjs.org/@types%2freact cache-miss
20 http fetch GET 200 https://registry.npmjs.org/npm 355ms
21 http fetch GET 200 https://registry.npmjs.org/@types%2freact 72ms (cache miss)
22 silly packumentCache full:https://registry.npmjs.org/@types%2freact set size:undefined disposed:false
23 silly fetch manifest @types/react-dom@*
24 silly packumentCache full:https://registry.npmjs.org/@types%2freact-dom cache-miss
25 http fetch GET 200 https://registry.npmjs.org/@types%2freact-dom 563ms (cache miss)
26 silly packumentCache full:https://registry.npmjs.org/@types%2freact-dom set size:undefined disposed:false
27 silly fetch manifest react@18.2.0
28 silly packumentCache full:https://registry.npmjs.org/react cache-miss
29 http fetch GET 200 https://registry.npmjs.org/react 115ms (cache miss)
30 silly packumentCache full:https://registry.npmjs.org/react set size:undefined disposed:false
31 silly fetch manifest react-dom@18.2.0
32 silly packumentCache full:https://registry.npmjs.org/react-dom cache-miss
33 http fetch GET 200 https://registry.npmjs.org/react-dom 149ms (cache miss)
34 silly packumentCache full:https://registry.npmjs.org/react-dom set size:undefined disposed:false
35 silly fetch manifest @radix-ui/react-tooltip@*
36 silly packumentCache full:https://registry.npmjs.org/@radix-ui%2freact-tooltip cache-miss
37 http fetch GET 200 https://registry.npmjs.org/@radix-ui%2freact-tooltip 470ms (cache miss)
38 silly packumentCache full:https://registry.npmjs.org/@radix-ui%2freact-tooltip set size:undefined disposed:false
39 silly fetch manifest @radix-ui/react-popover@*
40 silly packumentCache full:https://registry.npmjs.org/@radix-ui%2freact-popover cache-miss
41 http fetch GET 200 https://registry.npmjs.org/@radix-ui%2freact-popover 275ms (cache miss)
42 silly packumentCache full:https://registry.npmjs.org/@radix-ui%2freact-popover set size:undefined disposed:false
43 silly placeDep ROOT @radix-ui/react-hover-card@1.1.15 OK for: mozambique-portal@1.3.0 want: *
44 silly placeDep ROOT @radix-ui/react-popover@1.1.15 OK for: mozambique-portal@1.3.0 want: *
45 silly placeDep ROOT @radix-ui/react-tooltip@1.2.8 OK for: mozambique-portal@1.3.0 want: *
46 silly fetch manifest @radix-ui/react-context@1.1.2
47 silly packumentCache full:https://registry.npmjs.org/@radix-ui%2freact-context cache-miss
48 silly fetch manifest @radix-ui/react-primitive@2.1.3
49 silly packumentCache full:https://registry.npmjs.org/@radix-ui%2freact-primitive cache-miss
50 silly fetch manifest @radix-ui/react-slot@1.2.3
51 silly packumentCache full:https://registry.npmjs.org/@radix-ui%2freact-slot cache-miss
52 silly fetch manifest @radix-ui/react-context@1.1.2
53 silly packumentCache full:https://registry.npmjs.org/@radix-ui%2freact-context cache-miss
54 silly fetch manifest @radix-ui/react-primitive@2.1.3
55 silly packumentCache full:https://registry.npmjs.org/@radix-ui%2freact-primitive cache-miss
56 silly fetch manifest @radix-ui/react-slot@1.2.3
57 silly packumentCache full:https://registry.npmjs.org/@radix-ui%2freact-slot cache-miss
58 silly fetch manifest @radix-ui/react-context@1.1.2
59 silly packumentCache full:https://registry.npmjs.org/@radix-ui%2freact-context cache-miss
60 silly fetch manifest @radix-ui/react-primitive@2.1.3
61 silly packumentCache full:https://registry.npmjs.org/@radix-ui%2freact-primitive cache-miss
62 http fetch GET 200 https://registry.npmjs.org/@radix-ui%2freact-primitive 68ms (cache miss)
63 silly packumentCache full:https://registry.npmjs.org/@radix-ui%2freact-primitive set size:undefined disposed:false
64 http fetch GET 200 https://registry.npmjs.org/@radix-ui%2freact-context 73ms (cache miss)
65 silly packumentCache full:https://registry.npmjs.org/@radix-ui%2freact-context set size:undefined disposed:false
66 http fetch GET 200 https://registry.npmjs.org/@radix-ui%2freact-context 127ms (cache miss)
67 silly packumentCache full:https://registry.npmjs.org/@radix-ui%2freact-context set size:undefined disposed:false
68 http fetch GET 200 https://registry.npmjs.org/@radix-ui%2freact-slot 133ms (cache miss)
69 silly packumentCache full:https://registry.npmjs.org/@radix-ui%2freact-slot set size:undefined disposed:false
70 http fetch GET 200 https://registry.npmjs.org/@radix-ui%2freact-primitive 141ms (cache miss)
71 silly packumentCache full:https://registry.npmjs.org/@radix-ui%2freact-primitive set size:undefined disposed:false
72 http fetch GET 200 https://registry.npmjs.org/@radix-ui%2freact-slot 143ms (cache miss)
73 silly packumentCache full:https://registry.npmjs.org/@radix-ui%2freact-slot set size:undefined disposed:false
74 http fetch GET 200 https://registry.npmjs.org/@radix-ui%2freact-primitive 145ms (cache miss)
75 silly packumentCache full:https://registry.npmjs.org/@radix-ui%2freact-primitive set size:undefined disposed:false
76 http fetch GET 200 https://registry.npmjs.org/@radix-ui%2freact-context 149ms (cache miss)
77 silly packumentCache full:https://registry.npmjs.org/@radix-ui%2freact-context set size:undefined disposed:false
78 silly fetch manifest react@^16.8 || ^17.0 || ^18.0 || ^19.0 || ^19.0.0-rc
79 silly packumentCache full:https://registry.npmjs.org/react cache-miss
80 http cache https://registry.npmjs.org/react 10ms (cache hit)
81 silly packumentCache full:https://registry.npmjs.org/react set size:6427064 disposed:false
82 silly fetch manifest react-dom@^16.8 || ^17.0 || ^18.0 || ^19.0 || ^19.0.0-rc
83 silly packumentCache full:https://registry.npmjs.org/react-dom cache-miss
84 http cache https://registry.npmjs.org/react-dom 9ms (cache hit)
85 silly packumentCache full:https://registry.npmjs.org/react-dom set size:8482254 disposed:false
86 silly placeDep node_modules/@radix-ui/react-hover-card @radix-ui/react-context@1.1.2 OK for: @radix-ui/react-hover-card@1.1.15 want: 1.1.2
87 silly placeDep node_modules/@radix-ui/react-hover-card @radix-ui/react-primitive@2.1.3 OK for: @radix-ui/react-hover-card@1.1.15 want: 2.1.3
88 silly placeDep node_modules/@radix-ui/react-popover @radix-ui/react-context@1.1.2 OK for: @radix-ui/react-popover@1.1.15 want: 1.1.2
89 silly placeDep node_modules/@radix-ui/react-popover @radix-ui/react-primitive@2.1.3 OK for: @radix-ui/react-popover@1.1.15 want: 2.1.3
90 silly placeDep node_modules/@radix-ui/react-popover @radix-ui/react-slot@1.2.3 OK for: @radix-ui/react-popover@1.1.15 want: 1.2.3
91 silly placeDep node_modules/@radix-ui/react-tooltip @radix-ui/react-context@1.1.2 OK for: @radix-ui/react-tooltip@1.2.8 want: 1.1.2
92 silly placeDep node_modules/@radix-ui/react-tooltip @radix-ui/react-primitive@2.1.3 OK for: @radix-ui/react-tooltip@1.2.8 want: 2.1.3
93 silly placeDep node_modules/@radix-ui/react-tooltip @radix-ui/react-slot@1.2.3 OK for: @radix-ui/react-tooltip@1.2.8 want: 1.2.3
94 silly placeDep node_modules/@radix-ui/react-hover-card @radix-ui/react-slot@1.2.3 OK for: @radix-ui/react-primitive@2.1.3 want: 1.2.3
95 silly reify moves {}
96 silly audit bulk request {
96 silly audit   '@antfu/ni': [ '25.0.0' ],
96 silly audit   '@babel/code-frame': [ '7.28.6' ],
96 silly audit   '@babel/compat-data': [ '7.28.6' ],
96 silly audit   '@babel/core': [ '7.28.6' ],
96 silly audit   '@babel/generator': [ '7.28.6' ],
96 silly audit   '@babel/helper-annotate-as-pure': [ '7.27.3' ],
96 silly audit   '@babel/helper-compilation-targets': [ '7.28.6' ],
96 silly audit   '@babel/helper-create-class-features-plugin': [ '7.28.6' ],
96 silly audit   '@babel/helper-globals': [ '7.28.0' ],
96 silly audit   '@babel/helper-member-expression-to-functions': [ '7.28.5' ],
96 silly audit   '@babel/helper-module-imports': [ '7.28.6' ],
96 silly audit   '@babel/helper-module-transforms': [ '7.28.6' ],
96 silly audit   '@babel/helper-optimise-call-expression': [ '7.27.1' ],
96 silly audit   '@babel/helper-plugin-utils': [ '7.28.6' ],
96 silly audit   '@babel/helper-replace-supers': [ '7.28.6' ],
96 silly audit   '@babel/helper-skip-transparent-expression-wrappers': [ '7.27.1' ],
96 silly audit   '@babel/helper-string-parser': [ '7.27.1' ],
96 silly audit   '@babel/helper-validator-identifier': [ '7.28.5' ],
96 silly audit   '@babel/helper-validator-option': [ '7.27.1' ],
96 silly audit   '@babel/helpers': [ '7.28.6' ],
96 silly audit   '@babel/parser': [ '7.28.6' ],
96 silly audit   '@babel/plugin-proposal-private-property-in-object': [ '7.21.11' ],
96 silly audit   '@babel/plugin-syntax-jsx': [ '7.28.6' ],
96 silly audit   '@babel/plugin-syntax-private-property-in-object': [ '7.14.5' ],
96 silly audit   '@babel/plugin-syntax-typescript': [ '7.28.6' ],
96 silly audit   '@babel/plugin-transform-modules-commonjs': [ '7.28.6' ],
96 silly audit   '@babel/plugin-transform-react-jsx-self': [ '7.25.9' ],
96 silly audit   '@babel/plugin-transform-react-jsx-source': [ '7.25.9' ],
96 silly audit   '@babel/plugin-transform-typescript': [ '7.28.6' ],
96 silly audit   '@babel/preset-typescript': [ '7.28.5' ],
96 silly audit   '@babel/runtime': [ '7.26.7' ],
96 silly audit   '@babel/template': [ '7.28.6' ],
96 silly audit   '@babel/traverse': [ '7.28.6' ],
96 silly audit   '@babel/types': [ '7.28.6' ],
96 silly audit   '@deck.gl/aggregation-layers': [ '8.9.32' ],
96 silly audit   '@deck.gl/carto': [ '8.9.32' ],
96 silly audit   '@deck.gl/core': [ '8.9.32' ],
96 silly audit   '@deck.gl/extensions': [ '8.9.32' ],
96 silly audit   '@deck.gl/geo-layers': [ '8.9.32' ],
96 silly audit   '@deck.gl/google-maps': [ '8.9.32' ],
96 silly audit   '@deck.gl/json': [ '8.9.32' ],
96 silly audit   '@deck.gl/layers': [ '8.9.32' ],
96 silly audit   '@deck.gl/mapbox': [ '8.9.32' ],
96 silly audit   '@deck.gl/mesh-layers': [ '8.9.32' ],
96 silly audit   '@deck.gl/react': [ '8.9.32' ],
96 silly audit   '@dotenvx/dotenvx': [ '1.52.0' ],
96 silly audit   commander: [ '11.1.0', '2.20.3', '14.0.2' ],
96 silly audit   dotenv: [ '17.2.3', '16.4.7' ],
96 silly audit   execa: [ '5.1.1', '9.6.1' ],
96 silly audit   'human-signals': [ '2.1.0', '8.0.1' ],
96 silly audit   'is-stream': [ '2.0.1', '4.0.1' ],
96 silly audit   isexe: [ '3.1.1', '2.0.0' ],
96 silly audit   'npm-run-path': [ '4.0.1', '6.0.0' ],
96 silly audit   onetime: [ '5.1.2', '7.0.0' ],
96 silly audit   'signal-exit': [ '3.0.7', '4.1.0' ],
96 silly audit   'strip-final-newline': [ '2.0.0', '4.0.0' ],
96 silly audit   which: [ '4.0.0', '2.0.2' ],
96 silly audit   '@ecies/ciphers': [ '0.2.5' ],
96 silly audit   '@esbuild/aix-ppc64': [ '0.21.5' ],
96 silly audit   '@esbuild/android-arm': [ '0.21.5' ],
96 silly audit   '@esbuild/android-arm64': [ '0.21.5' ],
96 silly audit   '@esbuild/android-x64': [ '0.21.5' ],
96 silly audit   '@esbuild/darwin-arm64': [ '0.21.5' ],
96 silly audit   '@esbuild/darwin-x64': [ '0.21.5' ],
96 silly audit   '@esbuild/freebsd-arm64': [ '0.21.5' ],
96 silly audit   '@esbuild/freebsd-x64': [ '0.21.5' ],
96 silly audit   '@esbuild/linux-arm': [ '0.21.5' ],
96 silly audit   '@esbuild/linux-arm64': [ '0.21.5' ],
96 silly audit   '@esbuild/linux-ia32': [ '0.21.5' ],
96 silly audit   '@esbuild/linux-loong64': [ '0.21.5' ],
96 silly audit   '@esbuild/linux-mips64el': [ '0.21.5' ],
96 silly audit   '@esbuild/linux-ppc64': [ '0.21.5' ],
96 silly audit   '@esbuild/linux-riscv64': [ '0.21.5' ],
96 silly audit   '@esbuild/linux-s390x': [ '0.21.5' ],
96 silly audit   '@esbuild/linux-x64': [ '0.21.5' ],
96 silly audit   '@esbuild/netbsd-x64': [ '0.21.5' ],
96 silly audit   '@esbuild/openbsd-x64': [ '0.21.5' ],
96 silly audit   '@esbuild/sunos-x64': [ '0.21.5' ],
96 silly audit   '@esbuild/win32-arm64': [ '0.21.5' ],
96 silly audit   '@esbuild/win32-ia32': [ '0.21.5' ],
96 silly audit   '@esbuild/win32-x64': [ '0.21.5' ],
96 silly audit   '@eslint-community/eslint-utils': [ '4.4.1' ],
96 silly audit   '@eslint-community/regexpp': [ '4.12.1' ],
96 silly audit   '@eslint/eslintrc': [ '2.1.4' ],
96 silly audit   ajv: [ '6.12.6', '8.17.1' ],
96 silly audit   globals: [ '13.24.0' ],
96 silly audit   'json-schema-traverse': [ '0.4.1', '1.0.0' ],
96 silly audit   '@eslint/js': [ '8.57.1' ],
96 silly audit   '@floating-ui/core': [ '1.7.4' ],
96 silly audit   '@floating-ui/dom': [ '1.7.5' ],
96 silly audit   '@floating-ui/react-dom': [ '2.1.7' ],
96 silly audit   '@floating-ui/utils': [ '0.2.10' ],
96 silly audit   '@hono/node-server': [ '1.19.9' ],
96 silly audit   '@humanwhocodes/config-array': [ '0.13.0' ],
96 silly audit   '@humanwhocodes/module-importer': [ '1.0.1' ],
96 silly audit   '@humanwhocodes/object-schema': [ '2.0.3' ],
96 silly audit   '@inquirer/ansi': [ '1.0.2' ],
96 silly audit   '@inquirer/confirm': [ '5.1.21' ],
96 silly audit   '@inquirer/core': [ '10.3.2' ],
96 silly audit   '@inquirer/figures': [ '1.0.15' ],
96 silly audit   '@inquirer/type': [ '3.0.10' ],
96 silly audit   '@isaacs/balanced-match': [ '4.0.1' ],
96 silly audit   '@isaacs/brace-expansion': [ '5.0.0' ],
96 silly audit   '@jridgewell/gen-mapping': [ '0.3.13' ],
96 silly audit   '@jridgewell/remapping': [ '2.3.5' ],
96 silly audit   '@jridgewell/resolve-uri': [ '3.1.2' ],
96 silly audit   '@jridgewell/sourcemap-codec': [ '1.5.5' ],
96 silly audit   '@jridgewell/trace-mapping': [ '0.3.31' ],
96 silly audit   '@loaders.gl/3d-tiles': [ '3.4.15' ],
96 silly audit   long: [ '5.2.4', '3.2.0' ],
96 silly audit   '@loaders.gl/core': [ '3.4.15' ],
96 silly audit   '@loaders.gl/draco': [ '3.4.15' ],
96 silly audit   '@loaders.gl/gis': [ '3.4.15' ],
96 silly audit   '@loaders.gl/gltf': [ '3.4.15' ],
96 silly audit   '@loaders.gl/images': [ '3.4.15' ],
96 silly audit   '@loaders.gl/loader-utils': [ '3.4.15' ],
96 silly audit   '@loaders.gl/math': [ '3.4.15' ],
96 silly audit   '@loaders.gl/mvt': [ '3.4.15' ],
96 silly audit   '@loaders.gl/schema': [ '3.4.15' ],
96 silly audit   '@loaders.gl/terrain': [ '3.4.15' ],
96 silly audit   '@loaders.gl/textures': [ '3.4.15' ],
96 silly audit   '@loaders.gl/tiles': [ '3.4.15' ],
96 silly audit   '@loaders.gl/wms': [ '3.4.15' ],
96 silly audit   '@loaders.gl/worker-utils': [ '3.4.15' ],
96 silly audit   '@loaders.gl/xml': [ '3.4.15' ],
96 silly audit   '@luma.gl/constants': [ '8.5.21' ],
96 silly audit   '@luma.gl/core': [ '8.5.21' ],
96 silly audit   '@luma.gl/engine': [ '8.5.21' ],
96 silly audit   '@luma.gl/experimental': [ '8.5.21' ],
96 silly audit   '@luma.gl/gltools': [ '8.5.21' ],
96 silly audit   '@luma.gl/shadertools': [ '8.5.21' ],
96 silly audit   '@luma.gl/webgl': [ '8.5.21' ],
96 silly audit   '@mapbox/geojson-rewind': [ '0.5.2' ],
96 silly audit   '@mapbox/jsonlint-lines-primitives': [ '2.0.2' ],
96 silly audit   '@mapbox/mapbox-gl-supported': [ '2.0.1' ],
96 silly audit   '@mapbox/martini': [ '0.2.0' ],
96 silly audit   '@mapbox/point-geometry': [ '0.1.0' ],
96 silly audit   '@mapbox/tile-cover': [ '3.0.1' ],
96 silly audit   '@mapbox/tiny-sdf': [ '2.0.6' ],
96 silly audit   '@mapbox/unitbezier': [ '0.0.1' ],
96 silly audit   '@mapbox/vector-tile': [ '1.3.1' ],
96 silly audit   '@mapbox/whoots-js': [ '3.1.0' ],
96 silly audit   '@maplibre/maplibre-gl-style-spec': [ '19.3.3' ],
96 silly audit   '@math.gl/core': [ '3.6.3' ],
96 silly audit   '@math.gl/culling': [ '3.6.3' ],
96 silly audit   '@math.gl/geospatial': [ '3.6.3' ],
96 silly audit   '@math.gl/polygon': [ '3.6.3' ],
96 silly audit   '@math.gl/sun': [ '3.6.3' ],
96 silly audit   '@math.gl/types': [ '3.6.3' ],
96 silly audit   '@math.gl/web-mercator': [ '3.6.3' ],
96 silly audit   '@modelcontextprotocol/sdk': [ '1.25.3' ],
96 silly audit   '@mongodb-js/saslprep': [ '1.2.0' ],
96 silly audit   '@mswjs/interceptors': [ '0.40.0' ],
96 silly audit   '@noble/ciphers': [ '1.3.0' ],
96 silly audit   '@noble/curves': [ '1.9.7' ],
96 silly audit   '@noble/hashes': [ '1.8.0' ],
96 silly audit   '@nodelib/fs.scandir': [ '2.1.5' ],
96 silly audit   '@nodelib/fs.stat': [ '2.0.5' ],
96 silly audit   '@nodelib/fs.walk': [ '1.2.8' ],
96 silly audit   '@open-draft/deferred-promise': [ '2.2.0' ],
96 silly audit   '@open-draft/logger': [ '0.3.0' ],
96 silly audit   '@open-draft/until': [ '2.1.0' ],
96 silly audit   '@popperjs/core': [ '2.11.8' ],
96 silly audit   '@probe.gl/env': [ '3.6.0' ],
96 silly audit   '@probe.gl/log': [ '3.6.0' ],
96 silly audit   '@probe.gl/stats': [ '3.6.0' ],
96 silly audit   '@radix-ui/number': [ '1.1.1' ],
96 silly audit   '@radix-ui/primitive': [ '1.1.3' ],
96 silly audit   '@radix-ui/react-arrow': [ '1.1.7' ],
96 silly audit   '@radix-ui/react-primitive': [ '2.1.3', '2.1.4' ],
96 silly audit   '@radix-ui/react-slot': [ '1.2.3', '1.2.4' ],
96 silly audit   '@radix-ui/react-avatar': [ '1.1.11' ],
96 silly audit   '@radix-ui/react-collection': [ '1.1.7' ],
96 silly audit   '@radix-ui/react-context': [ '1.1.2', '1.1.3' ],
96 silly audit   '@radix-ui/react-compose-refs': [ '1.1.2' ],
96 silly audit   '@radix-ui/react-dialog': [ '1.1.15' ],
96 silly audit   '@radix-ui/react-direction': [ '1.1.1' ],
96 silly audit   '@radix-ui/react-dismissable-layer': [ '1.1.11' ],
96 silly audit   '@radix-ui/react-dropdown-menu': [ '2.1.16' ],
96 silly audit   '@radix-ui/react-focus-guards': [ '1.1.3' ],
96 silly audit   '@radix-ui/react-focus-scope': [ '1.1.7' ],
96 silly audit   '@radix-ui/react-id': [ '1.1.1' ],
96 silly audit   '@radix-ui/react-menu': [ '2.1.16' ],
96 silly audit   '@radix-ui/react-popper': [ '1.2.8' ],
96 silly audit   '@radix-ui/react-portal': [ '1.1.9' ],
96 silly audit   '@radix-ui/react-presence': [ '1.1.5' ],
96 silly audit   '@radix-ui/react-roving-focus': [ '1.1.11' ],
96 silly audit   '@radix-ui/react-scroll-area': [ '1.2.10' ],
96 silly audit   '@radix-ui/react-select': [ '2.2.6' ],
96 silly audit   '@radix-ui/react-separator': [ '1.1.8' ],
96 silly audit   '@radix-ui/react-use-callback-ref': [ '1.1.1' ],
96 silly audit   '@radix-ui/react-use-controllable-state': [ '1.2.2' ],
96 silly audit   '@radix-ui/react-use-effect-event': [ '0.0.2' ],
96 silly audit   '@radix-ui/react-use-escape-keydown': [ '1.1.1' ],
96 silly audit   '@radix-ui/react-use-is-hydrated': [ '0.1.0' ],
96 silly audit   '@radix-ui/react-use-layout-effect': [ '1.1.1' ],
96 silly audit   '@radix-ui/react-use-previous': [ '1.1.1' ],
96 silly audit   '@radix-ui/react-use-rect': [ '1.1.1' ],
96 silly audit   '@radix-ui/react-use-size': [ '1.1.1' ],
96 silly audit   '@radix-ui/react-visually-hidden': [ '1.2.3' ],
96 silly audit   '@radix-ui/rect': [ '1.1.1' ],
96 silly audit   '@remix-run/router': [ '1.15.1' ],
96 silly audit   '@rollup/rollup-android-arm-eabi': [ '4.34.8' ],
96 silly audit   '@rollup/rollup-android-arm64': [ '4.34.8' ],
96 silly audit   '@rollup/rollup-darwin-arm64': [ '4.34.8' ],
96 silly audit   '@rollup/rollup-darwin-x64': [ '4.34.8' ],
96 silly audit   '@rollup/rollup-freebsd-arm64': [ '4.34.8' ],
96 silly audit   '@rollup/rollup-freebsd-x64': [ '4.34.8' ],
96 silly audit   '@rollup/rollup-linux-arm-gnueabihf': [ '4.34.8' ],
96 silly audit   '@rollup/rollup-linux-arm-musleabihf': [ '4.34.8' ],
96 silly audit   '@rollup/rollup-linux-arm64-gnu': [ '4.34.8' ],
96 silly audit   '@rollup/rollup-linux-arm64-musl': [ '4.34.8' ],
96 silly audit   '@rollup/rollup-linux-loongarch64-gnu': [ '4.34.8' ],
96 silly audit   '@rollup/rollup-linux-powerpc64le-gnu': [ '4.34.8' ],
96 silly audit   '@rollup/rollup-linux-riscv64-gnu': [ '4.34.8' ],
96 silly audit   '@rollup/rollup-linux-s390x-gnu': [ '4.34.8' ],
96 silly audit   '@rollup/rollup-linux-x64-gnu': [ '4.34.8' ],
96 silly audit   '@rollup/rollup-linux-x64-musl': [ '4.34.8' ],
96 silly audit   '@rollup/rollup-win32-arm64-msvc': [ '4.34.8' ],
96 silly audit   '@rollup/rollup-win32-ia32-msvc': [ '4.34.8' ],
96 silly audit   '@rollup/rollup-win32-x64-msvc': [ '4.34.8' ],
96 silly audit   '@sec-ant/readable-stream': [ '0.4.1' ],
96 silly audit   '@sindresorhus/merge-streams': [ '4.0.0' ],
96 silly audit   '@tabler/core': [ '1.4.0' ],
96 silly audit   '@tabler/icons': [ '2.47.0' ],
96 silly audit   '@tabler/icons-react': [ '3.36.1' ],
96 silly audit   '@tanstack/react-table': [ '8.21.2' ],
96 silly audit   '@tanstack/table-core': [ '8.21.2' ],
96 silly audit   '@ts-morph/common': [ '0.27.0' ],
96 silly audit   minimatch: [ '10.1.1', '3.1.2' ],
96 silly audit   '@turf/boolean-clockwise': [ '5.1.5' ],
96 silly audit   '@turf/clone': [ '5.1.5' ],
96 silly audit   '@turf/helpers': [ '5.1.5' ],
96 silly audit   '@turf/invariant': [ '5.2.0' ],
96 silly audit   '@turf/meta': [ '5.2.0' ],
96 silly audit   '@turf/rewind': [ '5.1.5' ],
96 silly audit   '@types/babel__core': [ '7.20.5' ],
96 silly audit   '@types/babel__generator': [ '7.6.8' ],
96 silly audit   '@types/babel__template': [ '7.4.4' ],
96 silly audit   '@types/babel__traverse': [ '7.20.6' ],
96 silly audit   '@types/estree': [ '1.0.6' ],
96 silly audit   '@types/geojson': [ '7946.0.16' ],
96 silly audit   '@types/hammerjs': [ '2.0.46' ],
96 silly audit   '@types/mapbox-gl': [ '2.7.21' ],
96 silly audit   '@types/offscreencanvas': [ '2019.7.3' ],
96 silly audit   '@types/prop-types': [ '15.7.14' ],
96 silly audit   '@types/react': [ '18.3.18' ],
96 silly audit   '@types/statuses': [ '2.0.6' ],
96 silly audit   '@types/validate-npm-package-name': [ '4.0.2' ],
96 silly audit   '@types/webidl-conversions': [ '7.0.3' ],
96 silly audit   '@types/whatwg-url': [ '11.0.5' ],
96 silly audit   '@ungap/structured-clone': [ '1.3.0' ],
96 silly audit   '@vitejs/plugin-react': [ '4.3.4' ],
96 silly audit   'react-refresh': [ '0.14.2' ],
96 silly audit   '@yr/monotone-cubic-spline': [ '1.0.3' ],
96 silly audit   accepts: [ '2.0.0' ],
96 silly audit   acorn: [ '8.14.0' ],
96 silly audit   'acorn-jsx': [ '5.3.2' ],
96 silly audit   'agent-base': [ '7.1.4' ],
96 silly audit   'ajv-formats': [ '3.0.1' ],
96 silly audit   'ansi-regex': [ '5.0.1', '6.2.2' ],
96 silly audit   'ansi-styles': [ '4.3.0' ],
96 silly audit   ansis: [ '4.2.0' ],
96 silly audit   apexcharts: [ '3.45.2' ],
96 silly audit   argparse: [ '1.0.10', '2.0.1' ],
96 silly audit   'aria-hidden': [ '1.2.6' ],
96 silly audit   'aria-query': [ '5.3.2' ],
96 silly audit   'arr-union': [ '3.1.0' ],
96 silly audit   'array-buffer-byte-length': [ '1.0.2' ],
96 silly audit   'array-includes': [ '3.1.8' ],
96 silly audit   'array.prototype.findlast': [ '1.2.5' ],
96 silly audit   'array.prototype.flat': [ '1.3.3' ],
96 silly audit   'array.prototype.flatmap': [ '1.3.3' ],
96 silly audit   'array.prototype.tosorted': [ '1.1.4' ],
96 silly audit   'arraybuffer.prototype.slice': [ '1.0.4' ],
96 silly audit   'assign-symbols': [ '1.0.0' ],
96 silly audit   'ast-types': [ '0.16.1' ],
96 silly audit   'ast-types-flow': [ '0.0.8' ],
96 silly audit   'async-function': [ '1.0.0' ],
96 silly audit   autoprefixer: [ '10.4.23' ],
96 silly audit   'available-typed-arrays': [ '1.0.7' ],
96 silly audit   'axe-core': [ '4.10.2' ],
96 silly audit   'axobject-query': [ '4.1.0' ],
96 silly audit   'balanced-match': [ '1.0.2' ],
96 silly audit   'baseline-browser-mapping': [ '2.9.18' ],
96 silly audit   'body-parser': [ '2.2.2' ],
96 silly audit   'iconv-lite': [ '0.7.2', '0.4.24' ],
96 silly audit   bootstrap: [ '5.3.7' ],
96 silly audit   'brace-expansion': [ '1.1.11' ],
96 silly audit   braces: [ '3.0.3' ],
96 silly audit   browserslist: [ '4.28.1' ],
96 silly audit   bson: [ '6.10.2' ],
96 silly audit   'buf-compare': [ '1.0.1' ],
96 silly audit   'bundle-name': [ '4.1.0' ],
96 silly audit   bytes: [ '3.1.2' ],
96 silly audit   bytewise: [ '1.1.0' ],
96 silly audit   'bytewise-core': [ '1.2.3' ],
96 silly audit   'call-bind': [ '1.0.8' ],
96 silly audit   'call-bind-apply-helpers': [ '1.0.1' ],
96 silly audit   'call-bound': [ '1.0.3' ],
96 silly audit   callsites: [ '3.1.0' ],
96 silly audit   'caniuse-lite': [ '1.0.30001766' ],
96 silly audit   cartocolor: [ '4.0.2' ],
96 silly audit   chalk: [ '5.6.2', '4.1.2' ],
96 silly audit   'class-variance-authority': [ '0.7.1' ],
96 silly audit   'cli-cursor': [ '5.0.0' ],
96 silly audit   'cli-spinners': [ '2.9.2' ],
96 silly audit   'cli-width': [ '4.1.0' ],
96 silly audit   cliui: [ '8.0.1' ],
96 silly audit   'emoji-regex': [ '8.0.0', '9.2.2', '10.6.0' ],
96 silly audit   'string-width': [ '4.2.3', '7.2.0' ],
96 silly audit   'wrap-ansi': [ '7.0.0', '6.2.0' ],
96 silly audit   clsx: [ '2.1.1' ],
96 silly audit   'code-block-writer': [ '13.0.3' ],
96 silly audit   'color-convert': [ '2.0.1' ],
96 silly audit   'color-name': [ '1.1.4' ],
96 silly audit   colorbrewer: [ '1.0.0' ],
96 silly audit   'concat-map': [ '0.0.1' ],
96 silly audit   'content-disposition': [ '1.0.1' ],
96 silly audit   'content-type': [ '1.0.5' ],
96 silly audit   'convert-source-map': [ '2.0.0' ],
96 silly audit   cookie: [ '0.7.2', '1.1.1' ],
96 silly audit   'cookie-signature': [ '1.2.2' ],
96 silly audit   'core-assert': [ '0.2.1' ],
96 silly audit   cors: [ '2.8.6' ],
96 silly audit   cosmiconfig: [ '9.0.0' ],
96 silly audit   'cross-spawn': [ '7.0.6' ],
96 silly audit   csscolorparser: [ '1.0.3' ],
96 silly audit   cssesc: [ '3.0.0' ],
96 silly audit   csstype: [ '3.1.3' ],
96 silly audit   'd3-array': [ '3.2.4' ],
96 silly audit   'd3-color': [ '3.1.0' ],
96 silly audit   'd3-dsv': [ '1.2.0' ],
96 silly audit   'd3-format': [ '3.1.0' ],
96 silly audit   'd3-hexbin': [ '0.2.2' ],
96 silly audit   'd3-interpolate': [ '3.0.1' ],
96 silly audit   'd3-scale': [ '4.0.2' ],
96 silly audit   'd3-time': [ '3.1.0' ],
96 silly audit   'd3-time-format': [ '4.1.0' ],
96 silly audit   'damerau-levenshtein': [ '1.0.8' ],
96 silly audit   'data-uri-to-buffer': [ '4.0.1' ],
96 silly audit   'data-view-buffer': [ '1.0.2' ],
96 silly audit   'data-view-byte-length': [ '1.0.2' ],
96 silly audit   'data-view-byte-offset': [ '1.0.1' ],
96 silly audit   debug: [ '4.4.3' ],
96 silly audit   'deck.gl': [ '8.9.32' ],
96 silly audit   dedent: [ '1.7.1' ],
96 silly audit   'deep-is': [ '0.1.4' ],
96 silly audit   'deep-strict-equal': [ '0.2.0' ],
96 silly audit   deepmerge: [ '4.3.1' ],
96 silly audit   'default-browser': [ '5.4.0' ],
96 silly audit   'default-browser-id': [ '5.0.1' ],
96 silly audit   'define-data-property': [ '1.1.4' ],
96 silly audit   'define-lazy-prop': [ '3.0.0' ],
96 silly audit   'define-properties': [ '1.2.1' ],
96 silly audit   depd: [ '2.0.0' ],
96 silly audit   'detect-node-es': [ '1.1.0' ],
96 silly audit   diff: [ '8.0.3' ],
96 silly audit   doctrine: [ '3.0.0', '2.1.0' ],
96 silly audit   draco3d: [ '1.5.5' ],
96 silly audit   'dunder-proto': [ '1.0.1' ],
96 silly audit   earcut: [ '2.2.4' ],
96 silly audit   eciesjs: [ '0.4.17' ],
96 silly audit   'ee-first': [ '1.1.1' ],
96 silly audit   'electron-to-chromium': [ '1.5.279' ],
96 silly audit   encodeurl: [ '2.0.0' ],
96 silly audit   'env-paths': [ '2.2.1' ],
96 silly audit   'error-ex': [ '1.3.4' ],
96 silly audit   'es-abstract': [ '1.23.9' ],
96 silly audit   'es-define-property': [ '1.0.1' ],
96 silly audit   'es-errors': [ '1.3.0' ],
96 silly audit   'es-iterator-helpers': [ '1.2.1' ],
96 silly audit   'es-object-atoms': [ '1.1.1' ],
96 silly audit   'es-set-tostringtag': [ '2.1.0' ],
96 silly audit   'es-shim-unscopables': [ '1.1.0' ],
96 silly audit   'es-to-primitive': [ '1.3.0' ],
96 silly audit   esbuild: [ '0.21.5' ],
96 silly audit   escalade: [ '3.2.0' ],
96 silly audit   'escape-html': [ '1.0.3' ],
96 silly audit   'escape-string-regexp': [ '4.0.0' ],
96 silly audit   eslint: [ '8.57.1' ],
96 silly audit   'eslint-config-prettier': [ '9.1.0' ],
96 silly audit   'eslint-plugin-jsx-a11y': [ '6.10.2' ],
96 silly audit   'eslint-plugin-react': [ '7.37.4' ],
96 silly audit   'eslint-plugin-react-hooks': [ '4.6.2' ],
96 silly audit   'eslint-scope': [ '7.2.2' ],
96 silly audit   'eslint-visitor-keys': [ '3.4.3' ],
96 silly audit   'glob-parent': [ '6.0.2', '5.1.2' ],
96 silly audit   espree: [ '9.6.1' ],
96 silly audit   esprima: [ '4.0.1' ],
96 silly audit   esquery: [ '1.6.0' ],
96 silly audit   esrecurse: [ '4.3.0' ],
96 silly audit   estraverse: [ '5.3.0' ],
96 silly audit   esutils: [ '2.0.3' ],
96 silly audit   etag: [ '1.8.1' ],
96 silly audit   eventsource: [ '3.0.7' ],
96 silly audit   'eventsource-parser': [ '3.0.6' ],
96 silly audit   'get-stream': [ '9.0.1', '6.0.1' ],
96 silly audit   express: [ '5.2.1' ],
96 silly audit   'express-rate-limit': [ '7.5.1' ],
96 silly audit   'expression-eval': [ '2.1.0' ],
96 silly audit   'extend-shallow': [ '2.0.1', '3.0.2' ],
96 silly audit   'fast-deep-equal': [ '3.1.3' ],
96 silly audit   'fast-glob': [ '3.3.3' ],
96 silly audit   'fast-json-stable-stringify': [ '2.1.0' ],
96 silly audit   'fast-levenshtein': [ '2.0.6' ],
96 silly audit   'fast-uri': [ '3.1.0' ],
96 silly audit   'fast-xml-parser': [ '4.5.1' ],
96 silly audit   fastq: [ '1.19.0' ],
96 silly audit   fdir: [ '6.5.0' ],
96 silly audit   'fetch-blob': [ '3.2.0' ],
96 silly audit   figures: [ '6.1.0' ],
96 silly audit   'file-entry-cache': [ '6.0.1' ],
96 silly audit   'fill-range': [ '7.1.1' ],
96 silly audit   finalhandler: [ '2.1.1' ],
96 silly audit   'find-up': [ '5.0.0' ],
96 silly audit   'flat-cache': [ '3.2.0' ],
96 silly audit   flatted: [ '3.3.2' ],
96 silly audit   'for-each': [ '0.3.4' ],
96 silly audit   'formdata-polyfill': [ '4.0.10' ],
96 silly audit   forwarded: [ '0.2.0' ],
96 silly audit   'fraction.js': [ '5.3.4' ],
96 silly audit   fresh: [ '2.0.0' ],
96 silly audit   'fs-extra': [ '11.3.3' ],
96 silly audit   'fs.realpath': [ '1.0.0' ],
96 silly audit   fsevents: [ '2.3.3' ],
96 silly audit   'function-bind': [ '1.1.2' ],
96 silly audit   'function.prototype.name': [ '1.1.8' ],
96 silly audit   'functions-have-names': [ '1.2.3' ],
96 silly audit   fuzzysort: [ '3.1.0' ],
96 silly audit   fzf: [ '0.5.2' ],
96 silly audit   gensync: [ '1.0.0-beta.2' ],
96 silly audit   'geojson-vt': [ '3.2.1' ],
96 silly audit   'get-caller-file': [ '2.0.5' ],
96 silly audit   'get-east-asian-width': [ '1.4.0' ],
96 silly audit   'get-intrinsic': [ '1.2.7' ],
96 silly audit   'get-nonce': [ '1.0.1' ],
96 silly audit   'get-own-enumerable-keys': [ '1.0.0' ],
96 silly audit   'get-proto': [ '1.0.1' ],
96 silly audit   'get-symbol-description': [ '1.1.0' ],
96 silly audit   'get-value': [ '2.0.6' ],
96 silly audit   'gl-matrix': [ '3.4.3' ],
96 silly audit   glob: [ '7.2.3' ],
96 silly audit   globalthis: [ '1.0.4' ],
96 silly audit   gopd: [ '1.2.0' ],
96 silly audit   'graceful-fs': [ '4.2.11' ],
96 silly audit   graphemer: [ '1.4.0' ],
96 silly audit   graphql: [ '16.12.0' ],
96 silly audit   'grid-index': [ '1.1.0' ],
96 silly audit   'h3-js': [ '3.7.2' ],
96 silly audit   hammerjs: [ '2.0.8' ],
96 silly audit   'has-bigints': [ '1.1.0' ],
96 silly audit   'has-flag': [ '4.0.0' ],
96 silly audit   'has-property-descriptors': [ '1.0.2' ],
96 silly audit   'has-proto': [ '1.2.0' ],
96 silly audit   'has-symbols': [ '1.1.0' ],
96 silly audit   'has-tostringtag': [ '1.0.2' ],
96 silly audit   hasown: [ '2.0.2' ],
96 silly audit   'headers-polyfill': [ '4.0.3' ],
96 silly audit   hono: [ '4.11.7' ],
96 silly audit   'http-errors': [ '2.0.1' ],
96 silly audit   'https-proxy-agent': [ '7.0.6' ],
96 silly audit   ieee754: [ '1.2.1' ],
96 silly audit   ignore: [ '5.3.2' ],
96 silly audit   'image-size': [ '0.7.5' ],
96 silly audit   'import-fresh': [ '3.3.1' ],
96 silly audit   imurmurhash: [ '0.1.4' ],
96 silly audit   inflight: [ '1.0.6' ],
96 silly audit   inherits: [ '2.0.4' ],
96 silly audit   'internal-slot': [ '1.1.0' ],
96 silly audit   internmap: [ '2.0.3' ],
96 silly audit   'ipaddr.js': [ '1.9.1' ],
96 silly audit   'is-array-buffer': [ '3.0.5' ],
96 silly audit   'is-arrayish': [ '0.2.1' ],
96 silly audit   'is-async-function': [ '2.1.1' ],
96 silly audit   'is-bigint': [ '1.1.0' ],
96 silly audit   'is-boolean-object': [ '1.2.2' ],
96 silly audit   'is-callable': [ '1.2.7' ],
96 silly audit   'is-core-module': [ '2.16.1' ],
96 silly audit   'is-data-view': [ '1.0.2' ],
96 silly audit   'is-date-object': [ '1.1.0' ],
96 silly audit   'is-docker': [ '3.0.0' ],
96 silly audit   'is-error': [ '2.2.2' ],
96 silly audit   'is-extendable': [ '0.1.1', '1.0.1' ],
96 silly audit   'is-extglob': [ '2.1.1' ],
96 silly audit   'is-finalizationregistry': [ '1.1.1' ],
96 silly audit   'is-fullwidth-code-point': [ '3.0.0' ],
96 silly audit   'is-generator-function': [ '1.1.0' ],
96 silly audit   'is-glob': [ '4.0.3' ],
96 silly audit   'is-in-ssh': [ '1.0.0' ],
96 silly audit   'is-inside-container': [ '1.0.0' ],
96 silly audit   'is-interactive': [ '2.0.0' ],
96 silly audit   'is-map': [ '2.0.3' ],
96 silly audit   'is-node-process': [ '1.2.0' ],
96 silly audit   'is-number': [ '7.0.0' ],
96 silly audit   'is-number-object': [ '1.1.1' ],
96 silly audit   'is-obj': [ '3.0.0' ],
96 silly audit   'is-path-inside': [ '3.0.3' ],
96 silly audit   'is-plain-obj': [ '4.1.0' ],
96 silly audit   'is-plain-object': [ '2.0.4' ],
96 silly audit   'is-promise': [ '4.0.0' ],
96 silly audit   'is-regex': [ '1.2.1' ],
96 silly audit   'is-regexp': [ '3.1.0' ],
96 silly audit   'is-set': [ '2.0.3' ],
96 silly audit   'is-shared-array-buffer': [ '1.0.4' ],
96 silly audit   'is-string': [ '1.1.1' ],
96 silly audit   'is-symbol': [ '1.1.1' ],
96 silly audit   'is-typed-array': [ '1.1.15' ],
96 silly audit   'is-unicode-supported': [ '2.1.0', '1.3.0' ],
96 silly audit   'is-weakmap': [ '2.0.2' ],
96 silly audit   'is-weakref': [ '1.1.1' ],
96 silly audit   'is-weakset': [ '2.0.4' ],
96 silly audit   'is-wsl': [ '3.1.0' ],
96 silly audit   isarray: [ '2.0.5' ],
96 silly audit   isobject: [ '3.0.1' ],
96 silly audit   'iterator.prototype': [ '1.1.5' ],
96 silly audit   jose: [ '6.1.3' ],
96 silly audit   'js-tokens': [ '4.0.0' ],
96 silly audit   'js-yaml': [ '4.1.0' ],
96 silly audit   jsep: [ '0.3.5' ],
96 silly audit   jsesc: [ '3.1.0' ],
96 silly audit   'json-buffer': [ '3.0.1' ],
96 silly audit   'json-parse-even-better-errors': [ '2.3.1' ],
96 silly audit   'json-schema-typed': [ '8.0.2' ],
96 silly audit   'json-stable-stringify-without-jsonify': [ '1.0.1' ],
96 silly audit   'json-stringify-pretty-compact': [ '3.0.0' ],
96 silly audit   json5: [ '2.2.3' ],
96 silly audit   jsonfile: [ '6.2.0' ],
96 silly audit   'jsx-ast-utils': [ '3.3.5' ],
96 silly audit   kdbush: [ '4.0.2' ],
96 silly audit   keyv: [ '4.5.4' ],
96 silly audit   kleur: [ '4.1.5', '3.0.3' ],
96 silly audit   'ktx-parse': [ '0.0.4' ],
96 silly audit   'language-subtag-registry': [ '0.3.23' ],
96 silly audit   'language-tags': [ '1.0.9' ],
96 silly audit   lerc: [ '4.0.4' ],
96 silly audit   levn: [ '0.4.1' ],
96 silly audit   'lines-and-columns': [ '1.2.4' ],
96 silly audit   'locate-path': [ '6.0.0' ],
96 silly audit   'lodash.merge': [ '4.6.2' ],
96 silly audit   'log-symbols': [ '6.0.0' ],
96 silly audit   'loose-envify': [ '1.4.0' ],
96 silly audit   'lru-cache': [ '5.1.1' ],
96 silly audit   'lucide-react': [ '0.563.0' ],
96 silly audit   'mapbox-gl': [ '2.15.0' ],
96 silly audit   'math-intrinsics': [ '1.1.0' ],
96 silly audit   'math.gl': [ '3.6.3' ],
96 silly audit   'media-typer': [ '1.1.0' ],
96 silly audit   'memory-pager': [ '1.5.0' ],
96 silly audit   'merge-descriptors': [ '2.0.0' ],
96 silly audit   'merge-stream': [ '2.0.0' ],
96 silly audit   merge2: [ '1.4.1' ],
96 silly audit   micromatch: [ '4.0.8' ],
96 silly audit   picomatch: [ '2.3.1', '4.0.3' ],
96 silly audit   'mime-db': [ '1.54.0' ],
96 silly audit   'mime-types': [ '3.0.2' ],
96 silly audit   'mimic-fn': [ '2.1.0' ],
96 silly audit   'mimic-function': [ '5.0.1' ],
96 silly audit   minimist: [ '1.2.8' ],
96 silly audit   'mjolnir.js': [ '2.7.3' ],
96 silly audit   moment: [ '2.30.1' ],
96 silly audit   'moment-timezone': [ '0.5.47' ],
96 silly audit   mongodb: [ '6.13.0' ],
96 silly audit   'mongodb-connection-string-url': [ '3.0.2' ],
96 silly audit   tr46: [ '5.0.0' ],
96 silly audit   'webidl-conversions': [ '7.0.0' ],
96 silly audit   'whatwg-url': [ '14.1.0' ],
96 silly audit   ms: [ '2.1.3' ],
96 silly audit   msw: [ '2.12.7' ],
96 silly audit   'type-fest': [ '5.4.2', '0.20.2' ],
96 silly audit   'murmurhash-js': [ '1.0.0' ],
96 silly audit   'mute-stream': [ '2.0.0' ],
96 silly audit   nanoid: [ '3.3.11' ],
96 silly audit   'natural-compare': [ '1.4.0' ],
96 silly audit   negotiator: [ '1.0.0' ],
96 silly audit   'node-domexception': [ '1.0.0' ],
96 silly audit   'node-fetch': [ '3.3.2' ],
96 silly audit   'node-releases': [ '2.0.27' ],
96 silly audit   'path-key': [ '4.0.0', '3.1.1' ],
96 silly audit   'object-assign': [ '4.1.1' ],
96 silly audit   'object-inspect': [ '1.13.4' ],
96 silly audit   'object-keys': [ '1.1.1' ],
96 silly audit   'object-treeify': [ '1.1.33' ],
96 silly audit   'object.assign': [ '4.1.7' ],
96 silly audit   'object.entries': [ '1.1.8' ],
96 silly audit   'object.fromentries': [ '2.0.8' ],
96 silly audit   'object.values': [ '1.2.1' ],
96 silly audit   'on-finished': [ '2.4.1' ],
96 silly audit   once: [ '1.4.0' ],
96 silly audit   open: [ '11.0.0' ],
96 silly audit   optionator: [ '0.9.4' ],
96 silly audit   ora: [ '8.2.0' ],
96 silly audit   'strip-ansi': [ '7.1.2', '6.0.1' ],
96 silly audit   outvariant: [ '1.4.3' ],
96 silly audit   'own-keys': [ '1.0.1' ],
96 silly audit   'p-limit': [ '3.1.0' ],
96 silly audit   'p-locate': [ '5.0.0' ],
96 silly audit   'package-manager-detector': [ '1.6.0' ],
96 silly audit   'parent-module': [ '1.0.1' ],
96 silly audit   'parse-json': [ '5.2.0' ],
96 silly audit   'parse-ms': [ '4.0.0' ],
96 silly audit   parseurl: [ '1.3.3' ],
96 silly audit   'path-browserify': [ '1.0.1' ],
96 silly audit   'path-exists': [ '4.0.0' ],
96 silly audit   'path-is-absolute': [ '1.0.1' ],
96 silly audit   'path-parse': [ '1.0.7' ],
96 silly audit   'path-to-regexp': [ '6.3.0', '8.3.0' ],
96 silly audit   pbf: [ '3.3.0' ],
96 silly audit   picocolors: [ '1.1.1' ],
96 silly audit   'pkce-challenge': [ '5.0.1' ],
96 silly audit   'possible-typed-array-names': [ '1.0.0' ],
96 silly audit   postcss: [ '8.5.6' ],
96 silly audit   'postcss-selector-parser': [ '7.1.1' ],
96 silly audit   'postcss-value-parser': [ '4.2.0' ],
96 silly audit   potpack: [ '2.0.0' ],
96 silly audit   'powershell-utils': [ '0.1.0' ],
96 silly audit   'prelude-ls': [ '1.2.1' ],
96 silly audit   prettier: [ '3.5.1' ],
96 silly audit   'pretty-ms': [ '9.3.0' ],
96 silly audit   prompts: [ '2.4.2' ],
96 silly audit   'prop-types': [ '15.8.1' ],
96 silly audit   'react-is': [ '16.13.1' ],
96 silly audit   'protocol-buffers-schema': [ '3.6.0' ],
96 silly audit   'proxy-addr': [ '2.0.7' ],
96 silly audit   punycode: [ '2.3.1' ],
96 silly audit   qs: [ '6.14.1' ],
96 silly audit   quadbin: [ '0.1.9' ],
96 silly audit   'queue-microtask': [ '1.2.3' ],
96 silly audit   quickselect: [ '2.0.0' ],
96 silly audit   'range-parser': [ '1.2.1' ],
96 silly audit   'raw-body': [ '3.0.2' ],
96 silly audit   react: [ '18.2.0' ],
96 silly audit   'react-apexcharts': [ '1.4.1' ],
96 silly audit   'react-dom': [ '18.2.0' ],
96 silly audit   'react-map-gl': [ '7.1.7' ],
96 silly audit   'react-remove-scroll': [ '2.7.2' ],
96 silly audit   'react-remove-scroll-bar': [ '2.3.8' ],
96 silly audit   'react-router': [ '6.22.1' ],
96 silly audit   'react-router-dom': [ '6.22.1' ],
96 silly audit   'react-style-singleton': [ '2.2.3' ],
96 silly audit   recast: [ '0.23.11' ],
96 silly audit   'reflect.getprototypeof': [ '1.0.10' ],
96 silly audit   'regenerator-runtime': [ '0.14.1' ],
96 silly audit   'regexp.prototype.flags': [ '1.5.4' ],
96 silly audit   'require-directory': [ '2.1.1' ],
96 silly audit   'require-from-string': [ '2.0.2' ],
96 silly audit   resolve: [ '2.0.0-next.5' ],
96 silly audit   'resolve-from': [ '4.0.0' ],
96 silly audit   'resolve-protobuf-schema': [ '2.1.0' ],
96 silly audit   'restore-cursor': [ '5.1.0' ],
96 silly audit   rettime: [ '0.7.0' ],
96 silly audit   reusify: [ '1.0.4' ],
96 silly audit   rimraf: [ '3.0.2' ],
96 silly audit   router: [ '2.2.0' ],
96 silly audit   'run-applescript': [ '7.1.0' ],
96 silly audit   'run-parallel': [ '1.2.0' ],
96 silly audit   rw: [ '1.3.3' ],
96 silly audit   'safe-array-concat': [ '1.1.3' ],
96 silly audit   'safe-push-apply': [ '1.0.0' ],
96 silly audit   'safe-regex-test': [ '1.1.0' ],
96 silly audit   'safer-buffer': [ '2.1.2' ],
96 silly audit   scheduler: [ '0.23.2' ],
96 silly audit   semver: [ '6.3.1' ],
96 silly audit   send: [ '1.2.1' ],
96 silly audit   'serve-static': [ '2.2.1' ],
96 silly audit   'set-function-length': [ '1.2.2' ],
96 silly audit   'set-function-name': [ '2.0.2' ],
96 silly audit   'set-proto': [ '1.0.0' ],
96 silly audit   'set-value': [ '2.0.1' ],
96 silly audit   setprototypeof: [ '1.2.0' ],
96 silly audit   shadcn: [ '3.7.0' ],
96 silly audit   'shebang-command': [ '2.0.0' ],
96 silly audit   'shebang-regex': [ '3.0.0' ],
96 silly audit   'side-channel': [ '1.1.0' ],
96 silly audit   'side-channel-list': [ '1.0.0' ],
96 silly audit   'side-channel-map': [ '1.0.1' ],
96 silly audit   'side-channel-weakmap': [ '1.0.2' ],
96 silly audit   sisteransi: [ '1.0.5' ],
96 silly audit   'sort-asc': [ '0.2.0' ],
96 silly audit   'sort-desc': [ '0.2.0' ],
96 silly audit   'sort-object': [ '3.0.3' ],
96 silly audit   'source-map': [ '0.6.1' ],
96 silly audit   'source-map-js': [ '1.2.1' ],
96 silly audit   'sparse-bitfield': [ '3.0.3' ],
96 silly audit   'split-string': [ '3.1.0' ],
96 silly audit   'sprintf-js': [ '1.0.3' ],
96 silly audit   statuses: [ '2.0.2' ],
96 silly audit   'stdin-discarder': [ '0.2.2' ],
96 silly audit   'strict-event-emitter': [ '0.5.1' ],
96 silly audit   'string.prototype.includes': [ '2.0.1' ],
96 silly audit   'string.prototype.matchall': [ '4.0.12' ],
96 silly audit   'string.prototype.repeat': [ '1.0.0' ],
96 silly audit   'string.prototype.trim': [ '1.2.10' ],
96 silly audit   'string.prototype.trimend': [ '1.0.9' ],
96 silly audit   'string.prototype.trimstart': [ '1.0.8' ],
96 silly audit   'stringify-object': [ '5.0.0' ],
96 silly audit   'strip-bom': [ '3.0.0' ],
96 silly audit   'strip-json-comments': [ '3.1.1' ],
96 silly audit   strnum: [ '1.0.5' ],
96 silly audit   supercluster: [ '8.0.1' ],
96 silly audit   'supports-color': [ '7.2.0' ],
96 silly audit   'supports-preserve-symlinks-flag': [ '1.0.0' ],
96 silly audit   'svg.draggable.js': [ '2.2.2' ],
96 silly audit   'svg.easing.js': [ '2.0.0' ],
96 silly audit   'svg.filter.js': [ '2.0.2' ],
96 silly audit   'svg.js': [ '2.7.1' ],
96 silly audit   'svg.pathmorphing.js': [ '0.1.3' ],
96 silly audit   'svg.resize.js': [ '1.4.3' ],
96 silly audit   'svg.select.js': [ '2.1.2', '3.0.1' ],
96 silly audit   'tagged-tag': [ '1.0.0' ],
96 silly audit   'tailwind-merge': [ '3.4.0' ],
96 silly audit   tailwindcss: [ '4.1.18' ],
96 silly audit   'tailwindcss-animate': [ '1.0.7' ],
96 silly audit   'text-table': [ '0.2.0' ],
96 silly audit   'texture-compressor': [ '1.0.2' ],
96 silly audit   tilebelt: [ '1.0.1' ],
96 silly audit   'tiny-invariant': [ '1.3.3' ],
96 silly audit   tinyexec: [ '1.0.2' ],
96 silly audit   tinyqueue: [ '2.0.3' ],
96 silly audit   tldts: [ '7.0.19' ],
96 silly audit   'tldts-core': [ '7.0.19' ],
96 silly audit   'to-regex-range': [ '5.0.1' ],
96 silly audit   toidentifier: [ '1.0.1' ],
96 silly audit   'tough-cookie': [ '6.0.0' ],
96 silly audit   'ts-morph': [ '26.0.0' ],
96 silly audit   'tsconfig-paths': [ '4.2.0' ],
96 silly audit   tslib: [ '2.8.1' ],
96 silly audit   'type-check': [ '0.4.0' ],
96 silly audit   'type-is': [ '2.0.1' ],
96 silly audit   'typed-array-buffer': [ '1.0.3' ],
96 silly audit   'typed-array-byte-length': [ '1.0.3' ],
96 silly audit   'typed-array-byte-offset': [ '1.0.4' ],
96 silly audit   'typed-array-length': [ '1.0.7' ],
96 silly audit   typewise: [ '1.0.3' ],
96 silly audit   'typewise-core': [ '1.2.0' ],
96 silly audit   'unbox-primitive': [ '1.1.0' ],
96 silly audit   'unicorn-magic': [ '0.3.0' ],
96 silly audit   'union-value': [ '1.0.1' ],
96 silly audit   universalify: [ '2.0.1' ],
96 silly audit   unpipe: [ '1.0.0' ],
96 silly audit   'until-async': [ '3.0.2' ],
96 silly audit   'update-browserslist-db': [ '1.2.3' ],
96 silly audit   'uri-js': [ '4.4.1' ],
96 silly audit   'use-callback-ref': [ '1.3.3' ],
96 silly audit   'use-sidecar': [ '1.1.3' ],
96 silly audit   'use-sync-external-store': [ '1.6.0' ],
96 silly audit   'util-deprecate': [ '1.0.2' ],
96 silly audit   'validate-npm-package-name': [ '7.0.2' ],
96 silly audit   vary: [ '1.1.2' ],
96 silly audit   vite: [ '5.4.14' ],
96 silly audit   rollup: [ '4.34.8' ],
96 silly audit   'vt-pbf': [ '3.1.3' ],
96 silly audit   'web-streams-polyfill': [ '3.3.3' ],
96 silly audit   'which-boxed-primitive': [ '1.1.1' ],
96 silly audit   'which-builtin-type': [ '1.2.1' ],
96 silly audit   'which-collection': [ '1.0.2' ],
96 silly audit   'which-typed-array': [ '1.1.18' ],
96 silly audit   'word-wrap': [ '1.2.5' ],
96 silly audit   wrappy: [ '1.0.2' ],
96 silly audit   'wsl-utils': [ '0.3.1' ],
96 silly audit   y18n: [ '5.0.8' ],
96 silly audit   yallist: [ '3.1.1' ],
96 silly audit   yargs: [ '17.7.2' ],
96 silly audit   'yargs-parser': [ '21.1.1' ],
96 silly audit   'yocto-queue': [ '0.1.0' ],
96 silly audit   yoctocolors: [ '2.1.2' ],
96 silly audit   'yoctocolors-cjs': [ '2.1.3' ],
96 silly audit   zod: [ '3.25.76' ],
96 silly audit   'zod-to-json-schema': [ '3.25.1' ],
96 silly audit   '@radix-ui/react-hover-card': [ '1.1.15' ],
96 silly audit   '@radix-ui/react-popover': [ '1.1.15' ],
96 silly audit   '@radix-ui/react-tooltip': [ '1.2.8' ]
96 silly audit }
97 http cache @radix-ui/react-tooltip@https://registry.npmjs.org/@radix-ui/react-tooltip/-/react-tooltip-1.2.8.tgz 0ms (cache hit)
98 http cache @radix-ui/react-popover@https://registry.npmjs.org/@radix-ui/react-popover/-/react-popover-1.1.15.tgz 0ms (cache hit)
99 http cache @radix-ui/react-slot@https://registry.npmjs.org/@radix-ui/react-slot/-/react-slot-1.2.3.tgz 0ms (cache hit)
100 http cache @radix-ui/react-context@https://registry.npmjs.org/@radix-ui/react-context/-/react-context-1.1.2.tgz 0ms (cache hit)
101 http cache @radix-ui/react-slot@https://registry.npmjs.org/@radix-ui/react-slot/-/react-slot-1.2.3.tgz 0ms (cache hit)
102 http cache @radix-ui/react-primitive@https://registry.npmjs.org/@radix-ui/react-primitive/-/react-primitive-2.1.3.tgz 0ms (cache hit)
103 http cache @radix-ui/react-hover-card@https://registry.npmjs.org/@radix-ui/react-hover-card/-/react-hover-card-1.1.15.tgz 0ms (cache hit)
104 http cache @radix-ui/react-primitive@https://registry.npmjs.org/@radix-ui/react-primitive/-/react-primitive-2.1.3.tgz 0ms (cache hit)
105 http cache @radix-ui/react-context@https://registry.npmjs.org/@radix-ui/react-context/-/react-context-1.1.2.tgz 0ms (cache hit)
106 http cache @radix-ui/react-primitive@https://registry.npmjs.org/@radix-ui/react-primitive/-/react-primitive-2.1.3.tgz 0ms (cache hit)
107 http cache @radix-ui/react-context@https://registry.npmjs.org/@radix-ui/react-context/-/react-context-1.1.2.tgz 0ms (cache hit)
108 http cache @radix-ui/react-slot@https://registry.npmjs.org/@radix-ui/react-slot/-/react-slot-1.2.3.tgz 0ms (cache hit)
109 silly tarball no local data for @radix-ui/react-tooltip@https://registry.npmjs.org/@radix-ui/react-tooltip/-/react-tooltip-1.2.8.tgz. Extracting by manifest.
110 silly tarball no local data for @radix-ui/react-popover@https://registry.npmjs.org/@radix-ui/react-popover/-/react-popover-1.1.15.tgz. Extracting by manifest.
111 silly tarball no local data for @radix-ui/react-slot@https://registry.npmjs.org/@radix-ui/react-slot/-/react-slot-1.2.3.tgz. Extracting by manifest.
112 silly tarball no local data for @radix-ui/react-context@https://registry.npmjs.org/@radix-ui/react-context/-/react-context-1.1.2.tgz. Extracting by manifest.
113 silly tarball no local data for @radix-ui/react-slot@https://registry.npmjs.org/@radix-ui/react-slot/-/react-slot-1.2.3.tgz. Extracting by manifest.
114 silly tarball no local data for @radix-ui/react-primitive@https://registry.npmjs.org/@radix-ui/react-primitive/-/react-primitive-2.1.3.tgz. Extracting by manifest.
115 silly tarball no local data for @radix-ui/react-hover-card@https://registry.npmjs.org/@radix-ui/react-hover-card/-/react-hover-card-1.1.15.tgz. Extracting by manifest.
116 silly tarball no local data for @radix-ui/react-primitive@https://registry.npmjs.org/@radix-ui/react-primitive/-/react-primitive-2.1.3.tgz. Extracting by manifest.
117 silly tarball no local data for @radix-ui/react-context@https://registry.npmjs.org/@radix-ui/react-context/-/react-context-1.1.2.tgz. Extracting by manifest.
118 silly tarball no local data for @radix-ui/react-primitive@https://registry.npmjs.org/@radix-ui/react-primitive/-/react-primitive-2.1.3.tgz. Extracting by manifest.
119 silly tarball no local data for @radix-ui/react-context@https://registry.npmjs.org/@radix-ui/react-context/-/react-context-1.1.2.tgz. Extracting by manifest.
120 silly tarball no local data for @radix-ui/react-slot@https://registry.npmjs.org/@radix-ui/react-slot/-/react-slot-1.2.3.tgz. Extracting by manifest.
121 http fetch GET 200 https://registry.npmjs.org/@radix-ui/react-primitive/-/react-primitive-2.1.3.tgz 59ms (cache miss)
122 http fetch GET 200 https://registry.npmjs.org/@radix-ui/react-slot/-/react-slot-1.2.3.tgz 61ms (cache miss)
123 http fetch GET 200 https://registry.npmjs.org/@radix-ui/react-slot/-/react-slot-1.2.3.tgz 61ms (cache miss)
124 http fetch GET 200 https://registry.npmjs.org/@radix-ui/react-popover/-/react-popover-1.1.15.tgz 61ms (cache miss)
125 http fetch GET 200 https://registry.npmjs.org/@radix-ui/react-tooltip/-/react-tooltip-1.2.8.tgz 62ms (cache miss)
126 http fetch GET 200 https://registry.npmjs.org/@radix-ui/react-hover-card/-/react-hover-card-1.1.15.tgz 61ms (cache miss)
127 http fetch GET 200 https://registry.npmjs.org/@radix-ui/react-context/-/react-context-1.1.2.tgz 74ms (cache miss)
128 http fetch GET 200 https://registry.npmjs.org/@radix-ui/react-primitive/-/react-primitive-2.1.3.tgz 114ms (cache miss)
129 http fetch GET 200 https://registry.npmjs.org/@radix-ui/react-primitive/-/react-primitive-2.1.3.tgz 116ms (cache miss)
130 http fetch GET 200 https://registry.npmjs.org/@radix-ui/react-context/-/react-context-1.1.2.tgz 121ms (cache miss)
131 http fetch GET 200 https://registry.npmjs.org/@radix-ui/react-slot/-/react-slot-1.2.3.tgz 121ms (cache miss)
132 http fetch GET 200 https://registry.npmjs.org/@radix-ui/react-context/-/react-context-1.1.2.tgz 125ms (cache miss)
133 http fetch POST 200 https://registry.npmjs.org/-/npm/v1/security/advisories/bulk 267ms
134 silly audit report {
134 silly audit report   '@babel/runtime': [
134 silly audit report     {
134 silly audit report       id: 1104000,
134 silly audit report       url: 'https://github.com/advisories/GHSA-968p-4wvh-cqc8',
134 silly audit report       title: 'Babel has inefficient RegExp complexity in generated code with .replace when transpiling named capturing groups',
134 silly audit report       severity: 'moderate',
134 silly audit report       vulnerable_versions: '<7.26.10',
134 silly audit report       cwe: [Array],
134 silly audit report       cvss: [Object]
134 silly audit report     }
134 silly audit report   ],
134 silly audit report   '@remix-run/router': [
134 silly audit report     {
134 silly audit report       id: 1112052,
134 silly audit report       url: 'https://github.com/advisories/GHSA-2w69-qvjg-hvjx',
134 silly audit report       title: 'React Router vulnerable to XSS via Open Redirects',
134 silly audit report       severity: 'high',
134 silly audit report       vulnerable_versions: '<=1.23.1',
134 silly audit report       cwe: [Array],
134 silly audit report       cvss: [Object]
134 silly audit report     }
134 silly audit report   ],
134 silly audit report   'brace-expansion': [
134 silly audit report     {
134 silly audit report       id: 1105443,
134 silly audit report       url: 'https://github.com/advisories/GHSA-v6h2-p8h4-qcjw',
134 silly audit report       title: 'brace-expansion Regular Expression Denial of Service vulnerability',
134 silly audit report       severity: 'low',
134 silly audit report       vulnerable_versions: '>=1.0.0 <=1.1.11',
134 silly audit report       cwe: [Array],
134 silly audit report       cvss: [Object]
134 silly audit report     }
134 silly audit report   ],
134 silly audit report   esbuild: [
134 silly audit report     {
134 silly audit report       id: 1102341,
134 silly audit report       url: 'https://github.com/advisories/GHSA-67mh-4wv8-2f99',
134 silly audit report       title: 'esbuild enables any website to send any requests to the development server and read the response',
134 silly audit report       severity: 'moderate',
134 silly audit report       vulnerable_versions: '<=0.24.2',
134 silly audit report       cwe: [Array],
134 silly audit report       cvss: [Object]
134 silly audit report     }
134 silly audit report   ],
134 silly audit report   'js-yaml': [
134 silly audit report     {
134 silly audit report       id: 1109802,
134 silly audit report       url: 'https://github.com/advisories/GHSA-mh29-5h37-fv8m',
134 silly audit report       title: 'js-yaml has prototype pollution in merge (<<)',
134 silly audit report       severity: 'moderate',
134 silly audit report       vulnerable_versions: '>=4.0.0 <4.1.1',
134 silly audit report       cwe: [Array],
134 silly audit report       cvss: [Object]
134 silly audit report     }
134 silly audit report   ],
134 silly audit report   'react-router': [
134 silly audit report     {
134 silly audit report       id: 1112057,
134 silly audit report       url: 'https://github.com/advisories/GHSA-9jcx-v3wj-wh4m',
134 silly audit report       title: 'React Router has unexpected external redirect via untrusted paths',
134 silly audit report       severity: 'moderate',
134 silly audit report       vulnerable_versions: '>=6.0.0 <6.30.2',
134 silly audit report       cwe: [Array],
134 silly audit report       cvss: [Object]
134 silly audit report     }
134 silly audit report   ],
134 silly audit report   vite: [
134 silly audit report     {
134 silly audit report       id: 1103517,
134 silly audit report       url: 'https://github.com/advisories/GHSA-x574-m823-4x7w',
134 silly audit report       title: 'Vite bypasses server.fs.deny when using ?raw??',
134 silly audit report       severity: 'moderate',
134 silly audit report       vulnerable_versions: '>=5.0.0 <5.4.15',
134 silly audit report       cwe: [Array],
134 silly audit report       cvss: [Object]
134 silly audit report     },
134 silly audit report     {
134 silly audit report       id: 1103884,
134 silly audit report       url: 'https://github.com/advisories/GHSA-356w-63v5-8wf4',
134 silly audit report       title: 'Vite has an `server.fs.deny` bypass with an invalid `request-target`',
134 silly audit report       severity: 'moderate',
134 silly audit report       vulnerable_versions: '>=5.0.0 <5.4.18',
134 silly audit report       cwe: [Array],
134 silly audit report       cvss: [Object]
134 silly audit report     },
134 silly audit report     {
134 silly audit report       id: 1104173,
134 silly audit report       url: 'https://github.com/advisories/GHSA-859w-5945-r5v3',
134 silly audit report       title: "Vite's server.fs.deny bypassed with /. for files under project root",
134 silly audit report       severity: 'moderate',
134 silly audit report       vulnerable_versions: '>=5.0.0 <=5.4.18',
134 silly audit report       cwe: [Array],
134 silly audit report       cvss: [Object]
134 silly audit report     },
134 silly audit report     {
134 silly audit report       id: 1104202,
134 silly audit report       url: 'https://github.com/advisories/GHSA-xcj6-pq6g-qj4x',
134 silly audit report       title: 'Vite allows server.fs.deny to be bypassed with .svg or relative paths',
134 silly audit report       severity: 'moderate',
134 silly audit report       vulnerable_versions: '>=5.0.0 <5.4.17',
134 silly audit report       cwe: [Array],
134 silly audit report       cvss: [Object]
134 silly audit report     },
134 silly audit report     {
134 silly audit report       id: 1107323,
134 silly audit report       url: 'https://github.com/advisories/GHSA-g4jq-h2w9-997c',
134 silly audit report       title: 'Vite middleware may serve files starting with the same name with the public directory',
134 silly audit report       severity: 'low',
134 silly audit report       vulnerable_versions: '<=5.4.19',
134 silly audit report       cwe: [Array],
134 silly audit report       cvss: [Object]
134 silly audit report     },
134 silly audit report     {
134 silly audit report       id: 1107327,
134 silly audit report       url: 'https://github.com/advisories/GHSA-jqfw-vq24-v9c3',
134 silly audit report       title: "Vite's `server.fs` settings were not applied to HTML files",
134 silly audit report       severity: 'low',
134 silly audit report       vulnerable_versions: '<=5.4.19',
134 silly audit report       cwe: [Array],
134 silly audit report       cvss: [Object]
134 silly audit report     },
134 silly audit report     {
134 silly audit report       id: 1109131,
134 silly audit report       url: 'https://github.com/advisories/GHSA-93m4-6634-74q7',
134 silly audit report       title: 'vite allows server.fs.deny bypass via backslash on Windows',
134 silly audit report       severity: 'moderate',
134 silly audit report       vulnerable_versions: '>=5.2.6 <=5.4.20',
134 silly audit report       cwe: [Array],
134 silly audit report       cvss: [Object]
134 silly audit report     },
134 silly audit report     {
134 silly audit report       id: 1112511,
134 silly audit report       url: 'https://github.com/advisories/GHSA-4r4m-qw57-chr8',
134 silly audit report       title: 'Vite has a `server.fs.deny` bypassed for `inline` and `raw` with `?import` query',
134 silly audit report       severity: 'moderate',
134 silly audit report       vulnerable_versions: '>=5.0.0 <5.4.16',
134 silly audit report       cwe: [Array],
134 silly audit report       cvss: [Object]
134 silly audit report     }
134 silly audit report   ]
134 silly audit report }
135 silly packumentCache corgi:https://registry.npmjs.org/@babel%2fruntime cache-miss
136 silly packumentCache corgi:https://registry.npmjs.org/@remix-run%2frouter cache-miss
137 silly packumentCache corgi:https://registry.npmjs.org/brace-expansion cache-miss
138 silly packumentCache corgi:https://registry.npmjs.org/esbuild cache-miss
139 silly packumentCache corgi:https://registry.npmjs.org/js-yaml cache-miss
140 silly packumentCache corgi:https://registry.npmjs.org/react-router cache-miss
141 silly packumentCache corgi:https://registry.npmjs.org/vite cache-miss
142 http fetch GET 200 https://registry.npmjs.org/brace-expansion 43ms (cache miss)
143 silly packumentCache corgi:https://registry.npmjs.org/brace-expansion set size:undefined disposed:false
144 http fetch GET 200 https://registry.npmjs.org/js-yaml 45ms (cache miss)
145 silly packumentCache corgi:https://registry.npmjs.org/js-yaml set size:undefined disposed:false
146 http fetch GET 200 https://registry.npmjs.org/@babel%2fruntime 52ms (cache miss)
147 silly packumentCache corgi:https://registry.npmjs.org/@babel%2fruntime set size:undefined disposed:false
148 http fetch GET 200 https://registry.npmjs.org/esbuild 68ms (cache miss)
149 silly packumentCache corgi:https://registry.npmjs.org/esbuild set size:undefined disposed:false
150 http fetch GET 200 https://registry.npmjs.org/react-router 74ms (cache miss)
151 silly packumentCache corgi:https://registry.npmjs.org/react-router set size:undefined disposed:false
152 http fetch GET 200 https://registry.npmjs.org/vite 90ms (cache miss)
153 silly packumentCache corgi:https://registry.npmjs.org/vite set size:undefined disposed:false
154 http fetch GET 200 https://registry.npmjs.org/@remix-run%2frouter 644ms (cache miss)
155 silly packumentCache corgi:https://registry.npmjs.org/@remix-run%2frouter set size:undefined disposed:false
156 silly packumentCache corgi:https://registry.npmjs.org/@deck.gl%2faggregation-layers cache-miss
157 silly packumentCache corgi:https://registry.npmjs.org/@deck.gl%2fcarto cache-miss
158 silly packumentCache corgi:https://registry.npmjs.org/@deck.gl%2fcore cache-miss
159 silly packumentCache corgi:https://registry.npmjs.org/@deck.gl%2fextensions cache-miss
160 silly packumentCache corgi:https://registry.npmjs.org/@deck.gl%2fgeo-layers cache-miss
161 silly packumentCache corgi:https://registry.npmjs.org/@deck.gl%2fgoogle-maps cache-miss
162 silly packumentCache corgi:https://registry.npmjs.org/@deck.gl%2fjson cache-miss
163 silly packumentCache corgi:https://registry.npmjs.org/@deck.gl%2flayers cache-miss
164 silly packumentCache corgi:https://registry.npmjs.org/@deck.gl%2fmapbox cache-miss
165 silly packumentCache corgi:https://registry.npmjs.org/@deck.gl%2fmesh-layers cache-miss
166 silly packumentCache corgi:https://registry.npmjs.org/@deck.gl%2freact cache-miss
167 silly packumentCache corgi:https://registry.npmjs.org/@loaders.gl%2fcore cache-miss
168 silly packumentCache corgi:https://registry.npmjs.org/@loaders.gl%2fdraco cache-miss
169 silly packumentCache corgi:https://registry.npmjs.org/@loaders.gl%2floader-utils cache-miss
170 silly packumentCache corgi:https://registry.npmjs.org/@loaders.gl%2fterrain cache-miss
171 silly packumentCache corgi:https://registry.npmjs.org/@loaders.gl%2fwms cache-miss
172 silly packumentCache corgi:https://registry.npmjs.org/@loaders.gl%2fworker-utils cache-miss
173 silly packumentCache corgi:https://registry.npmjs.org/@loaders.gl%2fxml cache-miss
174 silly packumentCache corgi:https://registry.npmjs.org/@luma.gl%2fcore cache-miss
175 silly packumentCache corgi:https://registry.npmjs.org/@luma.gl%2fengine cache-miss
176 silly packumentCache corgi:https://registry.npmjs.org/@luma.gl%2fgltools cache-miss
177 silly packumentCache corgi:https://registry.npmjs.org/@luma.gl%2fshadertools cache-miss
178 silly packumentCache corgi:https://registry.npmjs.org/@luma.gl%2fwebgl cache-miss
179 silly packumentCache corgi:https://registry.npmjs.org/@math.gl%2fcore cache-miss
180 silly packumentCache corgi:https://registry.npmjs.org/@math.gl%2fculling cache-miss
181 silly packumentCache corgi:https://registry.npmjs.org/@math.gl%2fgeospatial cache-miss
182 silly packumentCache corgi:https://registry.npmjs.org/@math.gl%2fsun cache-miss
183 silly packumentCache corgi:https://registry.npmjs.org/@math.gl%2fweb-mercator cache-miss
184 silly packumentCache corgi:https://registry.npmjs.org/@probe.gl%2fenv cache-miss
185 silly packumentCache corgi:https://registry.npmjs.org/@probe.gl%2flog cache-miss
186 silly packumentCache corgi:https://registry.npmjs.org/@probe.gl%2fstats cache-miss
187 silly packumentCache corgi:https://registry.npmjs.org/deck.gl cache-miss
188 http fetch GET 200 https://registry.npmjs.org/@deck.gl%2flayers 440ms (cache miss)
189 silly packumentCache corgi:https://registry.npmjs.org/@deck.gl%2flayers set size:undefined disposed:false
190 http fetch GET 200 https://registry.npmjs.org/@deck.gl%2fjson 471ms (cache miss)
191 silly packumentCache corgi:https://registry.npmjs.org/@deck.gl%2fjson set size:undefined disposed:false
192 http fetch GET 200 https://registry.npmjs.org/@deck.gl%2fcarto 480ms (cache miss)
193 silly packumentCache corgi:https://registry.npmjs.org/@deck.gl%2fcarto set size:undefined disposed:false
194 http fetch GET 200 https://registry.npmjs.org/@deck.gl%2faggregation-layers 488ms (cache miss)
195 silly packumentCache corgi:https://registry.npmjs.org/@deck.gl%2faggregation-layers set size:undefined disposed:false
196 http fetch GET 200 https://registry.npmjs.org/@loaders.gl%2fdraco 495ms (cache miss)
197 silly packumentCache corgi:https://registry.npmjs.org/@loaders.gl%2fdraco set size:undefined disposed:false
198 http fetch GET 200 https://registry.npmjs.org/@deck.gl%2freact 501ms (cache miss)
199 silly packumentCache corgi:https://registry.npmjs.org/@deck.gl%2freact set size:undefined disposed:false
200 http fetch GET 200 https://registry.npmjs.org/@deck.gl%2fgeo-layers 508ms (cache miss)
201 silly packumentCache corgi:https://registry.npmjs.org/@deck.gl%2fgeo-layers set size:undefined disposed:false
202 http fetch GET 200 https://registry.npmjs.org/@deck.gl%2fgoogle-maps 517ms (cache miss)
203 silly packumentCache corgi:https://registry.npmjs.org/@deck.gl%2fgoogle-maps set size:undefined disposed:false
204 http fetch GET 200 https://registry.npmjs.org/@deck.gl%2fmapbox 541ms (cache miss)
205 silly packumentCache corgi:https://registry.npmjs.org/@deck.gl%2fmapbox set size:undefined disposed:false
206 http fetch GET 200 https://registry.npmjs.org/@loaders.gl%2fterrain 556ms (cache miss)
207 silly packumentCache corgi:https://registry.npmjs.org/@loaders.gl%2fterrain set size:undefined disposed:false
208 http fetch GET 200 https://registry.npmjs.org/@loaders.gl%2floader-utils 561ms (cache miss)
209 silly packumentCache corgi:https://registry.npmjs.org/@loaders.gl%2floader-utils set size:undefined disposed:false
210 http fetch GET 200 https://registry.npmjs.org/@deck.gl%2fmesh-layers 797ms (cache miss)
211 silly packumentCache corgi:https://registry.npmjs.org/@deck.gl%2fmesh-layers set size:undefined disposed:false
212 http fetch GET 200 https://registry.npmjs.org/@loaders.gl%2fcore 841ms (cache miss)
213 silly packumentCache corgi:https://registry.npmjs.org/@loaders.gl%2fcore set size:undefined disposed:false
214 http fetch GET 200 https://registry.npmjs.org/@loaders.gl%2fwms 891ms (cache miss)
215 silly packumentCache corgi:https://registry.npmjs.org/@loaders.gl%2fwms set size:undefined disposed:false
216 http fetch GET 200 https://registry.npmjs.org/@loaders.gl%2fxml 925ms (cache miss)
217 silly packumentCache corgi:https://registry.npmjs.org/@loaders.gl%2fxml set size:undefined disposed:false
218 http fetch GET 200 https://registry.npmjs.org/@loaders.gl%2fworker-utils 942ms (cache miss)
219 silly packumentCache corgi:https://registry.npmjs.org/@loaders.gl%2fworker-utils set size:undefined disposed:false
220 http fetch GET 200 https://registry.npmjs.org/@luma.gl%2fengine 946ms (cache miss)
221 silly packumentCache corgi:https://registry.npmjs.org/@luma.gl%2fengine set size:undefined disposed:false
222 http fetch GET 200 https://registry.npmjs.org/@deck.gl%2fcore 951ms (cache miss)
223 silly packumentCache corgi:https://registry.npmjs.org/@deck.gl%2fcore set size:undefined disposed:false
224 http fetch GET 200 https://registry.npmjs.org/@luma.gl%2fwebgl 966ms (cache miss)
225 silly packumentCache corgi:https://registry.npmjs.org/@luma.gl%2fwebgl set size:undefined disposed:false
226 http fetch GET 200 https://registry.npmjs.org/@math.gl%2fculling 994ms (cache miss)
227 silly packumentCache corgi:https://registry.npmjs.org/@math.gl%2fculling set size:undefined disposed:false
228 http fetch GET 200 https://registry.npmjs.org/@deck.gl%2fextensions 999ms (cache miss)
229 silly packumentCache corgi:https://registry.npmjs.org/@deck.gl%2fextensions set size:undefined disposed:false
230 http fetch GET 200 https://registry.npmjs.org/@math.gl%2fgeospatial 1021ms (cache miss)
231 silly packumentCache corgi:https://registry.npmjs.org/@math.gl%2fgeospatial set size:undefined disposed:false
232 http fetch GET 200 https://registry.npmjs.org/@math.gl%2fcore 1101ms (cache miss)
233 silly packumentCache corgi:https://registry.npmjs.org/@math.gl%2fcore set size:undefined disposed:false
234 http fetch GET 200 https://registry.npmjs.org/deck.gl 1208ms (cache miss)
235 silly packumentCache corgi:https://registry.npmjs.org/deck.gl set size:undefined disposed:false
236 http fetch GET 200 https://registry.npmjs.org/@math.gl%2fsun 1250ms (cache miss)
237 silly packumentCache corgi:https://registry.npmjs.org/@math.gl%2fsun set size:undefined disposed:false
238 http fetch GET 200 https://registry.npmjs.org/@math.gl%2fweb-mercator 1289ms (cache miss)
239 silly packumentCache corgi:https://registry.npmjs.org/@math.gl%2fweb-mercator set size:undefined disposed:false
240 http fetch GET 200 https://registry.npmjs.org/@luma.gl%2fshadertools 1316ms (cache miss)
241 silly packumentCache corgi:https://registry.npmjs.org/@luma.gl%2fshadertools set size:undefined disposed:false
242 http fetch GET 200 https://registry.npmjs.org/@luma.gl%2fgltools 1322ms (cache miss)
243 silly packumentCache corgi:https://registry.npmjs.org/@luma.gl%2fgltools set size:undefined disposed:false
244 http fetch GET 200 https://registry.npmjs.org/@luma.gl%2fcore 1329ms (cache miss)
245 silly packumentCache corgi:https://registry.npmjs.org/@luma.gl%2fcore set size:undefined disposed:false
246 http fetch GET 200 https://registry.npmjs.org/@probe.gl%2flog 1381ms (cache miss)
247 silly packumentCache corgi:https://registry.npmjs.org/@probe.gl%2flog set size:undefined disposed:false
248 http fetch GET 200 https://registry.npmjs.org/@probe.gl%2fstats 1386ms (cache miss)
249 silly packumentCache corgi:https://registry.npmjs.org/@probe.gl%2fstats set size:undefined disposed:false
250 http fetch GET 200 https://registry.npmjs.org/@probe.gl%2fenv 1746ms (cache miss)
251 silly packumentCache corgi:https://registry.npmjs.org/@probe.gl%2fenv set size:undefined disposed:false
252 silly packumentCache corgi:https://registry.npmjs.org/react-router-dom cache-miss
253 http fetch GET 200 https://registry.npmjs.org/react-router-dom 108ms (cache miss)
254 silly packumentCache corgi:https://registry.npmjs.org/react-router-dom set size:undefined disposed:false
255 silly packumentCache corgi:https://registry.npmjs.org/minimatch cache-miss
256 http fetch GET 200 https://registry.npmjs.org/minimatch 45ms (cache miss)
257 silly packumentCache corgi:https://registry.npmjs.org/minimatch set size:undefined disposed:false
258 silly packumentCache corgi:https://registry.npmjs.org/@eslint%2feslintrc cache-miss
259 silly packumentCache corgi:https://registry.npmjs.org/cosmiconfig cache-miss
260 silly packumentCache corgi:https://registry.npmjs.org/eslint cache-miss
261 http fetch GET 200 https://registry.npmjs.org/cosmiconfig 42ms (cache miss)
262 silly packumentCache corgi:https://registry.npmjs.org/cosmiconfig set size:undefined disposed:false
263 http fetch GET 200 https://registry.npmjs.org/eslint 51ms (cache miss)
264 silly packumentCache corgi:https://registry.npmjs.org/eslint set size:undefined disposed:false
265 http fetch GET 200 https://registry.npmjs.org/@eslint%2feslintrc 60ms (cache miss)
266 silly packumentCache corgi:https://registry.npmjs.org/@eslint%2feslintrc set size:undefined disposed:false
267 silly packumentCache corgi:https://registry.npmjs.org/@vitejs%2fplugin-react cache-miss
268 http fetch GET 200 https://registry.npmjs.org/@vitejs%2fplugin-react 73ms (cache miss)
269 silly packumentCache corgi:https://registry.npmjs.org/@vitejs%2fplugin-react set size:undefined disposed:false
270 silly ADD node_modules/@radix-ui/react-tooltip
271 silly ADD node_modules/@radix-ui/react-tooltip/node_modules/@radix-ui/react-slot
272 silly ADD node_modules/@radix-ui/react-tooltip/node_modules/@radix-ui/react-primitive
273 silly ADD node_modules/@radix-ui/react-tooltip/node_modules/@radix-ui/react-context
274 silly ADD node_modules/@radix-ui/react-popover
275 silly ADD node_modules/@radix-ui/react-popover/node_modules/@radix-ui/react-slot
276 silly ADD node_modules/@radix-ui/react-popover/node_modules/@radix-ui/react-primitive
277 silly ADD node_modules/@radix-ui/react-popover/node_modules/@radix-ui/react-context
278 silly ADD node_modules/@radix-ui/react-hover-card
279 silly ADD node_modules/@radix-ui/react-hover-card/node_modules/@radix-ui/react-slot
280 silly ADD node_modules/@radix-ui/react-hover-card/node_modules/@radix-ui/react-primitive
281 silly ADD node_modules/@radix-ui/react-hover-card/node_modules/@radix-ui/react-context
282 verbose cwd /Users/lore/Desktop/work/wf_projects/mozambique-portal
283 verbose os Darwin 25.2.0
284 verbose node v25.4.0
285 verbose npm  v11.7.0
286 notice
286 notice New [33mminor[39m version of npm available! [33m11.7.0[39m -> [34m11.8.0[39m
286 notice Changelog: [34mhttps://github.com/npm/cli/releases/tag/v11.8.0[39m
286 notice To update run: [4mnpm install -g npm@11.8.0[24m
286 notice  { force: true, Symbol(proc-log.meta): true }
287 verbose exit 0
288 info ok
