0 verbose cli /opt/homebrew/Cellar/node/25.4.0/bin/node /opt/homebrew/bin/npm
1 info using npm@11.7.0
2 info using node@v25.4.0
3 silly config load:file:/opt/homebrew/Cellar/node/25.4.0/libexec/lib/node_modules/npm/npmrc
4 silly config load:file:/Users/lore/Desktop/work/wf_projects/mozambique-portal/.npmrc
5 silly config load:file:/Users/lore/.npmrc
6 silly config load:file:/opt/homebrew/Cellar/node/25.4.0/etc/npmrc
7 verbose title npm install tailwindcss@3.4.17 postcss autoprefixer
8 verbose argv "install" "--save-dev" "tailwindcss@3.4.17" "postcss" "autoprefixer"
9 verbose logfile logs-max:10 dir:/Users/lore/Desktop/work/wf_projects/mozambique-portal/.npm-cache/_logs/2026-01-28T12_16_20_142Z-
10 verbose logfile /Users/lore/Desktop/work/wf_projects/mozambique-portal/.npm-cache/_logs/2026-01-28T12_16_20_142Z-debug-0.log
11 silly logfile done cleaning log files
12 silly packumentCache heap:4496293888 maxSize:1124073472 maxEntrySize:562036736
13 silly idealTree buildDeps
14 silly fetch manifest autoprefixer@^10.4.23
15 silly packumentCache full:https://registry.npmjs.org/autoprefixer cache-miss
16 http fetch GET 200 https://registry.npmjs.org/autoprefixer 198ms (cache miss)
17 silly packumentCache full:https://registry.npmjs.org/autoprefixer set size:undefined disposed:false
18 silly fetch manifest postcss@^8.5.6
19 silly packumentCache full:https://registry.npmjs.org/postcss cache-miss
20 http fetch GET 200 https://registry.npmjs.org/postcss 60ms (cache miss)
21 silly packumentCache full:https://registry.npmjs.org/postcss set size:undefined disposed:false
22 silly fetch manifest tailwindcss@3.4.17
23 silly packumentCache full:https://registry.npmjs.org/tailwindcss cache-miss
24 http fetch GET 200 https://registry.npmjs.org/tailwindcss 139ms (cache miss)
25 silly packumentCache full:https://registry.npmjs.org/tailwindcss set size:undefined disposed:false
26 silly placeDep ROOT autoprefixer@10.4.23 REPLACE for: mozambique-portal@1.3.0 want: ^10.4.23
27 silly placeDep ROOT postcss@8.5.6 REPLACE for: mozambique-portal@1.3.0 want: ^8.5.6
28 silly placeDep ROOT tailwindcss@3.4.17 REPLACE for: mozambique-portal@1.3.0 want: 3.4.17
29 silly fetch manifest arg@^5.0.2
30 silly packumentCache full:https://registry.npmjs.org/arg cache-miss
31 silly fetch manifest dlv@^1.1.3
32 silly packumentCache full:https://registry.npmjs.org/dlv cache-miss
33 silly fetch manifest jiti@^1.21.6
34 silly packumentCache full:https://registry.npmjs.org/jiti cache-miss
35 silly fetch manifest resolve@^1.22.8
36 silly packumentCache full:https://registry.npmjs.org/resolve cache-miss
37 silly fetch manifest sucrase@^3.35.0
38 silly packumentCache full:https://registry.npmjs.org/sucrase cache-miss
39 silly fetch manifest chokidar@^3.6.0
40 silly packumentCache full:https://registry.npmjs.org/chokidar cache-miss
41 silly fetch manifest lilconfig@^3.1.3
42 silly packumentCache full:https://registry.npmjs.org/lilconfig cache-miss
43 silly fetch manifest didyoumean@^1.2.2
44 silly packumentCache full:https://registry.npmjs.org/didyoumean cache-miss
45 silly fetch manifest postcss-js@^4.0.1
46 silly packumentCache full:https://registry.npmjs.org/postcss-js cache-miss
47 silly fetch manifest glob-parent@^6.0.2
48 silly packumentCache full:https://registry.npmjs.org/glob-parent cache-miss
49 silly fetch manifest object-hash@^3.0.0
50 silly packumentCache full:https://registry.npmjs.org/object-hash cache-miss
51 silly fetch manifest normalize-path@^3.0.0
52 silly packumentCache full:https://registry.npmjs.org/normalize-path cache-miss
53 silly fetch manifest postcss-import@^15.1.0
54 silly packumentCache full:https://registry.npmjs.org/postcss-import cache-miss
55 http fetch GET 200 https://registry.npmjs.org/arg 49ms (cache miss)
56 silly packumentCache full:https://registry.npmjs.org/arg set size:undefined disposed:false
57 silly fetch manifest postcss-nested@^6.2.0
58 silly packumentCache full:https://registry.npmjs.org/postcss-nested cache-miss
59 http fetch GET 200 https://registry.npmjs.org/postcss-nested 61ms (cache miss)
60 silly packumentCache full:https://registry.npmjs.org/postcss-nested set size:undefined disposed:false
61 silly fetch manifest @alloc/quick-lru@^5.2.0
62 silly packumentCache full:https://registry.npmjs.org/@alloc%2fquick-lru cache-miss
63 http fetch GET 200 https://registry.npmjs.org/jiti 114ms (cache miss)
64 silly packumentCache full:https://registry.npmjs.org/jiti set size:undefined disposed:false
65 silly fetch manifest postcss-load-config@^4.0.2
66 silly packumentCache full:https://registry.npmjs.org/postcss-load-config cache-miss
67 http fetch GET 200 https://registry.npmjs.org/lilconfig 128ms (cache miss)
68 silly packumentCache full:https://registry.npmjs.org/lilconfig set size:undefined disposed:false
69 silly fetch manifest postcss-selector-parser@^6.1.2
70 silly packumentCache full:https://registry.npmjs.org/postcss-selector-parser cache-miss
71 http fetch GET 200 https://registry.npmjs.org/postcss-js 128ms (cache miss)
72 silly packumentCache full:https://registry.npmjs.org/postcss-js set size:undefined disposed:false
73 http fetch GET 200 https://registry.npmjs.org/glob-parent 130ms (cache miss)
74 silly packumentCache full:https://registry.npmjs.org/glob-parent set size:undefined disposed:false
75 http fetch GET 200 https://registry.npmjs.org/postcss-import 133ms (cache miss)
76 silly packumentCache full:https://registry.npmjs.org/postcss-import set size:undefined disposed:false
77 http fetch GET 200 https://registry.npmjs.org/chokidar 138ms (cache miss)
78 silly packumentCache full:https://registry.npmjs.org/chokidar set size:undefined disposed:false
79 http fetch GET 200 https://registry.npmjs.org/didyoumean 140ms (cache miss)
80 silly packumentCache full:https://registry.npmjs.org/didyoumean set size:undefined disposed:false
81 http fetch GET 200 https://registry.npmjs.org/normalize-path 142ms (cache miss)
82 silly packumentCache full:https://registry.npmjs.org/normalize-path set size:undefined disposed:false
83 http fetch GET 200 https://registry.npmjs.org/resolve 145ms (cache miss)
84 silly packumentCache full:https://registry.npmjs.org/resolve set size:undefined disposed:false
85 http fetch GET 200 https://registry.npmjs.org/object-hash 145ms (cache miss)
86 silly packumentCache full:https://registry.npmjs.org/object-hash set size:undefined disposed:false
87 http fetch GET 200 https://registry.npmjs.org/sucrase 148ms (cache miss)
88 silly packumentCache full:https://registry.npmjs.org/sucrase set size:undefined disposed:false
89 http fetch GET 200 https://registry.npmjs.org/postcss-load-config 42ms (cache miss)
90 silly packumentCache full:https://registry.npmjs.org/postcss-load-config set size:undefined disposed:false
91 http fetch GET 200 https://registry.npmjs.org/postcss-selector-parser 40ms (cache miss)
92 silly packumentCache full:https://registry.npmjs.org/postcss-selector-parser set size:undefined disposed:false
93 http fetch GET 200 https://registry.npmjs.org/@alloc%2fquick-lru 68ms (cache miss)
94 silly packumentCache full:https://registry.npmjs.org/@alloc%2fquick-lru set size:undefined disposed:false
95 http fetch GET 200 https://registry.npmjs.org/dlv 319ms (cache miss)
96 silly packumentCache full:https://registry.npmjs.org/dlv set size:undefined disposed:false
97 silly fetch manifest postcss@^8.4.47
98 silly packumentCache full:https://registry.npmjs.org/postcss cache-miss
99 http cache https://registry.npmjs.org/postcss 3ms (cache hit)
100 silly packumentCache full:https://registry.npmjs.org/postcss set size:696248 disposed:false
101 silly fetch manifest ts-node@>=9.0.0
102 silly packumentCache full:https://registry.npmjs.org/ts-node cache-miss
103 http fetch GET 200 https://registry.npmjs.org/ts-node 55ms (cache miss)
104 silly packumentCache full:https://registry.npmjs.org/ts-node set size:undefined disposed:false
105 silly fetch manifest @swc/core@>=1.2.50
106 silly packumentCache full:https://registry.npmjs.org/@swc%2fcore cache-miss
107 http fetch GET 200 https://registry.npmjs.org/@swc%2fcore 98ms (cache miss)
108 silly packumentCache full:https://registry.npmjs.org/@swc%2fcore set size:undefined disposed:false
109 silly fetch manifest @swc/helpers@>=0.5.17
110 silly packumentCache full:https://registry.npmjs.org/@swc%2fhelpers cache-miss
111 http fetch GET 200 https://registry.npmjs.org/@swc%2fhelpers 66ms (cache miss)
112 silly packumentCache full:https://registry.npmjs.org/@swc%2fhelpers set size:undefined disposed:false
113 silly fetch manifest @swc/wasm@>=1.2.50
114 silly packumentCache full:https://registry.npmjs.org/@swc%2fwasm cache-miss
115 http fetch GET 200 https://registry.npmjs.org/@swc%2fwasm 122ms (cache miss)
116 silly packumentCache full:https://registry.npmjs.org/@swc%2fwasm set size:undefined disposed:false
117 silly fetch manifest @types/node@*
118 silly packumentCache full:https://registry.npmjs.org/@types%2fnode cache-miss
119 http fetch GET 200 https://registry.npmjs.org/@types%2fnode 190ms (cache miss)
120 silly packumentCache full:https://registry.npmjs.org/@types%2fnode set size:undefined disposed:false
121 silly fetch manifest typescript@>=2.7
122 silly packumentCache full:https://registry.npmjs.org/typescript cache-miss
123 http fetch GET 200 https://registry.npmjs.org/typescript 230ms (cache miss)
124 silly packumentCache full:https://registry.npmjs.org/typescript set size:undefined disposed:false
125 silly placeDep ROOT @alloc/quick-lru@5.2.0 OK for: tailwindcss@3.4.17 want: ^5.2.0
126 silly placeDep ROOT arg@5.0.2 OK for: tailwindcss@3.4.17 want: ^5.0.2
127 silly placeDep ROOT chokidar@3.6.0 OK for: tailwindcss@3.4.17 want: ^3.6.0
128 silly placeDep ROOT didyoumean@1.2.2 OK for: tailwindcss@3.4.17 want: ^1.2.2
129 silly placeDep ROOT dlv@1.1.3 OK for: tailwindcss@3.4.17 want: ^1.1.3
130 silly placeDep node_modules/tailwindcss glob-parent@6.0.2 OK for: tailwindcss@3.4.17 want: ^6.0.2
131 silly placeDep ROOT jiti@1.21.7 OK for: tailwindcss@3.4.17 want: ^1.21.6
132 silly placeDep ROOT lilconfig@3.1.3 OK for: tailwindcss@3.4.17 want: ^3.1.3
133 silly placeDep ROOT normalize-path@3.0.0 OK for: tailwindcss@3.4.17 want: ^3.0.0
134 silly placeDep ROOT object-hash@3.0.0 OK for: tailwindcss@3.4.17 want: ^3.0.0
135 silly placeDep ROOT postcss-import@15.1.0 OK for: tailwindcss@3.4.17 want: ^15.1.0
136 silly placeDep ROOT postcss-js@4.1.0 OK for: tailwindcss@3.4.17 want: ^4.0.1
137 silly placeDep ROOT postcss-load-config@4.0.2 OK for: tailwindcss@3.4.17 want: ^4.0.2
138 silly placeDep ROOT postcss-nested@6.2.0 OK for: tailwindcss@3.4.17 want: ^6.2.0
139 silly placeDep node_modules/tailwindcss postcss-selector-parser@6.1.2 OK for: tailwindcss@3.4.17 want: ^6.1.2
140 silly placeDep node_modules/tailwindcss resolve@1.22.11 OK for: tailwindcss@3.4.17 want: ^1.22.8
141 silly placeDep ROOT sucrase@3.35.1 OK for: tailwindcss@3.4.17 want: ^3.35.0
142 silly fetch manifest anymatch@~3.1.2
143 silly packumentCache full:https://registry.npmjs.org/anymatch cache-miss
144 silly fetch manifest readdirp@~3.6.0
145 silly packumentCache full:https://registry.npmjs.org/readdirp cache-miss
146 silly fetch manifest is-binary-path@~2.1.0
147 silly packumentCache full:https://registry.npmjs.org/is-binary-path cache-miss
148 silly fetch manifest normalize-path@~3.0.0
149 silly packumentCache full:https://registry.npmjs.org/normalize-path cache-miss
150 silly fetch manifest resolve@^1.1.7
151 silly packumentCache full:https://registry.npmjs.org/resolve cache-miss
152 silly fetch manifest read-cache@^1.0.0
153 silly packumentCache full:https://registry.npmjs.org/read-cache cache-miss
154 silly fetch manifest camelcase-css@^2.0.1
155 silly packumentCache full:https://registry.npmjs.org/camelcase-css cache-miss
156 silly fetch manifest yaml@^2.3.4
157 silly packumentCache full:https://registry.npmjs.org/yaml cache-miss
158 silly fetch manifest postcss-selector-parser@^6.1.1
159 silly packumentCache full:https://registry.npmjs.org/postcss-selector-parser cache-miss
160 silly fetch manifest commander@^4.0.0
161 silly packumentCache full:https://registry.npmjs.org/commander cache-miss
162 silly fetch manifest mz@^2.7.0
163 silly packumentCache full:https://registry.npmjs.org/mz cache-miss
164 silly fetch manifest pirates@^4.0.1
165 silly packumentCache full:https://registry.npmjs.org/pirates cache-miss
166 silly fetch manifest tinyglobby@^0.2.11
167 silly packumentCache full:https://registry.npmjs.org/tinyglobby cache-miss
168 http cache https://registry.npmjs.org/postcss-selector-parser 9ms (cache hit)
169 silly packumentCache full:https://registry.npmjs.org/postcss-selector-parser set size:177140 disposed:false
170 silly fetch manifest ts-interface-checker@^0.1.9
171 silly packumentCache full:https://registry.npmjs.org/ts-interface-checker cache-miss
172 http cache https://registry.npmjs.org/resolve 10ms (cache hit)
173 silly packumentCache full:https://registry.npmjs.org/resolve set size:246681 disposed:false
174 http cache https://registry.npmjs.org/normalize-path 11ms (cache hit)
175 silly packumentCache full:https://registry.npmjs.org/normalize-path set size:28713 disposed:false
176 http fetch GET 200 https://registry.npmjs.org/read-cache 41ms (cache miss)
177 silly packumentCache full:https://registry.npmjs.org/read-cache set size:undefined disposed:false
178 http fetch GET 200 https://registry.npmjs.org/pirates 45ms (cache miss)
179 silly packumentCache full:https://registry.npmjs.org/pirates set size:undefined disposed:false
180 http fetch GET 200 https://registry.npmjs.org/readdirp 45ms (cache miss)
181 silly packumentCache full:https://registry.npmjs.org/readdirp set size:undefined disposed:false
182 http fetch GET 200 https://registry.npmjs.org/mz 47ms (cache miss)
183 silly packumentCache full:https://registry.npmjs.org/mz set size:undefined disposed:false
184 http fetch GET 200 https://registry.npmjs.org/camelcase-css 47ms (cache miss)
185 silly packumentCache full:https://registry.npmjs.org/camelcase-css set size:undefined disposed:false
186 http fetch GET 200 https://registry.npmjs.org/tinyglobby 49ms (cache miss)
187 silly packumentCache full:https://registry.npmjs.org/tinyglobby set size:undefined disposed:false
188 http fetch GET 200 https://registry.npmjs.org/is-binary-path 51ms (cache miss)
189 silly packumentCache full:https://registry.npmjs.org/is-binary-path set size:undefined disposed:false
190 http fetch GET 200 https://registry.npmjs.org/anymatch 51ms (cache miss)
191 silly packumentCache full:https://registry.npmjs.org/anymatch set size:undefined disposed:false
192 http fetch GET 200 https://registry.npmjs.org/yaml 52ms (cache miss)
193 silly packumentCache full:https://registry.npmjs.org/yaml set size:undefined disposed:false
194 http fetch GET 200 https://registry.npmjs.org/ts-interface-checker 45ms (cache miss)
195 silly packumentCache full:https://registry.npmjs.org/ts-interface-checker set size:undefined disposed:false
196 http fetch GET 200 https://registry.npmjs.org/commander 59ms (cache miss)
197 silly packumentCache full:https://registry.npmjs.org/commander set size:undefined disposed:false
198 silly placeDep ROOT anymatch@3.1.3 OK for: chokidar@3.6.0 want: ~3.1.2
199 silly placeDep ROOT is-binary-path@2.1.0 OK for: chokidar@3.6.0 want: ~2.1.0
200 silly placeDep ROOT readdirp@3.6.0 OK for: chokidar@3.6.0 want: ~3.6.0
201 silly fetch manifest picomatch@^2.0.4
202 silly packumentCache full:https://registry.npmjs.org/picomatch cache-miss
203 silly fetch manifest binary-extensions@^2.0.0
204 silly packumentCache full:https://registry.npmjs.org/binary-extensions cache-miss
205 silly fetch manifest picomatch@^2.2.1
206 silly packumentCache full:https://registry.npmjs.org/picomatch cache-miss
207 http fetch GET 200 https://registry.npmjs.org/picomatch 49ms (cache miss)
208 silly packumentCache full:https://registry.npmjs.org/picomatch set size:undefined disposed:false
209 http fetch GET 200 https://registry.npmjs.org/binary-extensions 49ms (cache miss)
210 silly packumentCache full:https://registry.npmjs.org/binary-extensions set size:undefined disposed:false
211 http fetch GET 200 https://registry.npmjs.org/picomatch 58ms (cache miss)
212 silly packumentCache full:https://registry.npmjs.org/picomatch set size:undefined disposed:false
213 silly placeDep node_modules/anymatch picomatch@2.3.1 OK for: anymatch@3.1.3 want: ^2.0.4
214 silly placeDep ROOT binary-extensions@2.3.0 OK for: is-binary-path@2.1.0 want: ^2.0.0
215 silly placeDep ROOT read-cache@1.0.0 OK for: postcss-import@15.1.0 want: ^1.0.0
216 silly placeDep node_modules/postcss-import resolve@1.22.11 OK for: postcss-import@15.1.0 want: ^1.1.7
217 silly fetch manifest pify@^2.3.0
218 silly packumentCache full:https://registry.npmjs.org/pify cache-miss
219 http fetch GET 200 https://registry.npmjs.org/pify 50ms (cache miss)
220 silly packumentCache full:https://registry.npmjs.org/pify set size:undefined disposed:false
221 silly placeDep ROOT camelcase-css@2.0.1 OK for: postcss-js@4.1.0 want: ^2.0.1
222 silly placeDep ROOT yaml@2.8.2 OK for: postcss-load-config@4.0.2 want: ^2.3.4
223 silly placeDep node_modules/postcss-nested postcss-selector-parser@6.1.2 OK for: postcss-nested@6.2.0 want: ^6.1.1
224 silly placeDep ROOT pify@2.3.0 OK for: read-cache@1.0.0 want: ^2.3.0
225 silly placeDep node_modules/readdirp picomatch@2.3.1 OK for: readdirp@3.6.0 want: ^2.2.1
226 silly placeDep node_modules/sucrase commander@4.1.1 OK for: sucrase@3.35.1 want: ^4.0.0
227 silly placeDep ROOT mz@2.7.0 OK for: sucrase@3.35.1 want: ^2.7.0
228 silly placeDep ROOT pirates@4.0.7 OK for: sucrase@3.35.1 want: ^4.0.1
229 silly placeDep ROOT tinyglobby@0.2.15 OK for: sucrase@3.35.1 want: ^0.2.11
230 silly placeDep ROOT ts-interface-checker@0.1.13 OK for: sucrase@3.35.1 want: ^0.1.9
231 silly fetch manifest any-promise@^1.0.0
232 silly packumentCache full:https://registry.npmjs.org/any-promise cache-miss
233 silly fetch manifest thenify-all@^1.0.0
234 silly packumentCache full:https://registry.npmjs.org/thenify-all cache-miss
235 http fetch GET 200 https://registry.npmjs.org/thenify-all 45ms (cache miss)
236 silly packumentCache full:https://registry.npmjs.org/thenify-all set size:undefined disposed:false
237 http fetch GET 200 https://registry.npmjs.org/any-promise 46ms (cache miss)
238 silly packumentCache full:https://registry.npmjs.org/any-promise set size:undefined disposed:false
239 silly placeDep ROOT any-promise@1.3.0 OK for: mz@2.7.0 want: ^1.0.0
240 silly placeDep ROOT thenify-all@1.6.0 OK for: mz@2.7.0 want: ^1.0.0
241 silly fetch manifest thenify@>= 3.1.0 < 4
242 silly packumentCache full:https://registry.npmjs.org/thenify cache-miss
243 http fetch GET 200 https://registry.npmjs.org/thenify 42ms (cache miss)
244 silly packumentCache full:https://registry.npmjs.org/thenify set size:undefined disposed:false
245 silly placeDep ROOT thenify@3.3.1 OK for: thenify-all@1.6.0 want: >= 3.1.0 < 4
246 silly reify mark retired [
246 silly reify   '/Users/lore/Desktop/work/wf_projects/mozambique-portal/node_modules/tailwindcss'
246 silly reify ]
247 silly reify moves {
247 silly reify   '/Users/lore/Desktop/work/wf_projects/mozambique-portal/node_modules/tailwindcss': '/Users/lore/Desktop/work/wf_projects/mozambique-portal/node_modules/.tailwindcss-SeZSIDiD'
247 silly reify }
248 silly audit bulk request {
248 silly audit   '@antfu/ni': [ '25.0.0' ],
248 silly audit   '@babel/code-frame': [ '7.28.6' ],
248 silly audit   '@babel/compat-data': [ '7.28.6' ],
248 silly audit   '@babel/core': [ '7.28.6' ],
248 silly audit   '@babel/generator': [ '7.28.6' ],
248 silly audit   '@babel/helper-annotate-as-pure': [ '7.27.3' ],
248 silly audit   '@babel/helper-compilation-targets': [ '7.28.6' ],
248 silly audit   '@babel/helper-create-class-features-plugin': [ '7.28.6' ],
248 silly audit   '@babel/helper-globals': [ '7.28.0' ],
248 silly audit   '@babel/helper-member-expression-to-functions': [ '7.28.5' ],
248 silly audit   '@babel/helper-module-imports': [ '7.28.6' ],
248 silly audit   '@babel/helper-module-transforms': [ '7.28.6' ],
248 silly audit   '@babel/helper-optimise-call-expression': [ '7.27.1' ],
248 silly audit   '@babel/helper-plugin-utils': [ '7.28.6' ],
248 silly audit   '@babel/helper-replace-supers': [ '7.28.6' ],
248 silly audit   '@babel/helper-skip-transparent-expression-wrappers': [ '7.27.1' ],
248 silly audit   '@babel/helper-string-parser': [ '7.27.1' ],
248 silly audit   '@babel/helper-validator-identifier': [ '7.28.5' ],
248 silly audit   '@babel/helper-validator-option': [ '7.27.1' ],
248 silly audit   '@babel/helpers': [ '7.28.6' ],
248 silly audit   '@babel/parser': [ '7.28.6' ],
248 silly audit   '@babel/plugin-proposal-private-property-in-object': [ '7.21.11' ],
248 silly audit   '@babel/plugin-syntax-jsx': [ '7.28.6' ],
248 silly audit   '@babel/plugin-syntax-private-property-in-object': [ '7.14.5' ],
248 silly audit   '@babel/plugin-syntax-typescript': [ '7.28.6' ],
248 silly audit   '@babel/plugin-transform-modules-commonjs': [ '7.28.6' ],
248 silly audit   '@babel/plugin-transform-react-jsx-self': [ '7.25.9' ],
248 silly audit   '@babel/plugin-transform-react-jsx-source': [ '7.25.9' ],
248 silly audit   '@babel/plugin-transform-typescript': [ '7.28.6' ],
248 silly audit   '@babel/preset-typescript': [ '7.28.5' ],
248 silly audit   '@babel/runtime': [ '7.26.7' ],
248 silly audit   '@babel/template': [ '7.28.6' ],
248 silly audit   '@babel/traverse': [ '7.28.6' ],
248 silly audit   '@babel/types': [ '7.28.6' ],
248 silly audit   '@deck.gl/aggregation-layers': [ '8.9.32' ],
248 silly audit   '@deck.gl/carto': [ '8.9.32' ],
248 silly audit   '@deck.gl/core': [ '8.9.32' ],
248 silly audit   '@deck.gl/extensions': [ '8.9.32' ],
248 silly audit   '@deck.gl/geo-layers': [ '8.9.32' ],
248 silly audit   '@deck.gl/google-maps': [ '8.9.32' ],
248 silly audit   '@deck.gl/json': [ '8.9.32' ],
248 silly audit   '@deck.gl/layers': [ '8.9.32' ],
248 silly audit   '@deck.gl/mapbox': [ '8.9.32' ],
248 silly audit   '@deck.gl/mesh-layers': [ '8.9.32' ],
248 silly audit   '@deck.gl/react': [ '8.9.32' ],
248 silly audit   '@dotenvx/dotenvx': [ '1.52.0' ],
248 silly audit   commander: [ '11.1.0', '2.20.3', '14.0.2', '4.1.1' ],
248 silly audit   dotenv: [ '17.2.3', '16.4.7' ],
248 silly audit   execa: [ '5.1.1', '9.6.1' ],
248 silly audit   'human-signals': [ '2.1.0', '8.0.1' ],
248 silly audit   'is-stream': [ '2.0.1', '4.0.1' ],
248 silly audit   isexe: [ '3.1.1', '2.0.0' ],
248 silly audit   'npm-run-path': [ '4.0.1', '6.0.0' ],
248 silly audit   onetime: [ '5.1.2', '7.0.0' ],
248 silly audit   'signal-exit': [ '3.0.7', '4.1.0' ],
248 silly audit   'strip-final-newline': [ '2.0.0', '4.0.0' ],
248 silly audit   which: [ '4.0.0', '2.0.2' ],
248 silly audit   '@ecies/ciphers': [ '0.2.5' ],
248 silly audit   '@esbuild/aix-ppc64': [ '0.21.5' ],
248 silly audit   '@esbuild/android-arm': [ '0.21.5' ],
248 silly audit   '@esbuild/android-arm64': [ '0.21.5' ],
248 silly audit   '@esbuild/android-x64': [ '0.21.5' ],
248 silly audit   '@esbuild/darwin-arm64': [ '0.21.5' ],
248 silly audit   '@esbuild/darwin-x64': [ '0.21.5' ],
248 silly audit   '@esbuild/freebsd-arm64': [ '0.21.5' ],
248 silly audit   '@esbuild/freebsd-x64': [ '0.21.5' ],
248 silly audit   '@esbuild/linux-arm': [ '0.21.5' ],
248 silly audit   '@esbuild/linux-arm64': [ '0.21.5' ],
248 silly audit   '@esbuild/linux-ia32': [ '0.21.5' ],
248 silly audit   '@esbuild/linux-loong64': [ '0.21.5' ],
248 silly audit   '@esbuild/linux-mips64el': [ '0.21.5' ],
248 silly audit   '@esbuild/linux-ppc64': [ '0.21.5' ],
248 silly audit   '@esbuild/linux-riscv64': [ '0.21.5' ],
248 silly audit   '@esbuild/linux-s390x': [ '0.21.5' ],
248 silly audit   '@esbuild/linux-x64': [ '0.21.5' ],
248 silly audit   '@esbuild/netbsd-x64': [ '0.21.5' ],
248 silly audit   '@esbuild/openbsd-x64': [ '0.21.5' ],
248 silly audit   '@esbuild/sunos-x64': [ '0.21.5' ],
248 silly audit   '@esbuild/win32-arm64': [ '0.21.5' ],
248 silly audit   '@esbuild/win32-ia32': [ '0.21.5' ],
248 silly audit   '@esbuild/win32-x64': [ '0.21.5' ],
248 silly audit   '@eslint-community/eslint-utils': [ '4.4.1' ],
248 silly audit   '@eslint-community/regexpp': [ '4.12.1' ],
248 silly audit   '@eslint/eslintrc': [ '2.1.4' ],
248 silly audit   ajv: [ '6.12.6', '8.17.1' ],
248 silly audit   globals: [ '13.24.0' ],
248 silly audit   'json-schema-traverse': [ '0.4.1', '1.0.0' ],
248 silly audit   '@eslint/js': [ '8.57.1' ],
248 silly audit   '@floating-ui/core': [ '1.7.4' ],
248 silly audit   '@floating-ui/dom': [ '1.7.5' ],
248 silly audit   '@floating-ui/react-dom': [ '2.1.7' ],
248 silly audit   '@floating-ui/utils': [ '0.2.10' ],
248 silly audit   '@hono/node-server': [ '1.19.9' ],
248 silly audit   '@humanwhocodes/config-array': [ '0.13.0' ],
248 silly audit   '@humanwhocodes/module-importer': [ '1.0.1' ],
248 silly audit   '@humanwhocodes/object-schema': [ '2.0.3' ],
248 silly audit   '@inquirer/ansi': [ '1.0.2' ],
248 silly audit   '@inquirer/confirm': [ '5.1.21' ],
248 silly audit   '@inquirer/core': [ '10.3.2' ],
248 silly audit   '@inquirer/figures': [ '1.0.15' ],
248 silly audit   '@inquirer/type': [ '3.0.10' ],
248 silly audit   '@isaacs/balanced-match': [ '4.0.1' ],
248 silly audit   '@isaacs/brace-expansion': [ '5.0.0' ],
248 silly audit   '@jridgewell/gen-mapping': [ '0.3.13' ],
248 silly audit   '@jridgewell/remapping': [ '2.3.5' ],
248 silly audit   '@jridgewell/resolve-uri': [ '3.1.2' ],
248 silly audit   '@jridgewell/sourcemap-codec': [ '1.5.5' ],
248 silly audit   '@jridgewell/trace-mapping': [ '0.3.31' ],
248 silly audit   '@loaders.gl/3d-tiles': [ '3.4.15' ],
248 silly audit   long: [ '5.2.4', '3.2.0' ],
248 silly audit   '@loaders.gl/core': [ '3.4.15' ],
248 silly audit   '@loaders.gl/draco': [ '3.4.15' ],
248 silly audit   '@loaders.gl/gis': [ '3.4.15' ],
248 silly audit   '@loaders.gl/gltf': [ '3.4.15' ],
248 silly audit   '@loaders.gl/images': [ '3.4.15' ],
248 silly audit   '@loaders.gl/loader-utils': [ '3.4.15' ],
248 silly audit   '@loaders.gl/math': [ '3.4.15' ],
248 silly audit   '@loaders.gl/mvt': [ '3.4.15' ],
248 silly audit   '@loaders.gl/schema': [ '3.4.15' ],
248 silly audit   '@loaders.gl/terrain': [ '3.4.15' ],
248 silly audit   '@loaders.gl/textures': [ '3.4.15' ],
248 silly audit   '@loaders.gl/tiles': [ '3.4.15' ],
248 silly audit   '@loaders.gl/wms': [ '3.4.15' ],
248 silly audit   '@loaders.gl/worker-utils': [ '3.4.15' ],
248 silly audit   '@loaders.gl/xml': [ '3.4.15' ],
248 silly audit   '@luma.gl/constants': [ '8.5.21' ],
248 silly audit   '@luma.gl/core': [ '8.5.21' ],
248 silly audit   '@luma.gl/engine': [ '8.5.21' ],
248 silly audit   '@luma.gl/experimental': [ '8.5.21' ],
248 silly audit   '@luma.gl/gltools': [ '8.5.21' ],
248 silly audit   '@luma.gl/shadertools': [ '8.5.21' ],
248 silly audit   '@luma.gl/webgl': [ '8.5.21' ],
248 silly audit   '@mapbox/geojson-rewind': [ '0.5.2' ],
248 silly audit   '@mapbox/jsonlint-lines-primitives': [ '2.0.2' ],
248 silly audit   '@mapbox/mapbox-gl-supported': [ '2.0.1' ],
248 silly audit   '@mapbox/martini': [ '0.2.0' ],
248 silly audit   '@mapbox/point-geometry': [ '0.1.0' ],
248 silly audit   '@mapbox/tile-cover': [ '3.0.1' ],
248 silly audit   '@mapbox/tiny-sdf': [ '2.0.6' ],
248 silly audit   '@mapbox/unitbezier': [ '0.0.1' ],
248 silly audit   '@mapbox/vector-tile': [ '1.3.1' ],
248 silly audit   '@mapbox/whoots-js': [ '3.1.0' ],
248 silly audit   '@maplibre/maplibre-gl-style-spec': [ '19.3.3' ],
248 silly audit   '@math.gl/core': [ '3.6.3' ],
248 silly audit   '@math.gl/culling': [ '3.6.3' ],
248 silly audit   '@math.gl/geospatial': [ '3.6.3' ],
248 silly audit   '@math.gl/polygon': [ '3.6.3' ],
248 silly audit   '@math.gl/sun': [ '3.6.3' ],
248 silly audit   '@math.gl/types': [ '3.6.3' ],
248 silly audit   '@math.gl/web-mercator': [ '3.6.3' ],
248 silly audit   '@modelcontextprotocol/sdk': [ '1.25.3' ],
248 silly audit   '@mongodb-js/saslprep': [ '1.2.0' ],
248 silly audit   '@mswjs/interceptors': [ '0.40.0' ],
248 silly audit   '@noble/ciphers': [ '1.3.0' ],
248 silly audit   '@noble/curves': [ '1.9.7' ],
248 silly audit   '@noble/hashes': [ '1.8.0' ],
248 silly audit   '@nodelib/fs.scandir': [ '2.1.5' ],
248 silly audit   '@nodelib/fs.stat': [ '2.0.5' ],
248 silly audit   '@nodelib/fs.walk': [ '1.2.8' ],
248 silly audit   '@open-draft/deferred-promise': [ '2.2.0' ],
248 silly audit   '@open-draft/logger': [ '0.3.0' ],
248 silly audit   '@open-draft/until': [ '2.1.0' ],
248 silly audit   '@popperjs/core': [ '2.11.8' ],
248 silly audit   '@probe.gl/env': [ '3.6.0' ],
248 silly audit   '@probe.gl/log': [ '3.6.0' ],
248 silly audit   '@probe.gl/stats': [ '3.6.0' ],
248 silly audit   '@radix-ui/number': [ '1.1.1' ],
248 silly audit   '@radix-ui/primitive': [ '1.1.3' ],
248 silly audit   '@radix-ui/react-arrow': [ '1.1.7' ],
248 silly audit   '@radix-ui/react-primitive': [ '2.1.3', '2.1.4' ],
248 silly audit   '@radix-ui/react-slot': [ '1.2.3', '1.2.4' ],
248 silly audit   '@radix-ui/react-avatar': [ '1.1.11' ],
248 silly audit   '@radix-ui/react-collection': [ '1.1.7' ],
248 silly audit   '@radix-ui/react-context': [ '1.1.2', '1.1.3' ],
248 silly audit   '@radix-ui/react-compose-refs': [ '1.1.2' ],
248 silly audit   '@radix-ui/react-dialog': [ '1.1.15' ],
248 silly audit   '@radix-ui/react-direction': [ '1.1.1' ],
248 silly audit   '@radix-ui/react-dismissable-layer': [ '1.1.11' ],
248 silly audit   '@radix-ui/react-dropdown-menu': [ '2.1.16' ],
248 silly audit   '@radix-ui/react-focus-guards': [ '1.1.3' ],
248 silly audit   '@radix-ui/react-focus-scope': [ '1.1.7' ],
248 silly audit   '@radix-ui/react-hover-card': [ '1.1.15' ],
248 silly audit   '@radix-ui/react-id': [ '1.1.1' ],
248 silly audit   '@radix-ui/react-menu': [ '2.1.16' ],
248 silly audit   '@radix-ui/react-popover': [ '1.1.15' ],
248 silly audit   '@radix-ui/react-popper': [ '1.2.8' ],
248 silly audit   '@radix-ui/react-portal': [ '1.1.9' ],
248 silly audit   '@radix-ui/react-presence': [ '1.1.5' ],
248 silly audit   '@radix-ui/react-roving-focus': [ '1.1.11' ],
248 silly audit   '@radix-ui/react-scroll-area': [ '1.2.10' ],
248 silly audit   '@radix-ui/react-select': [ '2.2.6' ],
248 silly audit   '@radix-ui/react-separator': [ '1.1.8' ],
248 silly audit   '@radix-ui/react-tooltip': [ '1.2.8' ],
248 silly audit   '@radix-ui/react-use-callback-ref': [ '1.1.1' ],
248 silly audit   '@radix-ui/react-use-controllable-state': [ '1.2.2' ],
248 silly audit   '@radix-ui/react-use-effect-event': [ '0.0.2' ],
248 silly audit   '@radix-ui/react-use-escape-keydown': [ '1.1.1' ],
248 silly audit   '@radix-ui/react-use-is-hydrated': [ '0.1.0' ],
248 silly audit   '@radix-ui/react-use-layout-effect': [ '1.1.1' ],
248 silly audit   '@radix-ui/react-use-previous': [ '1.1.1' ],
248 silly audit   '@radix-ui/react-use-rect': [ '1.1.1' ],
248 silly audit   '@radix-ui/react-use-size': [ '1.1.1' ],
248 silly audit   '@radix-ui/react-visually-hidden': [ '1.2.3' ],
248 silly audit   '@radix-ui/rect': [ '1.1.1' ],
248 silly audit   '@remix-run/router': [ '1.15.1' ],
248 silly audit   '@rollup/rollup-android-arm-eabi': [ '4.34.8' ],
248 silly audit   '@rollup/rollup-android-arm64': [ '4.34.8' ],
248 silly audit   '@rollup/rollup-darwin-arm64': [ '4.34.8' ],
248 silly audit   '@rollup/rollup-darwin-x64': [ '4.34.8' ],
248 silly audit   '@rollup/rollup-freebsd-arm64': [ '4.34.8' ],
248 silly audit   '@rollup/rollup-freebsd-x64': [ '4.34.8' ],
248 silly audit   '@rollup/rollup-linux-arm-gnueabihf': [ '4.34.8' ],
248 silly audit   '@rollup/rollup-linux-arm-musleabihf': [ '4.34.8' ],
248 silly audit   '@rollup/rollup-linux-arm64-gnu': [ '4.34.8' ],
248 silly audit   '@rollup/rollup-linux-arm64-musl': [ '4.34.8' ],
248 silly audit   '@rollup/rollup-linux-loongarch64-gnu': [ '4.34.8' ],
248 silly audit   '@rollup/rollup-linux-powerpc64le-gnu': [ '4.34.8' ],
248 silly audit   '@rollup/rollup-linux-riscv64-gnu': [ '4.34.8' ],
248 silly audit   '@rollup/rollup-linux-s390x-gnu': [ '4.34.8' ],
248 silly audit   '@rollup/rollup-linux-x64-gnu': [ '4.34.8' ],
248 silly audit   '@rollup/rollup-linux-x64-musl': [ '4.34.8' ],
248 silly audit   '@rollup/rollup-win32-arm64-msvc': [ '4.34.8' ],
248 silly audit   '@rollup/rollup-win32-ia32-msvc': [ '4.34.8' ],
248 silly audit   '@rollup/rollup-win32-x64-msvc': [ '4.34.8' ],
248 silly audit   '@sec-ant/readable-stream': [ '0.4.1' ],
248 silly audit   '@sindresorhus/merge-streams': [ '4.0.0' ],
248 silly audit   '@tabler/core': [ '1.4.0' ],
248 silly audit   '@tabler/icons': [ '2.47.0' ],
248 silly audit   '@tabler/icons-react': [ '3.36.1' ],
248 silly audit   '@tanstack/react-table': [ '8.21.2' ],
248 silly audit   '@tanstack/table-core': [ '8.21.2' ],
248 silly audit   '@ts-morph/common': [ '0.27.0' ],
248 silly audit   minimatch: [ '10.1.1', '3.1.2' ],
248 silly audit   '@turf/boolean-clockwise': [ '5.1.5' ],
248 silly audit   '@turf/clone': [ '5.1.5' ],
248 silly audit   '@turf/helpers': [ '5.1.5' ],
248 silly audit   '@turf/invariant': [ '5.2.0' ],
248 silly audit   '@turf/meta': [ '5.2.0' ],
248 silly audit   '@turf/rewind': [ '5.1.5' ],
248 silly audit   '@types/babel__core': [ '7.20.5' ],
248 silly audit   '@types/babel__generator': [ '7.6.8' ],
248 silly audit   '@types/babel__template': [ '7.4.4' ],
248 silly audit   '@types/babel__traverse': [ '7.20.6' ],
248 silly audit   '@types/estree': [ '1.0.6' ],
248 silly audit   '@types/geojson': [ '7946.0.16' ],
248 silly audit   '@types/hammerjs': [ '2.0.46' ],
248 silly audit   '@types/mapbox-gl': [ '2.7.21' ],
248 silly audit   '@types/offscreencanvas': [ '2019.7.3' ],
248 silly audit   '@types/prop-types': [ '15.7.14' ],
248 silly audit   '@types/react': [ '18.3.18' ],
248 silly audit   '@types/statuses': [ '2.0.6' ],
248 silly audit   '@types/validate-npm-package-name': [ '4.0.2' ],
248 silly audit   '@types/webidl-conversions': [ '7.0.3' ],
248 silly audit   '@types/whatwg-url': [ '11.0.5' ],
248 silly audit   '@ungap/structured-clone': [ '1.3.0' ],
248 silly audit   '@vitejs/plugin-react': [ '4.3.4' ],
248 silly audit   'react-refresh': [ '0.14.2' ],
248 silly audit   '@yr/monotone-cubic-spline': [ '1.0.3' ],
248 silly audit   accepts: [ '2.0.0' ],
248 silly audit   acorn: [ '8.14.0' ],
248 silly audit   'acorn-jsx': [ '5.3.2' ],
248 silly audit   'agent-base': [ '7.1.4' ],
248 silly audit   'ajv-formats': [ '3.0.1' ],
248 silly audit   'ansi-regex': [ '5.0.1', '6.2.2' ],
248 silly audit   'ansi-styles': [ '4.3.0' ],
248 silly audit   ansis: [ '4.2.0' ],
248 silly audit   apexcharts: [ '3.45.2' ],
248 silly audit   argparse: [ '1.0.10', '2.0.1' ],
248 silly audit   'aria-hidden': [ '1.2.6' ],
248 silly audit   'aria-query': [ '5.3.2' ],
248 silly audit   'arr-union': [ '3.1.0' ],
248 silly audit   'array-buffer-byte-length': [ '1.0.2' ],
248 silly audit   'array-includes': [ '3.1.8' ],
248 silly audit   'array.prototype.findlast': [ '1.2.5' ],
248 silly audit   'array.prototype.flat': [ '1.3.3' ],
248 silly audit   'array.prototype.flatmap': [ '1.3.3' ],
248 silly audit   'array.prototype.tosorted': [ '1.1.4' ],
248 silly audit   'arraybuffer.prototype.slice': [ '1.0.4' ],
248 silly audit   'assign-symbols': [ '1.0.0' ],
248 silly audit   'ast-types': [ '0.16.1' ],
248 silly audit   'ast-types-flow': [ '0.0.8' ],
248 silly audit   'async-function': [ '1.0.0' ],
248 silly audit   'available-typed-arrays': [ '1.0.7' ],
248 silly audit   'axe-core': [ '4.10.2' ],
248 silly audit   'axobject-query': [ '4.1.0' ],
248 silly audit   'balanced-match': [ '1.0.2' ],
248 silly audit   'baseline-browser-mapping': [ '2.9.18' ],
248 silly audit   'body-parser': [ '2.2.2' ],
248 silly audit   'iconv-lite': [ '0.7.2', '0.4.24' ],
248 silly audit   bootstrap: [ '5.3.7' ],
248 silly audit   'brace-expansion': [ '1.1.11' ],
248 silly audit   braces: [ '3.0.3' ],
248 silly audit   browserslist: [ '4.28.1' ],
248 silly audit   bson: [ '6.10.2' ],
248 silly audit   'buf-compare': [ '1.0.1' ],
248 silly audit   'bundle-name': [ '4.1.0' ],
248 silly audit   bytes: [ '3.1.2' ],
248 silly audit   bytewise: [ '1.1.0' ],
248 silly audit   'bytewise-core': [ '1.2.3' ],
248 silly audit   'call-bind': [ '1.0.8' ],
248 silly audit   'call-bind-apply-helpers': [ '1.0.1' ],
248 silly audit   'call-bound': [ '1.0.3' ],
248 silly audit   callsites: [ '3.1.0' ],
248 silly audit   'caniuse-lite': [ '1.0.30001766' ],
248 silly audit   cartocolor: [ '4.0.2' ],
248 silly audit   chalk: [ '5.6.2', '4.1.2' ],
248 silly audit   'class-variance-authority': [ '0.7.1' ],
248 silly audit   'cli-cursor': [ '5.0.0' ],
248 silly audit   'cli-spinners': [ '2.9.2' ],
248 silly audit   'cli-width': [ '4.1.0' ],
248 silly audit   cliui: [ '8.0.1' ],
248 silly audit   'emoji-regex': [ '8.0.0', '9.2.2', '10.6.0' ],
248 silly audit   'string-width': [ '4.2.3', '7.2.0' ],
248 silly audit   'wrap-ansi': [ '7.0.0', '6.2.0' ],
248 silly audit   clsx: [ '2.1.1' ],
248 silly audit   'code-block-writer': [ '13.0.3' ],
248 silly audit   'color-convert': [ '2.0.1' ],
248 silly audit   'color-name': [ '1.1.4' ],
248 silly audit   colorbrewer: [ '1.0.0' ],
248 silly audit   'concat-map': [ '0.0.1' ],
248 silly audit   'content-disposition': [ '1.0.1' ],
248 silly audit   'content-type': [ '1.0.5' ],
248 silly audit   'convert-source-map': [ '2.0.0' ],
248 silly audit   cookie: [ '0.7.2', '1.1.1' ],
248 silly audit   'cookie-signature': [ '1.2.2' ],
248 silly audit   'core-assert': [ '0.2.1' ],
248 silly audit   cors: [ '2.8.6' ],
248 silly audit   cosmiconfig: [ '9.0.0' ],
248 silly audit   'cross-spawn': [ '7.0.6' ],
248 silly audit   csscolorparser: [ '1.0.3' ],
248 silly audit   cssesc: [ '3.0.0' ],
248 silly audit   csstype: [ '3.1.3' ],
248 silly audit   'd3-array': [ '3.2.4' ],
248 silly audit   'd3-color': [ '3.1.0' ],
248 silly audit   'd3-dsv': [ '1.2.0' ],
248 silly audit   'd3-format': [ '3.1.0' ],
248 silly audit   'd3-hexbin': [ '0.2.2' ],
248 silly audit   'd3-interpolate': [ '3.0.1' ],
248 silly audit   'd3-scale': [ '4.0.2' ],
248 silly audit   'd3-time': [ '3.1.0' ],
248 silly audit   'd3-time-format': [ '4.1.0' ],
248 silly audit   'damerau-levenshtein': [ '1.0.8' ],
248 silly audit   'data-uri-to-buffer': [ '4.0.1' ],
248 silly audit   'data-view-buffer': [ '1.0.2' ],
248 silly audit   'data-view-byte-length': [ '1.0.2' ],
248 silly audit   'data-view-byte-offset': [ '1.0.1' ],
248 silly audit   debug: [ '4.4.3' ],
248 silly audit   'deck.gl': [ '8.9.32' ],
248 silly audit   dedent: [ '1.7.1' ],
248 silly audit   'deep-is': [ '0.1.4' ],
248 silly audit   'deep-strict-equal': [ '0.2.0' ],
248 silly audit   deepmerge: [ '4.3.1' ],
248 silly audit   'default-browser': [ '5.4.0' ],
248 silly audit   'default-browser-id': [ '5.0.1' ],
248 silly audit   'define-data-property': [ '1.1.4' ],
248 silly audit   'define-lazy-prop': [ '3.0.0' ],
248 silly audit   'define-properties': [ '1.2.1' ],
248 silly audit   depd: [ '2.0.0' ],
248 silly audit   'detect-node-es': [ '1.1.0' ],
248 silly audit   diff: [ '8.0.3' ],
248 silly audit   doctrine: [ '3.0.0', '2.1.0' ],
248 silly audit   draco3d: [ '1.5.5' ],
248 silly audit   'dunder-proto': [ '1.0.1' ],
248 silly audit   earcut: [ '2.2.4' ],
248 silly audit   eciesjs: [ '0.4.17' ],
248 silly audit   'ee-first': [ '1.1.1' ],
248 silly audit   'electron-to-chromium': [ '1.5.279' ],
248 silly audit   encodeurl: [ '2.0.0' ],
248 silly audit   'env-paths': [ '2.2.1' ],
248 silly audit   'error-ex': [ '1.3.4' ],
248 silly audit   'es-abstract': [ '1.23.9' ],
248 silly audit   'es-define-property': [ '1.0.1' ],
248 silly audit   'es-errors': [ '1.3.0' ],
248 silly audit   'es-iterator-helpers': [ '1.2.1' ],
248 silly audit   'es-object-atoms': [ '1.1.1' ],
248 silly audit   'es-set-tostringtag': [ '2.1.0' ],
248 silly audit   'es-shim-unscopables': [ '1.1.0' ],
248 silly audit   'es-to-primitive': [ '1.3.0' ],
248 silly audit   esbuild: [ '0.21.5' ],
248 silly audit   escalade: [ '3.2.0' ],
248 silly audit   'escape-html': [ '1.0.3' ],
248 silly audit   'escape-string-regexp': [ '4.0.0' ],
248 silly audit   eslint: [ '8.57.1' ],
248 silly audit   'eslint-config-prettier': [ '9.1.0' ],
248 silly audit   'eslint-plugin-jsx-a11y': [ '6.10.2' ],
248 silly audit   'eslint-plugin-react': [ '7.37.4' ],
248 silly audit   'eslint-plugin-react-hooks': [ '4.6.2' ],
248 silly audit   'eslint-scope': [ '7.2.2' ],
248 silly audit   'eslint-visitor-keys': [ '3.4.3' ],
248 silly audit   'glob-parent': [ '6.0.2', '5.1.2' ],
248 silly audit   espree: [ '9.6.1' ],
248 silly audit   esprima: [ '4.0.1' ],
248 silly audit   esquery: [ '1.6.0' ],
248 silly audit   esrecurse: [ '4.3.0' ],
248 silly audit   estraverse: [ '5.3.0' ],
248 silly audit   esutils: [ '2.0.3' ],
248 silly audit   etag: [ '1.8.1' ],
248 silly audit   eventsource: [ '3.0.7' ],
248 silly audit   'eventsource-parser': [ '3.0.6' ],
248 silly audit   'get-stream': [ '9.0.1', '6.0.1' ],
248 silly audit   express: [ '5.2.1' ],
248 silly audit   'express-rate-limit': [ '7.5.1' ],
248 silly audit   'expression-eval': [ '2.1.0' ],
248 silly audit   'extend-shallow': [ '2.0.1', '3.0.2' ],
248 silly audit   'fast-deep-equal': [ '3.1.3' ],
248 silly audit   'fast-glob': [ '3.3.3' ],
248 silly audit   'fast-json-stable-stringify': [ '2.1.0' ],
248 silly audit   'fast-levenshtein': [ '2.0.6' ],
248 silly audit   'fast-uri': [ '3.1.0' ],
248 silly audit   'fast-xml-parser': [ '4.5.1' ],
248 silly audit   fastq: [ '1.19.0' ],
248 silly audit   fdir: [ '6.5.0' ],
248 silly audit   'fetch-blob': [ '3.2.0' ],
248 silly audit   figures: [ '6.1.0' ],
248 silly audit   'file-entry-cache': [ '6.0.1' ],
248 silly audit   'fill-range': [ '7.1.1' ],
248 silly audit   finalhandler: [ '2.1.1' ],
248 silly audit   'find-up': [ '5.0.0' ],
248 silly audit   'flat-cache': [ '3.2.0' ],
248 silly audit   flatted: [ '3.3.2' ],
248 silly audit   'for-each': [ '0.3.4' ],
248 silly audit   'formdata-polyfill': [ '4.0.10' ],
248 silly audit   forwarded: [ '0.2.0' ],
248 silly audit   'fraction.js': [ '5.3.4' ],
248 silly audit   fresh: [ '2.0.0' ],
248 silly audit   'fs-extra': [ '11.3.3' ],
248 silly audit   'fs.realpath': [ '1.0.0' ],
248 silly audit   fsevents: [ '2.3.3' ],
248 silly audit   'function-bind': [ '1.1.2' ],
248 silly audit   'function.prototype.name': [ '1.1.8' ],
248 silly audit   'functions-have-names': [ '1.2.3' ],
248 silly audit   fuzzysort: [ '3.1.0' ],
248 silly audit   fzf: [ '0.5.2' ],
248 silly audit   gensync: [ '1.0.0-beta.2' ],
248 silly audit   'geojson-vt': [ '3.2.1' ],
248 silly audit   'get-caller-file': [ '2.0.5' ],
248 silly audit   'get-east-asian-width': [ '1.4.0' ],
248 silly audit   'get-intrinsic': [ '1.2.7' ],
248 silly audit   'get-nonce': [ '1.0.1' ],
248 silly audit   'get-own-enumerable-keys': [ '1.0.0' ],
248 silly audit   'get-proto': [ '1.0.1' ],
248 silly audit   'get-symbol-description': [ '1.1.0' ],
248 silly audit   'get-value': [ '2.0.6' ],
248 silly audit   'gl-matrix': [ '3.4.3' ],
248 silly audit   glob: [ '7.2.3' ],
248 silly audit   globalthis: [ '1.0.4' ],
248 silly audit   gopd: [ '1.2.0' ],
248 silly audit   'graceful-fs': [ '4.2.11' ],
248 silly audit   graphemer: [ '1.4.0' ],
248 silly audit   graphql: [ '16.12.0' ],
248 silly audit   'grid-index': [ '1.1.0' ],
248 silly audit   'h3-js': [ '3.7.2' ],
248 silly audit   hammerjs: [ '2.0.8' ],
248 silly audit   'has-bigints': [ '1.1.0' ],
248 silly audit   'has-flag': [ '4.0.0' ],
248 silly audit   'has-property-descriptors': [ '1.0.2' ],
248 silly audit   'has-proto': [ '1.2.0' ],
248 silly audit   'has-symbols': [ '1.1.0' ],
248 silly audit   'has-tostringtag': [ '1.0.2' ],
248 silly audit   hasown: [ '2.0.2' ],
248 silly audit   'headers-polyfill': [ '4.0.3' ],
248 silly audit   hono: [ '4.11.7' ],
248 silly audit   'http-errors': [ '2.0.1' ],
248 silly audit   'https-proxy-agent': [ '7.0.6' ],
248 silly audit   ieee754: [ '1.2.1' ],
248 silly audit   ignore: [ '5.3.2' ],
248 silly audit   'image-size': [ '0.7.5' ],
248 silly audit   'import-fresh': [ '3.3.1' ],
248 silly audit   imurmurhash: [ '0.1.4' ],
248 silly audit   inflight: [ '1.0.6' ],
248 silly audit   inherits: [ '2.0.4' ],
248 silly audit   'internal-slot': [ '1.1.0' ],
248 silly audit   internmap: [ '2.0.3' ],
248 silly audit   'ipaddr.js': [ '1.9.1' ],
248 silly audit   'is-array-buffer': [ '3.0.5' ],
248 silly audit   'is-arrayish': [ '0.2.1' ],
248 silly audit   'is-async-function': [ '2.1.1' ],
248 silly audit   'is-bigint': [ '1.1.0' ],
248 silly audit   'is-boolean-object': [ '1.2.2' ],
248 silly audit   'is-callable': [ '1.2.7' ],
248 silly audit   'is-core-module': [ '2.16.1' ],
248 silly audit   'is-data-view': [ '1.0.2' ],
248 silly audit   'is-date-object': [ '1.1.0' ],
248 silly audit   'is-docker': [ '3.0.0' ],
248 silly audit   'is-error': [ '2.2.2' ],
248 silly audit   'is-extendable': [ '0.1.1', '1.0.1' ],
248 silly audit   'is-extglob': [ '2.1.1' ],
248 silly audit   'is-finalizationregistry': [ '1.1.1' ],
248 silly audit   'is-fullwidth-code-point': [ '3.0.0' ],
248 silly audit   'is-generator-function': [ '1.1.0' ],
248 silly audit   'is-glob': [ '4.0.3' ],
248 silly audit   'is-in-ssh': [ '1.0.0' ],
248 silly audit   'is-inside-container': [ '1.0.0' ],
248 silly audit   'is-interactive': [ '2.0.0' ],
248 silly audit   'is-map': [ '2.0.3' ],
248 silly audit   'is-node-process': [ '1.2.0' ],
248 silly audit   'is-number': [ '7.0.0' ],
248 silly audit   'is-number-object': [ '1.1.1' ],
248 silly audit   'is-obj': [ '3.0.0' ],
248 silly audit   'is-path-inside': [ '3.0.3' ],
248 silly audit   'is-plain-obj': [ '4.1.0' ],
248 silly audit   'is-plain-object': [ '2.0.4' ],
248 silly audit   'is-promise': [ '4.0.0' ],
248 silly audit   'is-regex': [ '1.2.1' ],
248 silly audit   'is-regexp': [ '3.1.0' ],
248 silly audit   'is-set': [ '2.0.3' ],
248 silly audit   'is-shared-array-buffer': [ '1.0.4' ],
248 silly audit   'is-string': [ '1.1.1' ],
248 silly audit   'is-symbol': [ '1.1.1' ],
248 silly audit   'is-typed-array': [ '1.1.15' ],
248 silly audit   'is-unicode-supported': [ '2.1.0', '1.3.0' ],
248 silly audit   'is-weakmap': [ '2.0.2' ],
248 silly audit   'is-weakref': [ '1.1.1' ],
248 silly audit   'is-weakset': [ '2.0.4' ],
248 silly audit   'is-wsl': [ '3.1.0' ],
248 silly audit   isarray: [ '2.0.5' ],
248 silly audit   isobject: [ '3.0.1' ],
248 silly audit   'iterator.prototype': [ '1.1.5' ],
248 silly audit   jose: [ '6.1.3' ],
248 silly audit   'js-tokens': [ '4.0.0' ],
248 silly audit   'js-yaml': [ '4.1.0' ],
248 silly audit   jsep: [ '0.3.5' ],
248 silly audit   jsesc: [ '3.1.0' ],
248 silly audit   'json-buffer': [ '3.0.1' ],
248 silly audit   'json-parse-even-better-errors': [ '2.3.1' ],
248 silly audit   'json-schema-typed': [ '8.0.2' ],
248 silly audit   'json-stable-stringify-without-jsonify': [ '1.0.1' ],
248 silly audit   'json-stringify-pretty-compact': [ '3.0.0' ],
248 silly audit   json5: [ '2.2.3' ],
248 silly audit   jsonfile: [ '6.2.0' ],
248 silly audit   'jsx-ast-utils': [ '3.3.5' ],
248 silly audit   kdbush: [ '4.0.2' ],
248 silly audit   keyv: [ '4.5.4' ],
248 silly audit   kleur: [ '4.1.5', '3.0.3' ],
248 silly audit   'ktx-parse': [ '0.0.4' ],
248 silly audit   'language-subtag-registry': [ '0.3.23' ],
248 silly audit   'language-tags': [ '1.0.9' ],
248 silly audit   lerc: [ '4.0.4' ],
248 silly audit   levn: [ '0.4.1' ],
248 silly audit   'lines-and-columns': [ '1.2.4' ],
248 silly audit   'locate-path': [ '6.0.0' ],
248 silly audit   'lodash.merge': [ '4.6.2' ],
248 silly audit   'log-symbols': [ '6.0.0' ],
248 silly audit   'loose-envify': [ '1.4.0' ],
248 silly audit   'lru-cache': [ '5.1.1' ],
248 silly audit   'lucide-react': [ '0.563.0' ],
248 silly audit   'mapbox-gl': [ '2.15.0' ],
248 silly audit   'math-intrinsics': [ '1.1.0' ],
248 silly audit   'math.gl': [ '3.6.3' ],
248 silly audit   'media-typer': [ '1.1.0' ],
248 silly audit   'memory-pager': [ '1.5.0' ],
248 silly audit   'merge-descriptors': [ '2.0.0' ],
248 silly audit   'merge-stream': [ '2.0.0' ],
248 silly audit   merge2: [ '1.4.1' ],
248 silly audit   micromatch: [ '4.0.8' ],
248 silly audit   picomatch: [ '2.3.1', '4.0.3' ],
248 silly audit   'mime-db': [ '1.54.0' ],
248 silly audit   'mime-types': [ '3.0.2' ],
248 silly audit   'mimic-fn': [ '2.1.0' ],
248 silly audit   'mimic-function': [ '5.0.1' ],
248 silly audit   minimist: [ '1.2.8' ],
248 silly audit   'mjolnir.js': [ '2.7.3' ],
248 silly audit   moment: [ '2.30.1' ],
248 silly audit   'moment-timezone': [ '0.5.47' ],
248 silly audit   mongodb: [ '6.13.0' ],
248 silly audit   'mongodb-connection-string-url': [ '3.0.2' ],
248 silly audit   tr46: [ '5.0.0' ],
248 silly audit   'webidl-conversions': [ '7.0.0' ],
248 silly audit   'whatwg-url': [ '14.1.0' ],
248 silly audit   ms: [ '2.1.3' ],
248 silly audit   msw: [ '2.12.7' ],
248 silly audit   'type-fest': [ '5.4.2', '0.20.2' ],
248 silly audit   'murmurhash-js': [ '1.0.0' ],
248 silly audit   'mute-stream': [ '2.0.0' ],
248 silly audit   nanoid: [ '3.3.11' ],
248 silly audit   'natural-compare': [ '1.4.0' ],
248 silly audit   negotiator: [ '1.0.0' ],
248 silly audit   'node-domexception': [ '1.0.0' ],
248 silly audit   'node-fetch': [ '3.3.2' ],
248 silly audit   'node-releases': [ '2.0.27' ],
248 silly audit   'path-key': [ '4.0.0', '3.1.1' ],
248 silly audit   'object-assign': [ '4.1.1' ],
248 silly audit   'object-inspect': [ '1.13.4' ],
248 silly audit   'object-keys': [ '1.1.1' ],
248 silly audit   'object-treeify': [ '1.1.33' ],
248 silly audit   'object.assign': [ '4.1.7' ],
248 silly audit   'object.entries': [ '1.1.8' ],
248 silly audit   'object.fromentries': [ '2.0.8' ],
248 silly audit   'object.values': [ '1.2.1' ],
248 silly audit   'on-finished': [ '2.4.1' ],
248 silly audit   once: [ '1.4.0' ],
248 silly audit   open: [ '11.0.0' ],
248 silly audit   optionator: [ '0.9.4' ],
248 silly audit   ora: [ '8.2.0' ],
248 silly audit   'strip-ansi': [ '7.1.2', '6.0.1' ],
248 silly audit   outvariant: [ '1.4.3' ],
248 silly audit   'own-keys': [ '1.0.1' ],
248 silly audit   'p-limit': [ '3.1.0' ],
248 silly audit   'p-locate': [ '5.0.0' ],
248 silly audit   'package-manager-detector': [ '1.6.0' ],
248 silly audit   'parent-module': [ '1.0.1' ],
248 silly audit   'parse-json': [ '5.2.0' ],
248 silly audit   'parse-ms': [ '4.0.0' ],
248 silly audit   parseurl: [ '1.3.3' ],
248 silly audit   'path-browserify': [ '1.0.1' ],
248 silly audit   'path-exists': [ '4.0.0' ],
248 silly audit   'path-is-absolute': [ '1.0.1' ],
248 silly audit   'path-parse': [ '1.0.7' ],
248 silly audit   'path-to-regexp': [ '6.3.0', '8.3.0' ],
248 silly audit   pbf: [ '3.3.0' ],
248 silly audit   picocolors: [ '1.1.1' ],
248 silly audit   'pkce-challenge': [ '5.0.1' ],
248 silly audit   'possible-typed-array-names': [ '1.0.0' ],
248 silly audit   'postcss-selector-parser': [ '7.1.1', '6.1.2' ],
248 silly audit   'postcss-value-parser': [ '4.2.0' ],
248 silly audit   potpack: [ '2.0.0' ],
248 silly audit   'powershell-utils': [ '0.1.0' ],
248 silly audit   'prelude-ls': [ '1.2.1' ],
248 silly audit   prettier: [ '3.5.1' ],
248 silly audit   'pretty-ms': [ '9.3.0' ],
248 silly audit   prompts: [ '2.4.2' ],
248 silly audit   'prop-types': [ '15.8.1' ],
248 silly audit   'react-is': [ '16.13.1' ],
248 silly audit   'protocol-buffers-schema': [ '3.6.0' ],
248 silly audit   'proxy-addr': [ '2.0.7' ],
248 silly audit   punycode: [ '2.3.1' ],
248 silly audit   qs: [ '6.14.1' ],
248 silly audit   quadbin: [ '0.1.9' ],
248 silly audit   'queue-microtask': [ '1.2.3' ],
248 silly audit   quickselect: [ '2.0.0' ],
248 silly audit   'range-parser': [ '1.2.1' ],
248 silly audit   'raw-body': [ '3.0.2' ],
248 silly audit   react: [ '18.2.0' ],
248 silly audit   'react-apexcharts': [ '1.4.1' ],
248 silly audit   'react-dom': [ '18.2.0' ],
248 silly audit   'react-map-gl': [ '7.1.7' ],
248 silly audit   'react-remove-scroll': [ '2.7.2' ],
248 silly audit   'react-remove-scroll-bar': [ '2.3.8' ],
248 silly audit   'react-router': [ '6.22.1' ],
248 silly audit   'react-router-dom': [ '6.22.1' ],
248 silly audit   'react-style-singleton': [ '2.2.3' ],
248 silly audit   recast: [ '0.23.11' ],
248 silly audit   'reflect.getprototypeof': [ '1.0.10' ],
248 silly audit   'regenerator-runtime': [ '0.14.1' ],
248 silly audit   'regexp.prototype.flags': [ '1.5.4' ],
248 silly audit   'require-directory': [ '2.1.1' ],
248 silly audit   'require-from-string': [ '2.0.2' ],
248 silly audit   resolve: [ '2.0.0-next.5', '1.22.11' ],
248 silly audit   'resolve-from': [ '4.0.0' ],
248 silly audit   'resolve-protobuf-schema': [ '2.1.0' ],
248 silly audit   'restore-cursor': [ '5.1.0' ],
248 silly audit   rettime: [ '0.7.0' ],
248 silly audit   reusify: [ '1.0.4' ],
248 silly audit   rimraf: [ '3.0.2' ],
248 silly audit   router: [ '2.2.0' ],
248 silly audit   'run-applescript': [ '7.1.0' ],
248 silly audit   'run-parallel': [ '1.2.0' ],
248 silly audit   rw: [ '1.3.3' ],
248 silly audit   'safe-array-concat': [ '1.1.3' ],
248 silly audit   'safe-push-apply': [ '1.0.0' ],
248 silly audit   'safe-regex-test': [ '1.1.0' ],
248 silly audit   'safer-buffer': [ '2.1.2' ],
248 silly audit   scheduler: [ '0.23.2' ],
248 silly audit   semver: [ '6.3.1' ],
248 silly audit   send: [ '1.2.1' ],
248 silly audit   'serve-static': [ '2.2.1' ],
248 silly audit   'set-function-length': [ '1.2.2' ],
248 silly audit   'set-function-name': [ '2.0.2' ],
248 silly audit   'set-proto': [ '1.0.0' ],
248 silly audit   'set-value': [ '2.0.1' ],
248 silly audit   setprototypeof: [ '1.2.0' ],
248 silly audit   shadcn: [ '3.7.0' ],
248 silly audit   'shebang-command': [ '2.0.0' ],
248 silly audit   'shebang-regex': [ '3.0.0' ],
248 silly audit   'side-channel': [ '1.1.0' ],
248 silly audit   'side-channel-list': [ '1.0.0' ],
248 silly audit   'side-channel-map': [ '1.0.1' ],
248 silly audit   'side-channel-weakmap': [ '1.0.2' ],
248 silly audit   sisteransi: [ '1.0.5' ],
248 silly audit   'sort-asc': [ '0.2.0' ],
248 silly audit   'sort-desc': [ '0.2.0' ],
248 silly audit   'sort-object': [ '3.0.3' ],
248 silly audit   'source-map': [ '0.6.1' ],
248 silly audit   'source-map-js': [ '1.2.1' ],
248 silly audit   'sparse-bitfield': [ '3.0.3' ],
248 silly audit   'split-string': [ '3.1.0' ],
248 silly audit   'sprintf-js': [ '1.0.3' ],
248 silly audit   statuses: [ '2.0.2' ],
248 silly audit   'stdin-discarder': [ '0.2.2' ],
248 silly audit   'strict-event-emitter': [ '0.5.1' ],
248 silly audit   'string.prototype.includes': [ '2.0.1' ],
248 silly audit   'string.prototype.matchall': [ '4.0.12' ],
248 silly audit   'string.prototype.repeat': [ '1.0.0' ],
248 silly audit   'string.prototype.trim': [ '1.2.10' ],
248 silly audit   'string.prototype.trimend': [ '1.0.9' ],
248 silly audit   'string.prototype.trimstart': [ '1.0.8' ],
248 silly audit   'stringify-object': [ '5.0.0' ],
248 silly audit   'strip-bom': [ '3.0.0' ],
248 silly audit   'strip-json-comments': [ '3.1.1' ],
248 silly audit   strnum: [ '1.0.5' ],
248 silly audit   supercluster: [ '8.0.1' ],
248 silly audit   'supports-color': [ '7.2.0' ],
248 silly audit   'supports-preserve-symlinks-flag': [ '1.0.0' ],
248 silly audit   'svg.draggable.js': [ '2.2.2' ],
248 silly audit   'svg.easing.js': [ '2.0.0' ],
248 silly audit   'svg.filter.js': [ '2.0.2' ],
248 silly audit   'svg.js': [ '2.7.1' ],
248 silly audit   'svg.pathmorphing.js': [ '0.1.3' ],
248 silly audit   'svg.resize.js': [ '1.4.3' ],
248 silly audit   'svg.select.js': [ '2.1.2', '3.0.1' ],
248 silly audit   'tagged-tag': [ '1.0.0' ],
248 silly audit   'tailwind-merge': [ '3.4.0' ],
248 silly audit   'tailwindcss-animate': [ '1.0.7' ],
248 silly audit   'text-table': [ '0.2.0' ],
248 silly audit   'texture-compressor': [ '1.0.2' ],
248 silly audit   tilebelt: [ '1.0.1' ],
248 silly audit   'tiny-invariant': [ '1.3.3' ],
248 silly audit   tinyexec: [ '1.0.2' ],
248 silly audit   tinyqueue: [ '2.0.3' ],
248 silly audit   tldts: [ '7.0.19' ],
248 silly audit   'tldts-core': [ '7.0.19' ],
248 silly audit   'to-regex-range': [ '5.0.1' ],
248 silly audit   toidentifier: [ '1.0.1' ],
248 silly audit   'tough-cookie': [ '6.0.0' ],
248 silly audit   'ts-morph': [ '26.0.0' ],
248 silly audit   'tsconfig-paths': [ '4.2.0' ],
248 silly audit   tslib: [ '2.8.1' ],
248 silly audit   'type-check': [ '0.4.0' ],
248 silly audit   'type-is': [ '2.0.1' ],
248 silly audit   'typed-array-buffer': [ '1.0.3' ],
248 silly audit   'typed-array-byte-length': [ '1.0.3' ],
248 silly audit   'typed-array-byte-offset': [ '1.0.4' ],
248 silly audit   'typed-array-length': [ '1.0.7' ],
248 silly audit   typewise: [ '1.0.3' ],
248 silly audit   'typewise-core': [ '1.2.0' ],
248 silly audit   'unbox-primitive': [ '1.1.0' ],
248 silly audit   'unicorn-magic': [ '0.3.0' ],
248 silly audit   'union-value': [ '1.0.1' ],
248 silly audit   universalify: [ '2.0.1' ],
248 silly audit   unpipe: [ '1.0.0' ],
248 silly audit   'until-async': [ '3.0.2' ],
248 silly audit   'update-browserslist-db': [ '1.2.3' ],
248 silly audit   'uri-js': [ '4.4.1' ],
248 silly audit   'use-callback-ref': [ '1.3.3' ],
248 silly audit   'use-sidecar': [ '1.1.3' ],
248 silly audit   'use-sync-external-store': [ '1.6.0' ],
248 silly audit   'util-deprecate': [ '1.0.2' ],
248 silly audit   'validate-npm-package-name': [ '7.0.2' ],
248 silly audit   vary: [ '1.1.2' ],
248 silly audit   vite: [ '5.4.14' ],
248 silly audit   rollup: [ '4.34.8' ],
248 silly audit   'vt-pbf': [ '3.1.3' ],
248 silly audit   'web-streams-polyfill': [ '3.3.3' ],
248 silly audit   'which-boxed-primitive': [ '1.1.1' ],
248 silly audit   'which-builtin-type': [ '1.2.1' ],
248 silly audit   'which-collection': [ '1.0.2' ],
248 silly audit   'which-typed-array': [ '1.1.18' ],
248 silly audit   'word-wrap': [ '1.2.5' ],
248 silly audit   wrappy: [ '1.0.2' ],
248 silly audit   'wsl-utils': [ '0.3.1' ],
248 silly audit   y18n: [ '5.0.8' ],
248 silly audit   yallist: [ '3.1.1' ],
248 silly audit   yargs: [ '17.7.2' ],
248 silly audit   'yargs-parser': [ '21.1.1' ],
248 silly audit   'yocto-queue': [ '0.1.0' ],
248 silly audit   yoctocolors: [ '2.1.2' ],
248 silly audit   'yoctocolors-cjs': [ '2.1.3' ],
248 silly audit   zod: [ '3.25.76' ],
248 silly audit   'zod-to-json-schema': [ '3.25.1' ],
248 silly audit   autoprefixer: [ '10.4.23' ],
248 silly audit   postcss: [ '8.5.6' ],
248 silly audit   tailwindcss: [ '3.4.17' ],
248 silly audit   '@alloc/quick-lru': [ '5.2.0' ],
248 silly audit   arg: [ '5.0.2' ],
248 silly audit   chokidar: [ '3.6.0' ],
248 silly audit   didyoumean: [ '1.2.2' ],
248 silly audit   dlv: [ '1.1.3' ],
248 silly audit   jiti: [ '1.21.7' ],
248 silly audit   lilconfig: [ '3.1.3' ],
248 silly audit   'normalize-path': [ '3.0.0' ],
248 silly audit   'object-hash': [ '3.0.0' ],
248 silly audit   'postcss-import': [ '15.1.0' ],
248 silly audit   'postcss-js': [ '4.1.0' ],
248 silly audit   'postcss-load-config': [ '4.0.2' ],
248 silly audit   'postcss-nested': [ '6.2.0' ],
248 silly audit   sucrase: [ '3.35.1' ],
248 silly audit   anymatch: [ '3.1.3' ],
248 silly audit   'is-binary-path': [ '2.1.0' ],
248 silly audit   readdirp: [ '3.6.0' ],
248 silly audit   'binary-extensions': [ '2.3.0' ],
248 silly audit   'read-cache': [ '1.0.0' ],
248 silly audit   'camelcase-css': [ '2.0.1' ],
248 silly audit   yaml: [ '2.8.2' ],
248 silly audit   pify: [ '2.3.0' ],
248 silly audit   mz: [ '2.7.0' ],
248 silly audit   pirates: [ '4.0.7' ],
248 silly audit   tinyglobby: [ '0.2.15' ],
248 silly audit   'ts-interface-checker': [ '0.1.13' ],
248 silly audit   'any-promise': [ '1.3.0' ],
248 silly audit   'thenify-all': [ '1.6.0' ],
248 silly audit   thenify: [ '3.3.1' ]
248 silly audit }
249 http cache thenify@https://registry.npmjs.org/thenify/-/thenify-3.3.1.tgz 0ms (cache hit)
250 http cache ts-interface-checker@https://registry.npmjs.org/ts-interface-checker/-/ts-interface-checker-0.1.13.tgz 0ms (cache hit)
251 http cache thenify-all@https://registry.npmjs.org/thenify-all/-/thenify-all-1.6.0.tgz 0ms (cache hit)
252 http cache tinyglobby@https://registry.npmjs.org/tinyglobby/-/tinyglobby-0.2.15.tgz 0ms (cache hit)
253 http cache pirates@https://registry.npmjs.org/pirates/-/pirates-4.0.7.tgz 0ms (cache hit)
254 http cache mz@https://registry.npmjs.org/mz/-/mz-2.7.0.tgz 0ms (cache hit)
255 http cache yaml@https://registry.npmjs.org/yaml/-/yaml-2.8.2.tgz 0ms (cache hit)
256 http cache camelcase-css@https://registry.npmjs.org/camelcase-css/-/camelcase-css-2.0.1.tgz 0ms (cache hit)
257 http cache any-promise@https://registry.npmjs.org/any-promise/-/any-promise-1.3.0.tgz 0ms (cache hit)
258 http cache read-cache@https://registry.npmjs.org/read-cache/-/read-cache-1.0.0.tgz 0ms (cache hit)
259 http cache binary-extensions@https://registry.npmjs.org/binary-extensions/-/binary-extensions-2.3.0.tgz 0ms (cache hit)
260 http cache anymatch@https://registry.npmjs.org/anymatch/-/anymatch-3.1.3.tgz 0ms (cache hit)
261 http cache readdirp@https://registry.npmjs.org/readdirp/-/readdirp-3.6.0.tgz 0ms (cache hit)
262 http cache is-binary-path@https://registry.npmjs.org/is-binary-path/-/is-binary-path-2.1.0.tgz 0ms (cache hit)
263 http cache postcss-nested@https://registry.npmjs.org/postcss-nested/-/postcss-nested-6.2.0.tgz 0ms (cache hit)
264 http cache sucrase@https://registry.npmjs.org/sucrase/-/sucrase-3.35.1.tgz 0ms (cache hit)
265 http cache postcss-load-config@https://registry.npmjs.org/postcss-load-config/-/postcss-load-config-4.0.2.tgz 0ms (cache hit)
266 http cache postcss-js@https://registry.npmjs.org/postcss-js/-/postcss-js-4.1.0.tgz 0ms (cache hit)
267 http cache postcss-import@https://registry.npmjs.org/postcss-import/-/postcss-import-15.1.0.tgz 0ms (cache hit)
268 http cache object-hash@https://registry.npmjs.org/object-hash/-/object-hash-3.0.0.tgz 0ms (cache hit)
269 http cache normalize-path@https://registry.npmjs.org/normalize-path/-/normalize-path-3.0.0.tgz 0ms (cache hit)
270 http cache lilconfig@https://registry.npmjs.org/lilconfig/-/lilconfig-3.1.3.tgz 0ms (cache hit)
271 http cache jiti@https://registry.npmjs.org/jiti/-/jiti-1.21.7.tgz 0ms (cache hit)
272 http cache dlv@https://registry.npmjs.org/dlv/-/dlv-1.1.3.tgz 0ms (cache hit)
273 http cache pify@https://registry.npmjs.org/pify/-/pify-2.3.0.tgz 0ms (cache hit)
274 http cache didyoumean@https://registry.npmjs.org/didyoumean/-/didyoumean-1.2.2.tgz 0ms (cache hit)
275 http cache arg@https://registry.npmjs.org/arg/-/arg-5.0.2.tgz 0ms (cache hit)
276 http cache tailwindcss@https://registry.npmjs.org/tailwindcss/-/tailwindcss-3.4.17.tgz 0ms (cache hit)
277 http cache picomatch@https://registry.npmjs.org/picomatch/-/picomatch-2.3.1.tgz 0ms (cache hit)
278 http cache chokidar@https://registry.npmjs.org/chokidar/-/chokidar-3.6.0.tgz 0ms (cache hit)
279 http cache picomatch@https://registry.npmjs.org/picomatch/-/picomatch-2.3.1.tgz 0ms (cache hit)
280 http cache commander@https://registry.npmjs.org/commander/-/commander-4.1.1.tgz 0ms (cache hit)
281 http cache resolve@https://registry.npmjs.org/resolve/-/resolve-1.22.11.tgz 0ms (cache hit)
282 http cache @alloc/quick-lru@https://registry.npmjs.org/@alloc/quick-lru/-/quick-lru-5.2.0.tgz 0ms (cache hit)
283 http cache postcss-selector-parser@https://registry.npmjs.org/postcss-selector-parser/-/postcss-selector-parser-6.1.2.tgz 0ms (cache hit)
284 http cache postcss-selector-parser@https://registry.npmjs.org/postcss-selector-parser/-/postcss-selector-parser-6.1.2.tgz 0ms (cache hit)
285 http cache resolve@https://registry.npmjs.org/resolve/-/resolve-1.22.11.tgz 0ms (cache hit)
286 http cache glob-parent@https://registry.npmjs.org/glob-parent/-/glob-parent-6.0.2.tgz 0ms (cache hit)
287 silly tarball no local data for thenify@https://registry.npmjs.org/thenify/-/thenify-3.3.1.tgz. Extracting by manifest.
288 silly tarball no local data for ts-interface-checker@https://registry.npmjs.org/ts-interface-checker/-/ts-interface-checker-0.1.13.tgz. Extracting by manifest.
289 silly tarball no local data for thenify-all@https://registry.npmjs.org/thenify-all/-/thenify-all-1.6.0.tgz. Extracting by manifest.
290 silly tarball no local data for tinyglobby@https://registry.npmjs.org/tinyglobby/-/tinyglobby-0.2.15.tgz. Extracting by manifest.
291 silly tarball no local data for pirates@https://registry.npmjs.org/pirates/-/pirates-4.0.7.tgz. Extracting by manifest.
292 silly tarball no local data for mz@https://registry.npmjs.org/mz/-/mz-2.7.0.tgz. Extracting by manifest.
293 silly tarball no local data for yaml@https://registry.npmjs.org/yaml/-/yaml-2.8.2.tgz. Extracting by manifest.
294 silly tarball no local data for camelcase-css@https://registry.npmjs.org/camelcase-css/-/camelcase-css-2.0.1.tgz. Extracting by manifest.
295 silly tarball no local data for any-promise@https://registry.npmjs.org/any-promise/-/any-promise-1.3.0.tgz. Extracting by manifest.
296 silly tarball no local data for read-cache@https://registry.npmjs.org/read-cache/-/read-cache-1.0.0.tgz. Extracting by manifest.
297 silly tarball no local data for binary-extensions@https://registry.npmjs.org/binary-extensions/-/binary-extensions-2.3.0.tgz. Extracting by manifest.
298 silly tarball no local data for anymatch@https://registry.npmjs.org/anymatch/-/anymatch-3.1.3.tgz. Extracting by manifest.
299 silly tarball no local data for readdirp@https://registry.npmjs.org/readdirp/-/readdirp-3.6.0.tgz. Extracting by manifest.
300 silly tarball no local data for is-binary-path@https://registry.npmjs.org/is-binary-path/-/is-binary-path-2.1.0.tgz. Extracting by manifest.
301 silly tarball no local data for postcss-nested@https://registry.npmjs.org/postcss-nested/-/postcss-nested-6.2.0.tgz. Extracting by manifest.
302 silly tarball no local data for sucrase@https://registry.npmjs.org/sucrase/-/sucrase-3.35.1.tgz. Extracting by manifest.
303 silly tarball no local data for postcss-load-config@https://registry.npmjs.org/postcss-load-config/-/postcss-load-config-4.0.2.tgz. Extracting by manifest.
304 silly tarball no local data for postcss-js@https://registry.npmjs.org/postcss-js/-/postcss-js-4.1.0.tgz. Extracting by manifest.
305 silly tarball no local data for postcss-import@https://registry.npmjs.org/postcss-import/-/postcss-import-15.1.0.tgz. Extracting by manifest.
306 silly tarball no local data for object-hash@https://registry.npmjs.org/object-hash/-/object-hash-3.0.0.tgz. Extracting by manifest.
307 silly tarball no local data for normalize-path@https://registry.npmjs.org/normalize-path/-/normalize-path-3.0.0.tgz. Extracting by manifest.
308 silly tarball no local data for lilconfig@https://registry.npmjs.org/lilconfig/-/lilconfig-3.1.3.tgz. Extracting by manifest.
309 silly tarball no local data for jiti@https://registry.npmjs.org/jiti/-/jiti-1.21.7.tgz. Extracting by manifest.
310 silly tarball no local data for dlv@https://registry.npmjs.org/dlv/-/dlv-1.1.3.tgz. Extracting by manifest.
311 silly tarball no local data for pify@https://registry.npmjs.org/pify/-/pify-2.3.0.tgz. Extracting by manifest.
312 silly tarball no local data for didyoumean@https://registry.npmjs.org/didyoumean/-/didyoumean-1.2.2.tgz. Extracting by manifest.
313 silly tarball no local data for arg@https://registry.npmjs.org/arg/-/arg-5.0.2.tgz. Extracting by manifest.
314 silly tarball no local data for tailwindcss@https://registry.npmjs.org/tailwindcss/-/tailwindcss-3.4.17.tgz. Extracting by manifest.
315 silly tarball no local data for picomatch@https://registry.npmjs.org/picomatch/-/picomatch-2.3.1.tgz. Extracting by manifest.
316 silly tarball no local data for chokidar@https://registry.npmjs.org/chokidar/-/chokidar-3.6.0.tgz. Extracting by manifest.
317 silly tarball no local data for picomatch@https://registry.npmjs.org/picomatch/-/picomatch-2.3.1.tgz. Extracting by manifest.
318 silly tarball no local data for commander@https://registry.npmjs.org/commander/-/commander-4.1.1.tgz. Extracting by manifest.
319 silly tarball no local data for resolve@https://registry.npmjs.org/resolve/-/resolve-1.22.11.tgz. Extracting by manifest.
320 silly tarball no local data for @alloc/quick-lru@https://registry.npmjs.org/@alloc/quick-lru/-/quick-lru-5.2.0.tgz. Extracting by manifest.
321 silly tarball no local data for postcss-selector-parser@https://registry.npmjs.org/postcss-selector-parser/-/postcss-selector-parser-6.1.2.tgz. Extracting by manifest.
322 silly tarball no local data for postcss-selector-parser@https://registry.npmjs.org/postcss-selector-parser/-/postcss-selector-parser-6.1.2.tgz. Extracting by manifest.
323 silly tarball no local data for resolve@https://registry.npmjs.org/resolve/-/resolve-1.22.11.tgz. Extracting by manifest.
324 silly tarball no local data for glob-parent@https://registry.npmjs.org/glob-parent/-/glob-parent-6.0.2.tgz. Extracting by manifest.
325 http fetch GET 200 https://registry.npmjs.org/pirates/-/pirates-4.0.7.tgz 56ms (cache miss)
326 http fetch GET 200 https://registry.npmjs.org/anymatch/-/anymatch-3.1.3.tgz 56ms (cache miss)
327 http fetch GET 200 https://registry.npmjs.org/thenify-all/-/thenify-all-1.6.0.tgz 57ms (cache miss)
328 http fetch GET 200 https://registry.npmjs.org/read-cache/-/read-cache-1.0.0.tgz 57ms (cache miss)
329 http fetch GET 200 https://registry.npmjs.org/mz/-/mz-2.7.0.tgz 58ms (cache miss)
330 http fetch GET 200 https://registry.npmjs.org/binary-extensions/-/binary-extensions-2.3.0.tgz 58ms (cache miss)
331 http fetch GET 200 https://registry.npmjs.org/camelcase-css/-/camelcase-css-2.0.1.tgz 58ms (cache miss)
332 http fetch GET 200 https://registry.npmjs.org/ts-interface-checker/-/ts-interface-checker-0.1.13.tgz 59ms (cache miss)
333 http fetch GET 200 https://registry.npmjs.org/tinyglobby/-/tinyglobby-0.2.15.tgz 58ms (cache miss)
334 http fetch GET 200 https://registry.npmjs.org/thenify/-/thenify-3.3.1.tgz 64ms (cache miss)
335 http fetch GET 200 https://registry.npmjs.org/any-promise/-/any-promise-1.3.0.tgz 66ms (cache miss)
336 http fetch GET 200 https://registry.npmjs.org/object-hash/-/object-hash-3.0.0.tgz 84ms (cache miss)
337 http fetch GET 200 https://registry.npmjs.org/postcss-nested/-/postcss-nested-6.2.0.tgz 86ms (cache miss)
338 http fetch GET 200 https://registry.npmjs.org/postcss-js/-/postcss-js-4.1.0.tgz 97ms (cache miss)
339 http fetch GET 200 https://registry.npmjs.org/postcss-load-config/-/postcss-load-config-4.0.2.tgz 99ms (cache miss)
340 http fetch GET 200 https://registry.npmjs.org/lilconfig/-/lilconfig-3.1.3.tgz 99ms (cache miss)
341 http fetch GET 200 https://registry.npmjs.org/normalize-path/-/normalize-path-3.0.0.tgz 100ms (cache miss)
342 http fetch GET 200 https://registry.npmjs.org/postcss-import/-/postcss-import-15.1.0.tgz 102ms (cache miss)
343 http fetch GET 200 https://registry.npmjs.org/pify/-/pify-2.3.0.tgz 103ms (cache miss)
344 http fetch GET 200 https://registry.npmjs.org/didyoumean/-/didyoumean-1.2.2.tgz 103ms (cache miss)
345 http fetch GET 200 https://registry.npmjs.org/dlv/-/dlv-1.1.3.tgz 106ms (cache miss)
346 http fetch GET 200 https://registry.npmjs.org/readdirp/-/readdirp-3.6.0.tgz 114ms (cache miss)
347 http fetch GET 200 https://registry.npmjs.org/jiti/-/jiti-1.21.7.tgz 113ms (cache miss)
348 http fetch GET 200 https://registry.npmjs.org/is-binary-path/-/is-binary-path-2.1.0.tgz 117ms (cache miss)
349 http fetch GET 200 https://registry.npmjs.org/yaml/-/yaml-2.8.2.tgz 120ms (cache miss)
350 http fetch GET 200 https://registry.npmjs.org/arg/-/arg-5.0.2.tgz 125ms (cache miss)
351 http fetch GET 200 https://registry.npmjs.org/picomatch/-/picomatch-2.3.1.tgz 136ms (cache miss)
352 http fetch GET 200 https://registry.npmjs.org/picomatch/-/picomatch-2.3.1.tgz 136ms (cache miss)
353 http fetch GET 200 https://registry.npmjs.org/commander/-/commander-4.1.1.tgz 142ms (cache miss)
354 http fetch GET 200 https://registry.npmjs.org/chokidar/-/chokidar-3.6.0.tgz 143ms (cache miss)
355 http fetch GET 200 https://registry.npmjs.org/glob-parent/-/glob-parent-6.0.2.tgz 153ms (cache miss)
356 http fetch GET 200 https://registry.npmjs.org/postcss-selector-parser/-/postcss-selector-parser-6.1.2.tgz 166ms (cache miss)
357 http fetch GET 200 https://registry.npmjs.org/@alloc/quick-lru/-/quick-lru-5.2.0.tgz 167ms (cache miss)
358 http fetch GET 200 https://registry.npmjs.org/postcss-selector-parser/-/postcss-selector-parser-6.1.2.tgz 167ms (cache miss)
359 http fetch GET 200 https://registry.npmjs.org/resolve/-/resolve-1.22.11.tgz 180ms (cache miss)
360 http fetch GET 200 https://registry.npmjs.org/sucrase/-/sucrase-3.35.1.tgz 185ms (cache miss)
361 http fetch GET 200 https://registry.npmjs.org/resolve/-/resolve-1.22.11.tgz 186ms (cache miss)
362 http fetch GET 200 https://registry.npmjs.org/tailwindcss/-/tailwindcss-3.4.17.tgz 200ms (cache miss)
363 http fetch POST 200 https://registry.npmjs.org/-/npm/v1/security/advisories/bulk 302ms
364 silly audit report {
364 silly audit report   '@babel/runtime': [
364 silly audit report     {
364 silly audit report       id: 1104000,
364 silly audit report       url: 'https://github.com/advisories/GHSA-968p-4wvh-cqc8',
364 silly audit report       title: 'Babel has inefficient RegExp complexity in generated code with .replace when transpiling named capturing groups',
364 silly audit report       severity: 'moderate',
364 silly audit report       vulnerable_versions: '<7.26.10',
364 silly audit report       cwe: [Array],
364 silly audit report       cvss: [Object]
364 silly audit report     }
364 silly audit report   ],
364 silly audit report   '@remix-run/router': [
364 silly audit report     {
364 silly audit report       id: 1112052,
364 silly audit report       url: 'https://github.com/advisories/GHSA-2w69-qvjg-hvjx',
364 silly audit report       title: 'React Router vulnerable to XSS via Open Redirects',
364 silly audit report       severity: 'high',
364 silly audit report       vulnerable_versions: '<=1.23.1',
364 silly audit report       cwe: [Array],
364 silly audit report       cvss: [Object]
364 silly audit report     }
364 silly audit report   ],
364 silly audit report   'brace-expansion': [
364 silly audit report     {
364 silly audit report       id: 1105443,
364 silly audit report       url: 'https://github.com/advisories/GHSA-v6h2-p8h4-qcjw',
364 silly audit report       title: 'brace-expansion Regular Expression Denial of Service vulnerability',
364 silly audit report       severity: 'low',
364 silly audit report       vulnerable_versions: '>=1.0.0 <=1.1.11',
364 silly audit report       cwe: [Array],
364 silly audit report       cvss: [Object]
364 silly audit report     }
364 silly audit report   ],
364 silly audit report   esbuild: [
364 silly audit report     {
364 silly audit report       id: 1102341,
364 silly audit report       url: 'https://github.com/advisories/GHSA-67mh-4wv8-2f99',
364 silly audit report       title: 'esbuild enables any website to send any requests to the development server and read the response',
364 silly audit report       severity: 'moderate',
364 silly audit report       vulnerable_versions: '<=0.24.2',
364 silly audit report       cwe: [Array],
364 silly audit report       cvss: [Object]
364 silly audit report     }
364 silly audit report   ],
364 silly audit report   'js-yaml': [
364 silly audit report     {
364 silly audit report       id: 1109802,
364 silly audit report       url: 'https://github.com/advisories/GHSA-mh29-5h37-fv8m',
364 silly audit report       title: 'js-yaml has prototype pollution in merge (<<)',
364 silly audit report       severity: 'moderate',
364 silly audit report       vulnerable_versions: '>=4.0.0 <4.1.1',
364 silly audit report       cwe: [Array],
364 silly audit report       cvss: [Object]
364 silly audit report     }
364 silly audit report   ],
364 silly audit report   'react-router': [
364 silly audit report     {
364 silly audit report       id: 1112057,
364 silly audit report       url: 'https://github.com/advisories/GHSA-9jcx-v3wj-wh4m',
364 silly audit report       title: 'React Router has unexpected external redirect via untrusted paths',
364 silly audit report       severity: 'moderate',
364 silly audit report       vulnerable_versions: '>=6.0.0 <6.30.2',
364 silly audit report       cwe: [Array],
364 silly audit report       cvss: [Object]
364 silly audit report     }
364 silly audit report   ],
364 silly audit report   vite: [
364 silly audit report     {
364 silly audit report       id: 1103517,
364 silly audit report       url: 'https://github.com/advisories/GHSA-x574-m823-4x7w',
364 silly audit report       title: 'Vite bypasses server.fs.deny when using ?raw??',
364 silly audit report       severity: 'moderate',
364 silly audit report       vulnerable_versions: '>=5.0.0 <5.4.15',
364 silly audit report       cwe: [Array],
364 silly audit report       cvss: [Object]
364 silly audit report     },
364 silly audit report     {
364 silly audit report       id: 1103884,
364 silly audit report       url: 'https://github.com/advisories/GHSA-356w-63v5-8wf4',
364 silly audit report       title: 'Vite has an `server.fs.deny` bypass with an invalid `request-target`',
364 silly audit report       severity: 'moderate',
364 silly audit report       vulnerable_versions: '>=5.0.0 <5.4.18',
364 silly audit report       cwe: [Array],
364 silly audit report       cvss: [Object]
364 silly audit report     },
364 silly audit report     {
364 silly audit report       id: 1104173,
364 silly audit report       url: 'https://github.com/advisories/GHSA-859w-5945-r5v3',
364 silly audit report       title: "Vite's server.fs.deny bypassed with /. for files under project root",
364 silly audit report       severity: 'moderate',
364 silly audit report       vulnerable_versions: '>=5.0.0 <=5.4.18',
364 silly audit report       cwe: [Array],
364 silly audit report       cvss: [Object]
364 silly audit report     },
364 silly audit report     {
364 silly audit report       id: 1104202,
364 silly audit report       url: 'https://github.com/advisories/GHSA-xcj6-pq6g-qj4x',
364 silly audit report       title: 'Vite allows server.fs.deny to be bypassed with .svg or relative paths',
364 silly audit report       severity: 'moderate',
364 silly audit report       vulnerable_versions: '>=5.0.0 <5.4.17',
364 silly audit report       cwe: [Array],
364 silly audit report       cvss: [Object]
364 silly audit report     },
364 silly audit report     {
364 silly audit report       id: 1107323,
364 silly audit report       url: 'https://github.com/advisories/GHSA-g4jq-h2w9-997c',
364 silly audit report       title: 'Vite middleware may serve files starting with the same name with the public directory',
364 silly audit report       severity: 'low',
364 silly audit report       vulnerable_versions: '<=5.4.19',
364 silly audit report       cwe: [Array],
364 silly audit report       cvss: [Object]
364 silly audit report     },
364 silly audit report     {
364 silly audit report       id: 1107327,
364 silly audit report       url: 'https://github.com/advisories/GHSA-jqfw-vq24-v9c3',
364 silly audit report       title: "Vite's `server.fs` settings were not applied to HTML files",
364 silly audit report       severity: 'low',
364 silly audit report       vulnerable_versions: '<=5.4.19',
364 silly audit report       cwe: [Array],
364 silly audit report       cvss: [Object]
364 silly audit report     },
364 silly audit report     {
364 silly audit report       id: 1109131,
364 silly audit report       url: 'https://github.com/advisories/GHSA-93m4-6634-74q7',
364 silly audit report       title: 'vite allows server.fs.deny bypass via backslash on Windows',
364 silly audit report       severity: 'moderate',
364 silly audit report       vulnerable_versions: '>=5.2.6 <=5.4.20',
364 silly audit report       cwe: [Array],
364 silly audit report       cvss: [Object]
364 silly audit report     },
364 silly audit report     {
364 silly audit report       id: 1112511,
364 silly audit report       url: 'https://github.com/advisories/GHSA-4r4m-qw57-chr8',
364 silly audit report       title: 'Vite has a `server.fs.deny` bypassed for `inline` and `raw` with `?import` query',
364 silly audit report       severity: 'moderate',
364 silly audit report       vulnerable_versions: '>=5.0.0 <5.4.16',
364 silly audit report       cwe: [Array],
364 silly audit report       cvss: [Object]
364 silly audit report     }
364 silly audit report   ]
364 silly audit report }
365 silly packumentCache corgi:https://registry.npmjs.org/@babel%2fruntime cache-miss
366 silly packumentCache corgi:https://registry.npmjs.org/@remix-run%2frouter cache-miss
367 silly packumentCache corgi:https://registry.npmjs.org/brace-expansion cache-miss
368 silly packumentCache corgi:https://registry.npmjs.org/esbuild cache-miss
369 silly packumentCache corgi:https://registry.npmjs.org/js-yaml cache-miss
370 silly packumentCache corgi:https://registry.npmjs.org/react-router cache-miss
371 silly packumentCache corgi:https://registry.npmjs.org/vite cache-miss
372 http fetch GET 200 https://registry.npmjs.org/brace-expansion 100ms (cache revalidated)
373 silly packumentCache corgi:https://registry.npmjs.org/brace-expansion set size:16192 disposed:false
374 http fetch GET 200 https://registry.npmjs.org/esbuild 101ms (cache revalidated)
375 silly packumentCache corgi:https://registry.npmjs.org/esbuild set size:877737 disposed:false
376 http fetch GET 200 https://registry.npmjs.org/react-router 105ms (cache revalidated)
377 silly packumentCache corgi:https://registry.npmjs.org/react-router set size:1263694 disposed:false
378 http fetch GET 200 https://registry.npmjs.org/js-yaml 113ms (cache revalidated)
379 silly packumentCache corgi:https://registry.npmjs.org/js-yaml set size:58533 disposed:false
380 http fetch GET 200 https://registry.npmjs.org/@babel%2fruntime 113ms (cache revalidated)
381 silly packumentCache corgi:https://registry.npmjs.org/@babel%2fruntime set size:219996 disposed:false
382 http fetch GET 200 https://registry.npmjs.org/vite 114ms (cache revalidated)
383 silly packumentCache corgi:https://registry.npmjs.org/vite set size:2172362 disposed:false
384 http fetch GET 200 https://registry.npmjs.org/@remix-run%2frouter 131ms (cache revalidated)
385 silly packumentCache corgi:https://registry.npmjs.org/@remix-run%2frouter set size:212922 disposed:false
386 silly packumentCache corgi:https://registry.npmjs.org/@deck.gl%2faggregation-layers cache-miss
387 silly packumentCache corgi:https://registry.npmjs.org/@deck.gl%2fcarto cache-miss
388 silly packumentCache corgi:https://registry.npmjs.org/@deck.gl%2fcore cache-miss
389 silly packumentCache corgi:https://registry.npmjs.org/@deck.gl%2fextensions cache-miss
390 silly packumentCache corgi:https://registry.npmjs.org/@deck.gl%2fgeo-layers cache-miss
391 silly packumentCache corgi:https://registry.npmjs.org/@deck.gl%2fgoogle-maps cache-miss
392 silly packumentCache corgi:https://registry.npmjs.org/@deck.gl%2fjson cache-miss
393 silly packumentCache corgi:https://registry.npmjs.org/@deck.gl%2flayers cache-miss
394 silly packumentCache corgi:https://registry.npmjs.org/@deck.gl%2fmapbox cache-miss
395 silly packumentCache corgi:https://registry.npmjs.org/@deck.gl%2fmesh-layers cache-miss
396 silly packumentCache corgi:https://registry.npmjs.org/@deck.gl%2freact cache-miss
397 silly packumentCache corgi:https://registry.npmjs.org/@loaders.gl%2fcore cache-miss
398 silly packumentCache corgi:https://registry.npmjs.org/@loaders.gl%2fdraco cache-miss
399 silly packumentCache corgi:https://registry.npmjs.org/@loaders.gl%2floader-utils cache-miss
400 silly packumentCache corgi:https://registry.npmjs.org/@loaders.gl%2fterrain cache-miss
401 silly packumentCache corgi:https://registry.npmjs.org/@loaders.gl%2fwms cache-miss
402 silly packumentCache corgi:https://registry.npmjs.org/@loaders.gl%2fworker-utils cache-miss
403 silly packumentCache corgi:https://registry.npmjs.org/@loaders.gl%2fxml cache-miss
404 silly packumentCache corgi:https://registry.npmjs.org/@luma.gl%2fcore cache-miss
405 silly packumentCache corgi:https://registry.npmjs.org/@luma.gl%2fengine cache-miss
406 silly packumentCache corgi:https://registry.npmjs.org/@luma.gl%2fgltools cache-miss
407 silly packumentCache corgi:https://registry.npmjs.org/@luma.gl%2fshadertools cache-miss
408 silly packumentCache corgi:https://registry.npmjs.org/@luma.gl%2fwebgl cache-miss
409 silly packumentCache corgi:https://registry.npmjs.org/@math.gl%2fcore cache-miss
410 silly packumentCache corgi:https://registry.npmjs.org/@math.gl%2fculling cache-miss
411 silly packumentCache corgi:https://registry.npmjs.org/@math.gl%2fgeospatial cache-miss
412 silly packumentCache corgi:https://registry.npmjs.org/@math.gl%2fsun cache-miss
413 silly packumentCache corgi:https://registry.npmjs.org/@math.gl%2fweb-mercator cache-miss
414 silly packumentCache corgi:https://registry.npmjs.org/@probe.gl%2fenv cache-miss
415 silly packumentCache corgi:https://registry.npmjs.org/@probe.gl%2flog cache-miss
416 silly packumentCache corgi:https://registry.npmjs.org/@probe.gl%2fstats cache-miss
417 silly packumentCache corgi:https://registry.npmjs.org/deck.gl cache-miss
418 http fetch GET 200 https://registry.npmjs.org/@loaders.gl%2fxml 463ms (cache revalidated)
419 silly packumentCache corgi:https://registry.npmjs.org/@loaders.gl%2fxml set size:98360 disposed:false
420 http fetch GET 200 https://registry.npmjs.org/@loaders.gl%2fterrain 465ms (cache revalidated)
421 silly packumentCache corgi:https://registry.npmjs.org/@loaders.gl%2fterrain set size:340596 disposed:false
422 http fetch GET 200 https://registry.npmjs.org/@deck.gl%2fcarto 467ms (cache revalidated)
423 silly packumentCache corgi:https://registry.npmjs.org/@deck.gl%2fcarto set size:486184 disposed:false
424 http fetch GET 200 https://registry.npmjs.org/@deck.gl%2fmapbox 468ms (cache revalidated)
425 silly packumentCache corgi:https://registry.npmjs.org/@deck.gl%2fmapbox set size:606911 disposed:false
426 http fetch GET 200 https://registry.npmjs.org/@deck.gl%2fjson 470ms (cache revalidated)
427 silly packumentCache corgi:https://registry.npmjs.org/@deck.gl%2fjson set size:620630 disposed:false
428 http fetch GET 200 https://registry.npmjs.org/@loaders.gl%2fdraco 473ms (cache revalidated)
429 silly packumentCache corgi:https://registry.npmjs.org/@loaders.gl%2fdraco set size:454553 disposed:false
430 http fetch GET 200 https://registry.npmjs.org/@luma.gl%2fcore 488ms (cache revalidated)
431 silly packumentCache corgi:https://registry.npmjs.org/@luma.gl%2fcore set size:334881 disposed:false
432 http fetch GET 200 https://registry.npmjs.org/@loaders.gl%2floader-utils 493ms (cache revalidated)
433 silly packumentCache corgi:https://registry.npmjs.org/@loaders.gl%2floader-utils set size:410970 disposed:false
434 http fetch GET 200 https://registry.npmjs.org/@deck.gl%2fmesh-layers 513ms (cache revalidated)
435 silly packumentCache corgi:https://registry.npmjs.org/@deck.gl%2fmesh-layers set size:597700 disposed:false
436 http fetch GET 200 https://registry.npmjs.org/@deck.gl%2fgeo-layers 554ms (cache revalidated)
437 silly packumentCache corgi:https://registry.npmjs.org/@deck.gl%2fgeo-layers set size:740684 disposed:false
438 http fetch GET 200 https://registry.npmjs.org/@deck.gl%2fcore 559ms (cache revalidated)
439 silly packumentCache corgi:https://registry.npmjs.org/@deck.gl%2fcore set size:756258 disposed:false
440 http fetch GET 200 https://registry.npmjs.org/@deck.gl%2freact 561ms (cache revalidated)
441 silly packumentCache corgi:https://registry.npmjs.org/@deck.gl%2freact set size:679211 disposed:false
442 http fetch GET 200 https://registry.npmjs.org/@deck.gl%2fgoogle-maps 578ms (cache revalidated)
443 silly packumentCache corgi:https://registry.npmjs.org/@deck.gl%2fgoogle-maps set size:564515 disposed:false
444 http fetch GET 200 https://registry.npmjs.org/@deck.gl%2faggregation-layers 583ms (cache revalidated)
445 silly packumentCache corgi:https://registry.npmjs.org/@deck.gl%2faggregation-layers set size:622216 disposed:false
446 http fetch GET 200 https://registry.npmjs.org/@loaders.gl%2fwms 967ms (cache revalidated)
447 silly packumentCache corgi:https://registry.npmjs.org/@loaders.gl%2fwms set size:109793 disposed:false
448 http fetch GET 200 https://registry.npmjs.org/@luma.gl%2fengine 968ms (cache revalidated)
449 silly packumentCache corgi:https://registry.npmjs.org/@luma.gl%2fengine set size:231796 disposed:false
450 http fetch GET 200 https://registry.npmjs.org/@loaders.gl%2fworker-utils 969ms (cache revalidated)
451 silly packumentCache corgi:https://registry.npmjs.org/@loaders.gl%2fworker-utils set size:221420 disposed:false
452 http fetch GET 200 https://registry.npmjs.org/@math.gl%2fcore 968ms (cache revalidated)
453 silly packumentCache corgi:https://registry.npmjs.org/@math.gl%2fcore set size:85347 disposed:false
454 http fetch GET 200 https://registry.npmjs.org/@deck.gl%2fextensions 971ms (cache revalidated)
455 silly packumentCache corgi:https://registry.npmjs.org/@deck.gl%2fextensions set size:530772 disposed:false
456 http fetch GET 200 https://registry.npmjs.org/@deck.gl%2flayers 972ms (cache revalidated)
457 silly packumentCache corgi:https://registry.npmjs.org/@deck.gl%2flayers set size:718918 disposed:false
458 http fetch GET 200 https://registry.npmjs.org/@luma.gl%2fshadertools 974ms (cache revalidated)
459 silly packumentCache corgi:https://registry.npmjs.org/@luma.gl%2fshadertools set size:316394 disposed:false
460 http fetch GET 200 https://registry.npmjs.org/@math.gl%2fculling 987ms (cache revalidated)
461 silly packumentCache corgi:https://registry.npmjs.org/@math.gl%2fculling set size:99349 disposed:false
462 http fetch GET 200 https://registry.npmjs.org/@luma.gl%2fwebgl 1000ms (cache revalidated)
463 silly packumentCache corgi:https://registry.npmjs.org/@luma.gl%2fwebgl set size:310371 disposed:false
464 http fetch GET 200 https://registry.npmjs.org/@math.gl%2fgeospatial 1004ms (cache revalidated)
465 silly packumentCache corgi:https://registry.npmjs.org/@math.gl%2fgeospatial set size:99986 disposed:false
466 http fetch GET 200 https://registry.npmjs.org/@math.gl%2fsun 1010ms (cache revalidated)
467 silly packumentCache corgi:https://registry.npmjs.org/@math.gl%2fsun set size:83067 disposed:false
468 http fetch GET 200 https://registry.npmjs.org/@probe.gl%2flog 1033ms (cache revalidated)
469 silly packumentCache corgi:https://registry.npmjs.org/@probe.gl%2flog set size:27504 disposed:false
470 http fetch GET 200 https://registry.npmjs.org/@probe.gl%2fstats 1092ms (cache revalidated)
471 silly packumentCache corgi:https://registry.npmjs.org/@probe.gl%2fstats set size:55743 disposed:false
472 http fetch GET 200 https://registry.npmjs.org/@loaders.gl%2fcore 1333ms (cache revalidated)
473 silly packumentCache corgi:https://registry.npmjs.org/@loaders.gl%2fcore set size:437854 disposed:false
474 http fetch GET 200 https://registry.npmjs.org/@luma.gl%2fgltools 1353ms (cache revalidated)
475 silly packumentCache corgi:https://registry.npmjs.org/@luma.gl%2fgltools set size:139101 disposed:false
476 http fetch GET 200 https://registry.npmjs.org/deck.gl 1532ms (cache revalidated)
477 silly packumentCache corgi:https://registry.npmjs.org/deck.gl set size:1134029 disposed:false
478 http fetch GET 200 https://registry.npmjs.org/@math.gl%2fweb-mercator 1780ms (cache revalidated)
479 silly packumentCache corgi:https://registry.npmjs.org/@math.gl%2fweb-mercator set size:89263 disposed:false
480 http fetch GET 200 https://registry.npmjs.org/@probe.gl%2fenv 1814ms (cache revalidated)
481 silly packumentCache corgi:https://registry.npmjs.org/@probe.gl%2fenv set size:26763 disposed:false
482 silly packumentCache corgi:https://registry.npmjs.org/react-router-dom cache-miss
483 http fetch GET 200 https://registry.npmjs.org/react-router-dom 45ms (cache revalidated)
484 silly packumentCache corgi:https://registry.npmjs.org/react-router-dom set size:1008400 disposed:false
485 silly packumentCache corgi:https://registry.npmjs.org/minimatch cache-miss
486 http fetch GET 200 https://registry.npmjs.org/minimatch 41ms (cache revalidated)
487 silly packumentCache corgi:https://registry.npmjs.org/minimatch set size:145311 disposed:false
488 silly packumentCache corgi:https://registry.npmjs.org/@eslint%2feslintrc cache-miss
489 silly packumentCache corgi:https://registry.npmjs.org/cosmiconfig cache-miss
490 silly packumentCache corgi:https://registry.npmjs.org/eslint cache-miss
491 http fetch GET 200 https://registry.npmjs.org/eslint 41ms (cache revalidated)
492 silly packumentCache corgi:https://registry.npmjs.org/eslint set size:1123651 disposed:false
493 http fetch GET 200 https://registry.npmjs.org/cosmiconfig 47ms (cache revalidated)
494 silly packumentCache corgi:https://registry.npmjs.org/cosmiconfig set size:81973 disposed:false
495 http fetch GET 200 https://registry.npmjs.org/@eslint%2feslintrc 55ms (cache revalidated)
496 silly packumentCache corgi:https://registry.npmjs.org/@eslint%2feslintrc set size:80753 disposed:false
497 silly packumentCache corgi:https://registry.npmjs.org/@vitejs%2fplugin-react cache-miss
498 http fetch GET 200 https://registry.npmjs.org/@vitejs%2fplugin-react 54ms (cache revalidated)
499 silly packumentCache corgi:https://registry.npmjs.org/@vitejs%2fplugin-react set size:104872 disposed:false
500 silly ADD node_modules/thenify
501 silly ADD node_modules/thenify-all
502 silly ADD node_modules/any-promise
503 silly ADD node_modules/ts-interface-checker
504 silly ADD node_modules/tinyglobby
505 silly ADD node_modules/pirates
506 silly ADD node_modules/mz
507 silly ADD node_modules/pify
508 silly ADD node_modules/yaml
509 silly ADD node_modules/camelcase-css
510 silly ADD node_modules/read-cache
511 silly ADD node_modules/binary-extensions
512 silly ADD node_modules/readdirp
513 silly ADD node_modules/readdirp/node_modules/picomatch
514 silly ADD node_modules/is-binary-path
515 silly ADD node_modules/anymatch
516 silly ADD node_modules/anymatch/node_modules/picomatch
517 silly ADD node_modules/sucrase
518 silly ADD node_modules/sucrase/node_modules/commander
519 silly ADD node_modules/postcss-nested
520 silly ADD node_modules/postcss-nested/node_modules/postcss-selector-parser
521 silly ADD node_modules/postcss-load-config
522 silly ADD node_modules/postcss-js
523 silly ADD node_modules/postcss-import
524 silly ADD node_modules/postcss-import/node_modules/resolve
525 silly ADD node_modules/object-hash
526 silly ADD node_modules/normalize-path
527 silly ADD node_modules/lilconfig
528 silly ADD node_modules/jiti
529 silly ADD node_modules/dlv
530 silly ADD node_modules/didyoumean
531 silly ADD node_modules/chokidar
532 silly ADD node_modules/arg
533 silly ADD node_modules/@alloc/quick-lru
534 silly CHANGE node_modules/tailwindcss
535 silly ADD node_modules/tailwindcss/node_modules/resolve
536 silly ADD node_modules/tailwindcss/node_modules/postcss-selector-parser
537 silly ADD node_modules/tailwindcss/node_modules/glob-parent
538 verbose cwd /Users/lore/Desktop/work/wf_projects/mozambique-portal
539 verbose os Darwin 25.2.0
540 verbose node v25.4.0
541 verbose npm  v11.7.0
542 verbose exit 0
543 info ok
