0 verbose cli /opt/homebrew/Cellar/node/25.4.0/bin/node /opt/homebrew/bin/npm
1 info using npm@11.7.0
2 info using node@v25.4.0
3 silly config load:file:/opt/homebrew/Cellar/node/25.4.0/libexec/lib/node_modules/npm/npmrc
4 silly config load:file:/Users/lore/Desktop/work/wf_projects/mozambique-portal/.npmrc
5 silly config load:file:/Users/lore/.npmrc
6 silly config load:file:/opt/homebrew/Cellar/node/25.4.0/etc/npmrc
7 verbose title npm install @radix-ui/react-hover-card @radix-ui/react-tooltip @radix-ui/react-popover
8 verbose argv "install" "@radix-ui/react-hover-card" "@radix-ui/react-tooltip" "@radix-ui/react-popover"
9 verbose logfile logs-max:10 dir:/Users/lore/Desktop/work/wf_projects/mozambique-portal/.npm-cache/_logs/2026-01-28T12_15_19_195Z-
10 verbose logfile /Users/lore/Desktop/work/wf_projects/mozambique-portal/.npm-cache/_logs/2026-01-28T12_15_19_195Z-debug-0.log
11 silly logfile done cleaning log files
12 silly packumentCache heap:4496293888 maxSize:1124073472 maxEntrySize:562036736
13 silly idealTree buildDeps
14 silly fetch manifest @radix-ui/react-hover-card@^1.1.15
15 silly packumentCache full:https://registry.npmjs.org/@radix-ui%2freact-hover-card cache-miss
16 http cache https://registry.npmjs.org/@radix-ui%2freact-hover-card 73ms (cache hit)
17 silly packumentCache full:https://registry.npmjs.org/@radix-ui%2freact-hover-card set size:971323 disposed:false
18 silly fetch manifest @types/react@*
19 silly packumentCache full:https://registry.npmjs.org/@types%2freact cache-miss
20 http cache https://registry.npmjs.org/@types%2freact 3ms (cache hit)
21 silly packumentCache full:https://registry.npmjs.org/@types%2freact set size:2555610 disposed:false
22 silly fetch manifest @types/react-dom@*
23 silly packumentCache full:https://registry.npmjs.org/@types%2freact-dom cache-miss
24 http cache https://registry.npmjs.org/@types%2freact-dom 2ms (cache hit)
25 silly packumentCache full:https://registry.npmjs.org/@types%2freact-dom set size:429026 disposed:false
26 silly fetch manifest react@18.2.0
27 silly packumentCache full:https://registry.npmjs.org/react cache-miss
28 http cache https://registry.npmjs.org/react 6ms (cache hit)
29 silly packumentCache full:https://registry.npmjs.org/react set size:6427064 disposed:false
30 silly fetch manifest react-dom@18.2.0
31 silly packumentCache full:https://registry.npmjs.org/react-dom cache-miss
32 http cache https://registry.npmjs.org/react-dom 9ms (cache hit)
33 silly packumentCache full:https://registry.npmjs.org/react-dom set size:8482254 disposed:false
34 silly fetch manifest @radix-ui/react-popover@^1.1.15
35 silly packumentCache full:https://registry.npmjs.org/@radix-ui%2freact-popover cache-miss
36 http cache https://registry.npmjs.org/@radix-ui%2freact-popover 4ms (cache hit)
37 silly packumentCache full:https://registry.npmjs.org/@radix-ui%2freact-popover set size:1089273 disposed:false
38 silly fetch manifest @radix-ui/react-tooltip@^1.2.8
39 silly packumentCache full:https://registry.npmjs.org/@radix-ui%2freact-tooltip cache-miss
40 http cache https://registry.npmjs.org/@radix-ui%2freact-tooltip 2ms (cache hit)
41 silly packumentCache full:https://registry.npmjs.org/@radix-ui%2freact-tooltip set size:1098971 disposed:false
42 silly placeDep ROOT @radix-ui/react-hover-card@1.1.15 REPLACE for: mozambique-portal@1.3.0 want: ^1.1.15
43 silly placeDep ROOT @radix-ui/react-popover@1.1.15 REPLACE for: mozambique-portal@1.3.0 want: ^1.1.15
44 silly placeDep ROOT @radix-ui/react-tooltip@1.2.8 REPLACE for: mozambique-portal@1.3.0 want: ^1.2.8
45 silly reify moves {}
46 silly audit bulk request {
46 silly audit   '@antfu/ni': [ '25.0.0' ],
46 silly audit   '@babel/code-frame': [ '7.28.6' ],
46 silly audit   '@babel/compat-data': [ '7.28.6' ],
46 silly audit   '@babel/core': [ '7.28.6' ],
46 silly audit   '@babel/generator': [ '7.28.6' ],
46 silly audit   '@babel/helper-annotate-as-pure': [ '7.27.3' ],
46 silly audit   '@babel/helper-compilation-targets': [ '7.28.6' ],
46 silly audit   '@babel/helper-create-class-features-plugin': [ '7.28.6' ],
46 silly audit   '@babel/helper-globals': [ '7.28.0' ],
46 silly audit   '@babel/helper-member-expression-to-functions': [ '7.28.5' ],
46 silly audit   '@babel/helper-module-imports': [ '7.28.6' ],
46 silly audit   '@babel/helper-module-transforms': [ '7.28.6' ],
46 silly audit   '@babel/helper-optimise-call-expression': [ '7.27.1' ],
46 silly audit   '@babel/helper-plugin-utils': [ '7.28.6' ],
46 silly audit   '@babel/helper-replace-supers': [ '7.28.6' ],
46 silly audit   '@babel/helper-skip-transparent-expression-wrappers': [ '7.27.1' ],
46 silly audit   '@babel/helper-string-parser': [ '7.27.1' ],
46 silly audit   '@babel/helper-validator-identifier': [ '7.28.5' ],
46 silly audit   '@babel/helper-validator-option': [ '7.27.1' ],
46 silly audit   '@babel/helpers': [ '7.28.6' ],
46 silly audit   '@babel/parser': [ '7.28.6' ],
46 silly audit   '@babel/plugin-proposal-private-property-in-object': [ '7.21.11' ],
46 silly audit   '@babel/plugin-syntax-jsx': [ '7.28.6' ],
46 silly audit   '@babel/plugin-syntax-private-property-in-object': [ '7.14.5' ],
46 silly audit   '@babel/plugin-syntax-typescript': [ '7.28.6' ],
46 silly audit   '@babel/plugin-transform-modules-commonjs': [ '7.28.6' ],
46 silly audit   '@babel/plugin-transform-react-jsx-self': [ '7.25.9' ],
46 silly audit   '@babel/plugin-transform-react-jsx-source': [ '7.25.9' ],
46 silly audit   '@babel/plugin-transform-typescript': [ '7.28.6' ],
46 silly audit   '@babel/preset-typescript': [ '7.28.5' ],
46 silly audit   '@babel/runtime': [ '7.26.7' ],
46 silly audit   '@babel/template': [ '7.28.6' ],
46 silly audit   '@babel/traverse': [ '7.28.6' ],
46 silly audit   '@babel/types': [ '7.28.6' ],
46 silly audit   '@deck.gl/aggregation-layers': [ '8.9.32' ],
46 silly audit   '@deck.gl/carto': [ '8.9.32' ],
46 silly audit   '@deck.gl/core': [ '8.9.32' ],
46 silly audit   '@deck.gl/extensions': [ '8.9.32' ],
46 silly audit   '@deck.gl/geo-layers': [ '8.9.32' ],
46 silly audit   '@deck.gl/google-maps': [ '8.9.32' ],
46 silly audit   '@deck.gl/json': [ '8.9.32' ],
46 silly audit   '@deck.gl/layers': [ '8.9.32' ],
46 silly audit   '@deck.gl/mapbox': [ '8.9.32' ],
46 silly audit   '@deck.gl/mesh-layers': [ '8.9.32' ],
46 silly audit   '@deck.gl/react': [ '8.9.32' ],
46 silly audit   '@dotenvx/dotenvx': [ '1.52.0' ],
46 silly audit   commander: [ '11.1.0', '2.20.3', '14.0.2' ],
46 silly audit   dotenv: [ '17.2.3', '16.4.7' ],
46 silly audit   execa: [ '5.1.1', '9.6.1' ],
46 silly audit   'human-signals': [ '2.1.0', '8.0.1' ],
46 silly audit   'is-stream': [ '2.0.1', '4.0.1' ],
46 silly audit   isexe: [ '3.1.1', '2.0.0' ],
46 silly audit   'npm-run-path': [ '4.0.1', '6.0.0' ],
46 silly audit   onetime: [ '5.1.2', '7.0.0' ],
46 silly audit   'signal-exit': [ '3.0.7', '4.1.0' ],
46 silly audit   'strip-final-newline': [ '2.0.0', '4.0.0' ],
46 silly audit   which: [ '4.0.0', '2.0.2' ],
46 silly audit   '@ecies/ciphers': [ '0.2.5' ],
46 silly audit   '@esbuild/aix-ppc64': [ '0.21.5' ],
46 silly audit   '@esbuild/android-arm': [ '0.21.5' ],
46 silly audit   '@esbuild/android-arm64': [ '0.21.5' ],
46 silly audit   '@esbuild/android-x64': [ '0.21.5' ],
46 silly audit   '@esbuild/darwin-arm64': [ '0.21.5' ],
46 silly audit   '@esbuild/darwin-x64': [ '0.21.5' ],
46 silly audit   '@esbuild/freebsd-arm64': [ '0.21.5' ],
46 silly audit   '@esbuild/freebsd-x64': [ '0.21.5' ],
46 silly audit   '@esbuild/linux-arm': [ '0.21.5' ],
46 silly audit   '@esbuild/linux-arm64': [ '0.21.5' ],
46 silly audit   '@esbuild/linux-ia32': [ '0.21.5' ],
46 silly audit   '@esbuild/linux-loong64': [ '0.21.5' ],
46 silly audit   '@esbuild/linux-mips64el': [ '0.21.5' ],
46 silly audit   '@esbuild/linux-ppc64': [ '0.21.5' ],
46 silly audit   '@esbuild/linux-riscv64': [ '0.21.5' ],
46 silly audit   '@esbuild/linux-s390x': [ '0.21.5' ],
46 silly audit   '@esbuild/linux-x64': [ '0.21.5' ],
46 silly audit   '@esbuild/netbsd-x64': [ '0.21.5' ],
46 silly audit   '@esbuild/openbsd-x64': [ '0.21.5' ],
46 silly audit   '@esbuild/sunos-x64': [ '0.21.5' ],
46 silly audit   '@esbuild/win32-arm64': [ '0.21.5' ],
46 silly audit   '@esbuild/win32-ia32': [ '0.21.5' ],
46 silly audit   '@esbuild/win32-x64': [ '0.21.5' ],
46 silly audit   '@eslint-community/eslint-utils': [ '4.4.1' ],
46 silly audit   '@eslint-community/regexpp': [ '4.12.1' ],
46 silly audit   '@eslint/eslintrc': [ '2.1.4' ],
46 silly audit   ajv: [ '6.12.6', '8.17.1' ],
46 silly audit   globals: [ '13.24.0' ],
46 silly audit   'json-schema-traverse': [ '0.4.1', '1.0.0' ],
46 silly audit   '@eslint/js': [ '8.57.1' ],
46 silly audit   '@floating-ui/core': [ '1.7.4' ],
46 silly audit   '@floating-ui/dom': [ '1.7.5' ],
46 silly audit   '@floating-ui/react-dom': [ '2.1.7' ],
46 silly audit   '@floating-ui/utils': [ '0.2.10' ],
46 silly audit   '@hono/node-server': [ '1.19.9' ],
46 silly audit   '@humanwhocodes/config-array': [ '0.13.0' ],
46 silly audit   '@humanwhocodes/module-importer': [ '1.0.1' ],
46 silly audit   '@humanwhocodes/object-schema': [ '2.0.3' ],
46 silly audit   '@inquirer/ansi': [ '1.0.2' ],
46 silly audit   '@inquirer/confirm': [ '5.1.21' ],
46 silly audit   '@inquirer/core': [ '10.3.2' ],
46 silly audit   '@inquirer/figures': [ '1.0.15' ],
46 silly audit   '@inquirer/type': [ '3.0.10' ],
46 silly audit   '@isaacs/balanced-match': [ '4.0.1' ],
46 silly audit   '@isaacs/brace-expansion': [ '5.0.0' ],
46 silly audit   '@jridgewell/gen-mapping': [ '0.3.13' ],
46 silly audit   '@jridgewell/remapping': [ '2.3.5' ],
46 silly audit   '@jridgewell/resolve-uri': [ '3.1.2' ],
46 silly audit   '@jridgewell/sourcemap-codec': [ '1.5.5' ],
46 silly audit   '@jridgewell/trace-mapping': [ '0.3.31' ],
46 silly audit   '@loaders.gl/3d-tiles': [ '3.4.15' ],
46 silly audit   long: [ '5.2.4', '3.2.0' ],
46 silly audit   '@loaders.gl/core': [ '3.4.15' ],
46 silly audit   '@loaders.gl/draco': [ '3.4.15' ],
46 silly audit   '@loaders.gl/gis': [ '3.4.15' ],
46 silly audit   '@loaders.gl/gltf': [ '3.4.15' ],
46 silly audit   '@loaders.gl/images': [ '3.4.15' ],
46 silly audit   '@loaders.gl/loader-utils': [ '3.4.15' ],
46 silly audit   '@loaders.gl/math': [ '3.4.15' ],
46 silly audit   '@loaders.gl/mvt': [ '3.4.15' ],
46 silly audit   '@loaders.gl/schema': [ '3.4.15' ],
46 silly audit   '@loaders.gl/terrain': [ '3.4.15' ],
46 silly audit   '@loaders.gl/textures': [ '3.4.15' ],
46 silly audit   '@loaders.gl/tiles': [ '3.4.15' ],
46 silly audit   '@loaders.gl/wms': [ '3.4.15' ],
46 silly audit   '@loaders.gl/worker-utils': [ '3.4.15' ],
46 silly audit   '@loaders.gl/xml': [ '3.4.15' ],
46 silly audit   '@luma.gl/constants': [ '8.5.21' ],
46 silly audit   '@luma.gl/core': [ '8.5.21' ],
46 silly audit   '@luma.gl/engine': [ '8.5.21' ],
46 silly audit   '@luma.gl/experimental': [ '8.5.21' ],
46 silly audit   '@luma.gl/gltools': [ '8.5.21' ],
46 silly audit   '@luma.gl/shadertools': [ '8.5.21' ],
46 silly audit   '@luma.gl/webgl': [ '8.5.21' ],
46 silly audit   '@mapbox/geojson-rewind': [ '0.5.2' ],
46 silly audit   '@mapbox/jsonlint-lines-primitives': [ '2.0.2' ],
46 silly audit   '@mapbox/mapbox-gl-supported': [ '2.0.1' ],
46 silly audit   '@mapbox/martini': [ '0.2.0' ],
46 silly audit   '@mapbox/point-geometry': [ '0.1.0' ],
46 silly audit   '@mapbox/tile-cover': [ '3.0.1' ],
46 silly audit   '@mapbox/tiny-sdf': [ '2.0.6' ],
46 silly audit   '@mapbox/unitbezier': [ '0.0.1' ],
46 silly audit   '@mapbox/vector-tile': [ '1.3.1' ],
46 silly audit   '@mapbox/whoots-js': [ '3.1.0' ],
46 silly audit   '@maplibre/maplibre-gl-style-spec': [ '19.3.3' ],
46 silly audit   '@math.gl/core': [ '3.6.3' ],
46 silly audit   '@math.gl/culling': [ '3.6.3' ],
46 silly audit   '@math.gl/geospatial': [ '3.6.3' ],
46 silly audit   '@math.gl/polygon': [ '3.6.3' ],
46 silly audit   '@math.gl/sun': [ '3.6.3' ],
46 silly audit   '@math.gl/types': [ '3.6.3' ],
46 silly audit   '@math.gl/web-mercator': [ '3.6.3' ],
46 silly audit   '@modelcontextprotocol/sdk': [ '1.25.3' ],
46 silly audit   '@mongodb-js/saslprep': [ '1.2.0' ],
46 silly audit   '@mswjs/interceptors': [ '0.40.0' ],
46 silly audit   '@noble/ciphers': [ '1.3.0' ],
46 silly audit   '@noble/curves': [ '1.9.7' ],
46 silly audit   '@noble/hashes': [ '1.8.0' ],
46 silly audit   '@nodelib/fs.scandir': [ '2.1.5' ],
46 silly audit   '@nodelib/fs.stat': [ '2.0.5' ],
46 silly audit   '@nodelib/fs.walk': [ '1.2.8' ],
46 silly audit   '@open-draft/deferred-promise': [ '2.2.0' ],
46 silly audit   '@open-draft/logger': [ '0.3.0' ],
46 silly audit   '@open-draft/until': [ '2.1.0' ],
46 silly audit   '@popperjs/core': [ '2.11.8' ],
46 silly audit   '@probe.gl/env': [ '3.6.0' ],
46 silly audit   '@probe.gl/log': [ '3.6.0' ],
46 silly audit   '@probe.gl/stats': [ '3.6.0' ],
46 silly audit   '@radix-ui/number': [ '1.1.1' ],
46 silly audit   '@radix-ui/primitive': [ '1.1.3' ],
46 silly audit   '@radix-ui/react-arrow': [ '1.1.7' ],
46 silly audit   '@radix-ui/react-primitive': [ '2.1.3', '2.1.4' ],
46 silly audit   '@radix-ui/react-slot': [ '1.2.3', '1.2.4' ],
46 silly audit   '@radix-ui/react-avatar': [ '1.1.11' ],
46 silly audit   '@radix-ui/react-collection': [ '1.1.7' ],
46 silly audit   '@radix-ui/react-context': [ '1.1.2', '1.1.3' ],
46 silly audit   '@radix-ui/react-compose-refs': [ '1.1.2' ],
46 silly audit   '@radix-ui/react-dialog': [ '1.1.15' ],
46 silly audit   '@radix-ui/react-direction': [ '1.1.1' ],
46 silly audit   '@radix-ui/react-dismissable-layer': [ '1.1.11' ],
46 silly audit   '@radix-ui/react-dropdown-menu': [ '2.1.16' ],
46 silly audit   '@radix-ui/react-focus-guards': [ '1.1.3' ],
46 silly audit   '@radix-ui/react-focus-scope': [ '1.1.7' ],
46 silly audit   '@radix-ui/react-id': [ '1.1.1' ],
46 silly audit   '@radix-ui/react-menu': [ '2.1.16' ],
46 silly audit   '@radix-ui/react-popper': [ '1.2.8' ],
46 silly audit   '@radix-ui/react-portal': [ '1.1.9' ],
46 silly audit   '@radix-ui/react-presence': [ '1.1.5' ],
46 silly audit   '@radix-ui/react-roving-focus': [ '1.1.11' ],
46 silly audit   '@radix-ui/react-scroll-area': [ '1.2.10' ],
46 silly audit   '@radix-ui/react-select': [ '2.2.6' ],
46 silly audit   '@radix-ui/react-separator': [ '1.1.8' ],
46 silly audit   '@radix-ui/react-use-callback-ref': [ '1.1.1' ],
46 silly audit   '@radix-ui/react-use-controllable-state': [ '1.2.2' ],
46 silly audit   '@radix-ui/react-use-effect-event': [ '0.0.2' ],
46 silly audit   '@radix-ui/react-use-escape-keydown': [ '1.1.1' ],
46 silly audit   '@radix-ui/react-use-is-hydrated': [ '0.1.0' ],
46 silly audit   '@radix-ui/react-use-layout-effect': [ '1.1.1' ],
46 silly audit   '@radix-ui/react-use-previous': [ '1.1.1' ],
46 silly audit   '@radix-ui/react-use-rect': [ '1.1.1' ],
46 silly audit   '@radix-ui/react-use-size': [ '1.1.1' ],
46 silly audit   '@radix-ui/react-visually-hidden': [ '1.2.3' ],
46 silly audit   '@radix-ui/rect': [ '1.1.1' ],
46 silly audit   '@remix-run/router': [ '1.15.1' ],
46 silly audit   '@rollup/rollup-android-arm-eabi': [ '4.34.8' ],
46 silly audit   '@rollup/rollup-android-arm64': [ '4.34.8' ],
46 silly audit   '@rollup/rollup-darwin-arm64': [ '4.34.8' ],
46 silly audit   '@rollup/rollup-darwin-x64': [ '4.34.8' ],
46 silly audit   '@rollup/rollup-freebsd-arm64': [ '4.34.8' ],
46 silly audit   '@rollup/rollup-freebsd-x64': [ '4.34.8' ],
46 silly audit   '@rollup/rollup-linux-arm-gnueabihf': [ '4.34.8' ],
46 silly audit   '@rollup/rollup-linux-arm-musleabihf': [ '4.34.8' ],
46 silly audit   '@rollup/rollup-linux-arm64-gnu': [ '4.34.8' ],
46 silly audit   '@rollup/rollup-linux-arm64-musl': [ '4.34.8' ],
46 silly audit   '@rollup/rollup-linux-loongarch64-gnu': [ '4.34.8' ],
46 silly audit   '@rollup/rollup-linux-powerpc64le-gnu': [ '4.34.8' ],
46 silly audit   '@rollup/rollup-linux-riscv64-gnu': [ '4.34.8' ],
46 silly audit   '@rollup/rollup-linux-s390x-gnu': [ '4.34.8' ],
46 silly audit   '@rollup/rollup-linux-x64-gnu': [ '4.34.8' ],
46 silly audit   '@rollup/rollup-linux-x64-musl': [ '4.34.8' ],
46 silly audit   '@rollup/rollup-win32-arm64-msvc': [ '4.34.8' ],
46 silly audit   '@rollup/rollup-win32-ia32-msvc': [ '4.34.8' ],
46 silly audit   '@rollup/rollup-win32-x64-msvc': [ '4.34.8' ],
46 silly audit   '@sec-ant/readable-stream': [ '0.4.1' ],
46 silly audit   '@sindresorhus/merge-streams': [ '4.0.0' ],
46 silly audit   '@tabler/core': [ '1.4.0' ],
46 silly audit   '@tabler/icons': [ '2.47.0' ],
46 silly audit   '@tabler/icons-react': [ '3.36.1' ],
46 silly audit   '@tanstack/react-table': [ '8.21.2' ],
46 silly audit   '@tanstack/table-core': [ '8.21.2' ],
46 silly audit   '@ts-morph/common': [ '0.27.0' ],
46 silly audit   minimatch: [ '10.1.1', '3.1.2' ],
46 silly audit   '@turf/boolean-clockwise': [ '5.1.5' ],
46 silly audit   '@turf/clone': [ '5.1.5' ],
46 silly audit   '@turf/helpers': [ '5.1.5' ],
46 silly audit   '@turf/invariant': [ '5.2.0' ],
46 silly audit   '@turf/meta': [ '5.2.0' ],
46 silly audit   '@turf/rewind': [ '5.1.5' ],
46 silly audit   '@types/babel__core': [ '7.20.5' ],
46 silly audit   '@types/babel__generator': [ '7.6.8' ],
46 silly audit   '@types/babel__template': [ '7.4.4' ],
46 silly audit   '@types/babel__traverse': [ '7.20.6' ],
46 silly audit   '@types/estree': [ '1.0.6' ],
46 silly audit   '@types/geojson': [ '7946.0.16' ],
46 silly audit   '@types/hammerjs': [ '2.0.46' ],
46 silly audit   '@types/mapbox-gl': [ '2.7.21' ],
46 silly audit   '@types/offscreencanvas': [ '2019.7.3' ],
46 silly audit   '@types/prop-types': [ '15.7.14' ],
46 silly audit   '@types/react': [ '18.3.18' ],
46 silly audit   '@types/statuses': [ '2.0.6' ],
46 silly audit   '@types/validate-npm-package-name': [ '4.0.2' ],
46 silly audit   '@types/webidl-conversions': [ '7.0.3' ],
46 silly audit   '@types/whatwg-url': [ '11.0.5' ],
46 silly audit   '@ungap/structured-clone': [ '1.3.0' ],
46 silly audit   '@vitejs/plugin-react': [ '4.3.4' ],
46 silly audit   'react-refresh': [ '0.14.2' ],
46 silly audit   '@yr/monotone-cubic-spline': [ '1.0.3' ],
46 silly audit   accepts: [ '2.0.0' ],
46 silly audit   acorn: [ '8.14.0' ],
46 silly audit   'acorn-jsx': [ '5.3.2' ],
46 silly audit   'agent-base': [ '7.1.4' ],
46 silly audit   'ajv-formats': [ '3.0.1' ],
46 silly audit   'ansi-regex': [ '5.0.1', '6.2.2' ],
46 silly audit   'ansi-styles': [ '4.3.0' ],
46 silly audit   ansis: [ '4.2.0' ],
46 silly audit   apexcharts: [ '3.45.2' ],
46 silly audit   argparse: [ '1.0.10', '2.0.1' ],
46 silly audit   'aria-hidden': [ '1.2.6' ],
46 silly audit   'aria-query': [ '5.3.2' ],
46 silly audit   'arr-union': [ '3.1.0' ],
46 silly audit   'array-buffer-byte-length': [ '1.0.2' ],
46 silly audit   'array-includes': [ '3.1.8' ],
46 silly audit   'array.prototype.findlast': [ '1.2.5' ],
46 silly audit   'array.prototype.flat': [ '1.3.3' ],
46 silly audit   'array.prototype.flatmap': [ '1.3.3' ],
46 silly audit   'array.prototype.tosorted': [ '1.1.4' ],
46 silly audit   'arraybuffer.prototype.slice': [ '1.0.4' ],
46 silly audit   'assign-symbols': [ '1.0.0' ],
46 silly audit   'ast-types': [ '0.16.1' ],
46 silly audit   'ast-types-flow': [ '0.0.8' ],
46 silly audit   'async-function': [ '1.0.0' ],
46 silly audit   autoprefixer: [ '10.4.23' ],
46 silly audit   'available-typed-arrays': [ '1.0.7' ],
46 silly audit   'axe-core': [ '4.10.2' ],
46 silly audit   'axobject-query': [ '4.1.0' ],
46 silly audit   'balanced-match': [ '1.0.2' ],
46 silly audit   'baseline-browser-mapping': [ '2.9.18' ],
46 silly audit   'body-parser': [ '2.2.2' ],
46 silly audit   'iconv-lite': [ '0.7.2', '0.4.24' ],
46 silly audit   bootstrap: [ '5.3.7' ],
46 silly audit   'brace-expansion': [ '1.1.11' ],
46 silly audit   braces: [ '3.0.3' ],
46 silly audit   browserslist: [ '4.28.1' ],
46 silly audit   bson: [ '6.10.2' ],
46 silly audit   'buf-compare': [ '1.0.1' ],
46 silly audit   'bundle-name': [ '4.1.0' ],
46 silly audit   bytes: [ '3.1.2' ],
46 silly audit   bytewise: [ '1.1.0' ],
46 silly audit   'bytewise-core': [ '1.2.3' ],
46 silly audit   'call-bind': [ '1.0.8' ],
46 silly audit   'call-bind-apply-helpers': [ '1.0.1' ],
46 silly audit   'call-bound': [ '1.0.3' ],
46 silly audit   callsites: [ '3.1.0' ],
46 silly audit   'caniuse-lite': [ '1.0.30001766' ],
46 silly audit   cartocolor: [ '4.0.2' ],
46 silly audit   chalk: [ '5.6.2', '4.1.2' ],
46 silly audit   'class-variance-authority': [ '0.7.1' ],
46 silly audit   'cli-cursor': [ '5.0.0' ],
46 silly audit   'cli-spinners': [ '2.9.2' ],
46 silly audit   'cli-width': [ '4.1.0' ],
46 silly audit   cliui: [ '8.0.1' ],
46 silly audit   'emoji-regex': [ '8.0.0', '9.2.2', '10.6.0' ],
46 silly audit   'string-width': [ '4.2.3', '7.2.0' ],
46 silly audit   'wrap-ansi': [ '7.0.0', '6.2.0' ],
46 silly audit   clsx: [ '2.1.1' ],
46 silly audit   'code-block-writer': [ '13.0.3' ],
46 silly audit   'color-convert': [ '2.0.1' ],
46 silly audit   'color-name': [ '1.1.4' ],
46 silly audit   colorbrewer: [ '1.0.0' ],
46 silly audit   'concat-map': [ '0.0.1' ],
46 silly audit   'content-disposition': [ '1.0.1' ],
46 silly audit   'content-type': [ '1.0.5' ],
46 silly audit   'convert-source-map': [ '2.0.0' ],
46 silly audit   cookie: [ '0.7.2', '1.1.1' ],
46 silly audit   'cookie-signature': [ '1.2.2' ],
46 silly audit   'core-assert': [ '0.2.1' ],
46 silly audit   cors: [ '2.8.6' ],
46 silly audit   cosmiconfig: [ '9.0.0' ],
46 silly audit   'cross-spawn': [ '7.0.6' ],
46 silly audit   csscolorparser: [ '1.0.3' ],
46 silly audit   cssesc: [ '3.0.0' ],
46 silly audit   csstype: [ '3.1.3' ],
46 silly audit   'd3-array': [ '3.2.4' ],
46 silly audit   'd3-color': [ '3.1.0' ],
46 silly audit   'd3-dsv': [ '1.2.0' ],
46 silly audit   'd3-format': [ '3.1.0' ],
46 silly audit   'd3-hexbin': [ '0.2.2' ],
46 silly audit   'd3-interpolate': [ '3.0.1' ],
46 silly audit   'd3-scale': [ '4.0.2' ],
46 silly audit   'd3-time': [ '3.1.0' ],
46 silly audit   'd3-time-format': [ '4.1.0' ],
46 silly audit   'damerau-levenshtein': [ '1.0.8' ],
46 silly audit   'data-uri-to-buffer': [ '4.0.1' ],
46 silly audit   'data-view-buffer': [ '1.0.2' ],
46 silly audit   'data-view-byte-length': [ '1.0.2' ],
46 silly audit   'data-view-byte-offset': [ '1.0.1' ],
46 silly audit   debug: [ '4.4.3' ],
46 silly audit   'deck.gl': [ '8.9.32' ],
46 silly audit   dedent: [ '1.7.1' ],
46 silly audit   'deep-is': [ '0.1.4' ],
46 silly audit   'deep-strict-equal': [ '0.2.0' ],
46 silly audit   deepmerge: [ '4.3.1' ],
46 silly audit   'default-browser': [ '5.4.0' ],
46 silly audit   'default-browser-id': [ '5.0.1' ],
46 silly audit   'define-data-property': [ '1.1.4' ],
46 silly audit   'define-lazy-prop': [ '3.0.0' ],
46 silly audit   'define-properties': [ '1.2.1' ],
46 silly audit   depd: [ '2.0.0' ],
46 silly audit   'detect-node-es': [ '1.1.0' ],
46 silly audit   diff: [ '8.0.3' ],
46 silly audit   doctrine: [ '3.0.0', '2.1.0' ],
46 silly audit   draco3d: [ '1.5.5' ],
46 silly audit   'dunder-proto': [ '1.0.1' ],
46 silly audit   earcut: [ '2.2.4' ],
46 silly audit   eciesjs: [ '0.4.17' ],
46 silly audit   'ee-first': [ '1.1.1' ],
46 silly audit   'electron-to-chromium': [ '1.5.279' ],
46 silly audit   encodeurl: [ '2.0.0' ],
46 silly audit   'env-paths': [ '2.2.1' ],
46 silly audit   'error-ex': [ '1.3.4' ],
46 silly audit   'es-abstract': [ '1.23.9' ],
46 silly audit   'es-define-property': [ '1.0.1' ],
46 silly audit   'es-errors': [ '1.3.0' ],
46 silly audit   'es-iterator-helpers': [ '1.2.1' ],
46 silly audit   'es-object-atoms': [ '1.1.1' ],
46 silly audit   'es-set-tostringtag': [ '2.1.0' ],
46 silly audit   'es-shim-unscopables': [ '1.1.0' ],
46 silly audit   'es-to-primitive': [ '1.3.0' ],
46 silly audit   esbuild: [ '0.21.5' ],
46 silly audit   escalade: [ '3.2.0' ],
46 silly audit   'escape-html': [ '1.0.3' ],
46 silly audit   'escape-string-regexp': [ '4.0.0' ],
46 silly audit   eslint: [ '8.57.1' ],
46 silly audit   'eslint-config-prettier': [ '9.1.0' ],
46 silly audit   'eslint-plugin-jsx-a11y': [ '6.10.2' ],
46 silly audit   'eslint-plugin-react': [ '7.37.4' ],
46 silly audit   'eslint-plugin-react-hooks': [ '4.6.2' ],
46 silly audit   'eslint-scope': [ '7.2.2' ],
46 silly audit   'eslint-visitor-keys': [ '3.4.3' ],
46 silly audit   'glob-parent': [ '6.0.2', '5.1.2' ],
46 silly audit   espree: [ '9.6.1' ],
46 silly audit   esprima: [ '4.0.1' ],
46 silly audit   esquery: [ '1.6.0' ],
46 silly audit   esrecurse: [ '4.3.0' ],
46 silly audit   estraverse: [ '5.3.0' ],
46 silly audit   esutils: [ '2.0.3' ],
46 silly audit   etag: [ '1.8.1' ],
46 silly audit   eventsource: [ '3.0.7' ],
46 silly audit   'eventsource-parser': [ '3.0.6' ],
46 silly audit   'get-stream': [ '9.0.1', '6.0.1' ],
46 silly audit   express: [ '5.2.1' ],
46 silly audit   'express-rate-limit': [ '7.5.1' ],
46 silly audit   'expression-eval': [ '2.1.0' ],
46 silly audit   'extend-shallow': [ '2.0.1', '3.0.2' ],
46 silly audit   'fast-deep-equal': [ '3.1.3' ],
46 silly audit   'fast-glob': [ '3.3.3' ],
46 silly audit   'fast-json-stable-stringify': [ '2.1.0' ],
46 silly audit   'fast-levenshtein': [ '2.0.6' ],
46 silly audit   'fast-uri': [ '3.1.0' ],
46 silly audit   'fast-xml-parser': [ '4.5.1' ],
46 silly audit   fastq: [ '1.19.0' ],
46 silly audit   fdir: [ '6.5.0' ],
46 silly audit   'fetch-blob': [ '3.2.0' ],
46 silly audit   figures: [ '6.1.0' ],
46 silly audit   'file-entry-cache': [ '6.0.1' ],
46 silly audit   'fill-range': [ '7.1.1' ],
46 silly audit   finalhandler: [ '2.1.1' ],
46 silly audit   'find-up': [ '5.0.0' ],
46 silly audit   'flat-cache': [ '3.2.0' ],
46 silly audit   flatted: [ '3.3.2' ],
46 silly audit   'for-each': [ '0.3.4' ],
46 silly audit   'formdata-polyfill': [ '4.0.10' ],
46 silly audit   forwarded: [ '0.2.0' ],
46 silly audit   'fraction.js': [ '5.3.4' ],
46 silly audit   fresh: [ '2.0.0' ],
46 silly audit   'fs-extra': [ '11.3.3' ],
46 silly audit   'fs.realpath': [ '1.0.0' ],
46 silly audit   fsevents: [ '2.3.3' ],
46 silly audit   'function-bind': [ '1.1.2' ],
46 silly audit   'function.prototype.name': [ '1.1.8' ],
46 silly audit   'functions-have-names': [ '1.2.3' ],
46 silly audit   fuzzysort: [ '3.1.0' ],
46 silly audit   fzf: [ '0.5.2' ],
46 silly audit   gensync: [ '1.0.0-beta.2' ],
46 silly audit   'geojson-vt': [ '3.2.1' ],
46 silly audit   'get-caller-file': [ '2.0.5' ],
46 silly audit   'get-east-asian-width': [ '1.4.0' ],
46 silly audit   'get-intrinsic': [ '1.2.7' ],
46 silly audit   'get-nonce': [ '1.0.1' ],
46 silly audit   'get-own-enumerable-keys': [ '1.0.0' ],
46 silly audit   'get-proto': [ '1.0.1' ],
46 silly audit   'get-symbol-description': [ '1.1.0' ],
46 silly audit   'get-value': [ '2.0.6' ],
46 silly audit   'gl-matrix': [ '3.4.3' ],
46 silly audit   glob: [ '7.2.3' ],
46 silly audit   globalthis: [ '1.0.4' ],
46 silly audit   gopd: [ '1.2.0' ],
46 silly audit   'graceful-fs': [ '4.2.11' ],
46 silly audit   graphemer: [ '1.4.0' ],
46 silly audit   graphql: [ '16.12.0' ],
46 silly audit   'grid-index': [ '1.1.0' ],
46 silly audit   'h3-js': [ '3.7.2' ],
46 silly audit   hammerjs: [ '2.0.8' ],
46 silly audit   'has-bigints': [ '1.1.0' ],
46 silly audit   'has-flag': [ '4.0.0' ],
46 silly audit   'has-property-descriptors': [ '1.0.2' ],
46 silly audit   'has-proto': [ '1.2.0' ],
46 silly audit   'has-symbols': [ '1.1.0' ],
46 silly audit   'has-tostringtag': [ '1.0.2' ],
46 silly audit   hasown: [ '2.0.2' ],
46 silly audit   'headers-polyfill': [ '4.0.3' ],
46 silly audit   hono: [ '4.11.7' ],
46 silly audit   'http-errors': [ '2.0.1' ],
46 silly audit   'https-proxy-agent': [ '7.0.6' ],
46 silly audit   ieee754: [ '1.2.1' ],
46 silly audit   ignore: [ '5.3.2' ],
46 silly audit   'image-size': [ '0.7.5' ],
46 silly audit   'import-fresh': [ '3.3.1' ],
46 silly audit   imurmurhash: [ '0.1.4' ],
46 silly audit   inflight: [ '1.0.6' ],
46 silly audit   inherits: [ '2.0.4' ],
46 silly audit   'internal-slot': [ '1.1.0' ],
46 silly audit   internmap: [ '2.0.3' ],
46 silly audit   'ipaddr.js': [ '1.9.1' ],
46 silly audit   'is-array-buffer': [ '3.0.5' ],
46 silly audit   'is-arrayish': [ '0.2.1' ],
46 silly audit   'is-async-function': [ '2.1.1' ],
46 silly audit   'is-bigint': [ '1.1.0' ],
46 silly audit   'is-boolean-object': [ '1.2.2' ],
46 silly audit   'is-callable': [ '1.2.7' ],
46 silly audit   'is-core-module': [ '2.16.1' ],
46 silly audit   'is-data-view': [ '1.0.2' ],
46 silly audit   'is-date-object': [ '1.1.0' ],
46 silly audit   'is-docker': [ '3.0.0' ],
46 silly audit   'is-error': [ '2.2.2' ],
46 silly audit   'is-extendable': [ '0.1.1', '1.0.1' ],
46 silly audit   'is-extglob': [ '2.1.1' ],
46 silly audit   'is-finalizationregistry': [ '1.1.1' ],
46 silly audit   'is-fullwidth-code-point': [ '3.0.0' ],
46 silly audit   'is-generator-function': [ '1.1.0' ],
46 silly audit   'is-glob': [ '4.0.3' ],
46 silly audit   'is-in-ssh': [ '1.0.0' ],
46 silly audit   'is-inside-container': [ '1.0.0' ],
46 silly audit   'is-interactive': [ '2.0.0' ],
46 silly audit   'is-map': [ '2.0.3' ],
46 silly audit   'is-node-process': [ '1.2.0' ],
46 silly audit   'is-number': [ '7.0.0' ],
46 silly audit   'is-number-object': [ '1.1.1' ],
46 silly audit   'is-obj': [ '3.0.0' ],
46 silly audit   'is-path-inside': [ '3.0.3' ],
46 silly audit   'is-plain-obj': [ '4.1.0' ],
46 silly audit   'is-plain-object': [ '2.0.4' ],
46 silly audit   'is-promise': [ '4.0.0' ],
46 silly audit   'is-regex': [ '1.2.1' ],
46 silly audit   'is-regexp': [ '3.1.0' ],
46 silly audit   'is-set': [ '2.0.3' ],
46 silly audit   'is-shared-array-buffer': [ '1.0.4' ],
46 silly audit   'is-string': [ '1.1.1' ],
46 silly audit   'is-symbol': [ '1.1.1' ],
46 silly audit   'is-typed-array': [ '1.1.15' ],
46 silly audit   'is-unicode-supported': [ '2.1.0', '1.3.0' ],
46 silly audit   'is-weakmap': [ '2.0.2' ],
46 silly audit   'is-weakref': [ '1.1.1' ],
46 silly audit   'is-weakset': [ '2.0.4' ],
46 silly audit   'is-wsl': [ '3.1.0' ],
46 silly audit   isarray: [ '2.0.5' ],
46 silly audit   isobject: [ '3.0.1' ],
46 silly audit   'iterator.prototype': [ '1.1.5' ],
46 silly audit   jose: [ '6.1.3' ],
46 silly audit   'js-tokens': [ '4.0.0' ],
46 silly audit   'js-yaml': [ '4.1.0' ],
46 silly audit   jsep: [ '0.3.5' ],
46 silly audit   jsesc: [ '3.1.0' ],
46 silly audit   'json-buffer': [ '3.0.1' ],
46 silly audit   'json-parse-even-better-errors': [ '2.3.1' ],
46 silly audit   'json-schema-typed': [ '8.0.2' ],
46 silly audit   'json-stable-stringify-without-jsonify': [ '1.0.1' ],
46 silly audit   'json-stringify-pretty-compact': [ '3.0.0' ],
46 silly audit   json5: [ '2.2.3' ],
46 silly audit   jsonfile: [ '6.2.0' ],
46 silly audit   'jsx-ast-utils': [ '3.3.5' ],
46 silly audit   kdbush: [ '4.0.2' ],
46 silly audit   keyv: [ '4.5.4' ],
46 silly audit   kleur: [ '4.1.5', '3.0.3' ],
46 silly audit   'ktx-parse': [ '0.0.4' ],
46 silly audit   'language-subtag-registry': [ '0.3.23' ],
46 silly audit   'language-tags': [ '1.0.9' ],
46 silly audit   lerc: [ '4.0.4' ],
46 silly audit   levn: [ '0.4.1' ],
46 silly audit   'lines-and-columns': [ '1.2.4' ],
46 silly audit   'locate-path': [ '6.0.0' ],
46 silly audit   'lodash.merge': [ '4.6.2' ],
46 silly audit   'log-symbols': [ '6.0.0' ],
46 silly audit   'loose-envify': [ '1.4.0' ],
46 silly audit   'lru-cache': [ '5.1.1' ],
46 silly audit   'lucide-react': [ '0.563.0' ],
46 silly audit   'mapbox-gl': [ '2.15.0' ],
46 silly audit   'math-intrinsics': [ '1.1.0' ],
46 silly audit   'math.gl': [ '3.6.3' ],
46 silly audit   'media-typer': [ '1.1.0' ],
46 silly audit   'memory-pager': [ '1.5.0' ],
46 silly audit   'merge-descriptors': [ '2.0.0' ],
46 silly audit   'merge-stream': [ '2.0.0' ],
46 silly audit   merge2: [ '1.4.1' ],
46 silly audit   micromatch: [ '4.0.8' ],
46 silly audit   picomatch: [ '2.3.1', '4.0.3' ],
46 silly audit   'mime-db': [ '1.54.0' ],
46 silly audit   'mime-types': [ '3.0.2' ],
46 silly audit   'mimic-fn': [ '2.1.0' ],
46 silly audit   'mimic-function': [ '5.0.1' ],
46 silly audit   minimist: [ '1.2.8' ],
46 silly audit   'mjolnir.js': [ '2.7.3' ],
46 silly audit   moment: [ '2.30.1' ],
46 silly audit   'moment-timezone': [ '0.5.47' ],
46 silly audit   mongodb: [ '6.13.0' ],
46 silly audit   'mongodb-connection-string-url': [ '3.0.2' ],
46 silly audit   tr46: [ '5.0.0' ],
46 silly audit   'webidl-conversions': [ '7.0.0' ],
46 silly audit   'whatwg-url': [ '14.1.0' ],
46 silly audit   ms: [ '2.1.3' ],
46 silly audit   msw: [ '2.12.7' ],
46 silly audit   'type-fest': [ '5.4.2', '0.20.2' ],
46 silly audit   'murmurhash-js': [ '1.0.0' ],
46 silly audit   'mute-stream': [ '2.0.0' ],
46 silly audit   nanoid: [ '3.3.11' ],
46 silly audit   'natural-compare': [ '1.4.0' ],
46 silly audit   negotiator: [ '1.0.0' ],
46 silly audit   'node-domexception': [ '1.0.0' ],
46 silly audit   'node-fetch': [ '3.3.2' ],
46 silly audit   'node-releases': [ '2.0.27' ],
46 silly audit   'path-key': [ '4.0.0', '3.1.1' ],
46 silly audit   'object-assign': [ '4.1.1' ],
46 silly audit   'object-inspect': [ '1.13.4' ],
46 silly audit   'object-keys': [ '1.1.1' ],
46 silly audit   'object-treeify': [ '1.1.33' ],
46 silly audit   'object.assign': [ '4.1.7' ],
46 silly audit   'object.entries': [ '1.1.8' ],
46 silly audit   'object.fromentries': [ '2.0.8' ],
46 silly audit   'object.values': [ '1.2.1' ],
46 silly audit   'on-finished': [ '2.4.1' ],
46 silly audit   once: [ '1.4.0' ],
46 silly audit   open: [ '11.0.0' ],
46 silly audit   optionator: [ '0.9.4' ],
46 silly audit   ora: [ '8.2.0' ],
46 silly audit   'strip-ansi': [ '7.1.2', '6.0.1' ],
46 silly audit   outvariant: [ '1.4.3' ],
46 silly audit   'own-keys': [ '1.0.1' ],
46 silly audit   'p-limit': [ '3.1.0' ],
46 silly audit   'p-locate': [ '5.0.0' ],
46 silly audit   'package-manager-detector': [ '1.6.0' ],
46 silly audit   'parent-module': [ '1.0.1' ],
46 silly audit   'parse-json': [ '5.2.0' ],
46 silly audit   'parse-ms': [ '4.0.0' ],
46 silly audit   parseurl: [ '1.3.3' ],
46 silly audit   'path-browserify': [ '1.0.1' ],
46 silly audit   'path-exists': [ '4.0.0' ],
46 silly audit   'path-is-absolute': [ '1.0.1' ],
46 silly audit   'path-parse': [ '1.0.7' ],
46 silly audit   'path-to-regexp': [ '6.3.0', '8.3.0' ],
46 silly audit   pbf: [ '3.3.0' ],
46 silly audit   picocolors: [ '1.1.1' ],
46 silly audit   'pkce-challenge': [ '5.0.1' ],
46 silly audit   'possible-typed-array-names': [ '1.0.0' ],
46 silly audit   postcss: [ '8.5.6' ],
46 silly audit   'postcss-selector-parser': [ '7.1.1' ],
46 silly audit   'postcss-value-parser': [ '4.2.0' ],
46 silly audit   potpack: [ '2.0.0' ],
46 silly audit   'powershell-utils': [ '0.1.0' ],
46 silly audit   'prelude-ls': [ '1.2.1' ],
46 silly audit   prettier: [ '3.5.1' ],
46 silly audit   'pretty-ms': [ '9.3.0' ],
46 silly audit   prompts: [ '2.4.2' ],
46 silly audit   'prop-types': [ '15.8.1' ],
46 silly audit   'react-is': [ '16.13.1' ],
46 silly audit   'protocol-buffers-schema': [ '3.6.0' ],
46 silly audit   'proxy-addr': [ '2.0.7' ],
46 silly audit   punycode: [ '2.3.1' ],
46 silly audit   qs: [ '6.14.1' ],
46 silly audit   quadbin: [ '0.1.9' ],
46 silly audit   'queue-microtask': [ '1.2.3' ],
46 silly audit   quickselect: [ '2.0.0' ],
46 silly audit   'range-parser': [ '1.2.1' ],
46 silly audit   'raw-body': [ '3.0.2' ],
46 silly audit   react: [ '18.2.0' ],
46 silly audit   'react-apexcharts': [ '1.4.1' ],
46 silly audit   'react-dom': [ '18.2.0' ],
46 silly audit   'react-map-gl': [ '7.1.7' ],
46 silly audit   'react-remove-scroll': [ '2.7.2' ],
46 silly audit   'react-remove-scroll-bar': [ '2.3.8' ],
46 silly audit   'react-router': [ '6.22.1' ],
46 silly audit   'react-router-dom': [ '6.22.1' ],
46 silly audit   'react-style-singleton': [ '2.2.3' ],
46 silly audit   recast: [ '0.23.11' ],
46 silly audit   'reflect.getprototypeof': [ '1.0.10' ],
46 silly audit   'regenerator-runtime': [ '0.14.1' ],
46 silly audit   'regexp.prototype.flags': [ '1.5.4' ],
46 silly audit   'require-directory': [ '2.1.1' ],
46 silly audit   'require-from-string': [ '2.0.2' ],
46 silly audit   resolve: [ '2.0.0-next.5' ],
46 silly audit   'resolve-from': [ '4.0.0' ],
46 silly audit   'resolve-protobuf-schema': [ '2.1.0' ],
46 silly audit   'restore-cursor': [ '5.1.0' ],
46 silly audit   rettime: [ '0.7.0' ],
46 silly audit   reusify: [ '1.0.4' ],
46 silly audit   rimraf: [ '3.0.2' ],
46 silly audit   router: [ '2.2.0' ],
46 silly audit   'run-applescript': [ '7.1.0' ],
46 silly audit   'run-parallel': [ '1.2.0' ],
46 silly audit   rw: [ '1.3.3' ],
46 silly audit   'safe-array-concat': [ '1.1.3' ],
46 silly audit   'safe-push-apply': [ '1.0.0' ],
46 silly audit   'safe-regex-test': [ '1.1.0' ],
46 silly audit   'safer-buffer': [ '2.1.2' ],
46 silly audit   scheduler: [ '0.23.2' ],
46 silly audit   semver: [ '6.3.1' ],
46 silly audit   send: [ '1.2.1' ],
46 silly audit   'serve-static': [ '2.2.1' ],
46 silly audit   'set-function-length': [ '1.2.2' ],
46 silly audit   'set-function-name': [ '2.0.2' ],
46 silly audit   'set-proto': [ '1.0.0' ],
46 silly audit   'set-value': [ '2.0.1' ],
46 silly audit   setprototypeof: [ '1.2.0' ],
46 silly audit   shadcn: [ '3.7.0' ],
46 silly audit   'shebang-command': [ '2.0.0' ],
46 silly audit   'shebang-regex': [ '3.0.0' ],
46 silly audit   'side-channel': [ '1.1.0' ],
46 silly audit   'side-channel-list': [ '1.0.0' ],
46 silly audit   'side-channel-map': [ '1.0.1' ],
46 silly audit   'side-channel-weakmap': [ '1.0.2' ],
46 silly audit   sisteransi: [ '1.0.5' ],
46 silly audit   'sort-asc': [ '0.2.0' ],
46 silly audit   'sort-desc': [ '0.2.0' ],
46 silly audit   'sort-object': [ '3.0.3' ],
46 silly audit   'source-map': [ '0.6.1' ],
46 silly audit   'source-map-js': [ '1.2.1' ],
46 silly audit   'sparse-bitfield': [ '3.0.3' ],
46 silly audit   'split-string': [ '3.1.0' ],
46 silly audit   'sprintf-js': [ '1.0.3' ],
46 silly audit   statuses: [ '2.0.2' ],
46 silly audit   'stdin-discarder': [ '0.2.2' ],
46 silly audit   'strict-event-emitter': [ '0.5.1' ],
46 silly audit   'string.prototype.includes': [ '2.0.1' ],
46 silly audit   'string.prototype.matchall': [ '4.0.12' ],
46 silly audit   'string.prototype.repeat': [ '1.0.0' ],
46 silly audit   'string.prototype.trim': [ '1.2.10' ],
46 silly audit   'string.prototype.trimend': [ '1.0.9' ],
46 silly audit   'string.prototype.trimstart': [ '1.0.8' ],
46 silly audit   'stringify-object': [ '5.0.0' ],
46 silly audit   'strip-bom': [ '3.0.0' ],
46 silly audit   'strip-json-comments': [ '3.1.1' ],
46 silly audit   strnum: [ '1.0.5' ],
46 silly audit   supercluster: [ '8.0.1' ],
46 silly audit   'supports-color': [ '7.2.0' ],
46 silly audit   'supports-preserve-symlinks-flag': [ '1.0.0' ],
46 silly audit   'svg.draggable.js': [ '2.2.2' ],
46 silly audit   'svg.easing.js': [ '2.0.0' ],
46 silly audit   'svg.filter.js': [ '2.0.2' ],
46 silly audit   'svg.js': [ '2.7.1' ],
46 silly audit   'svg.pathmorphing.js': [ '0.1.3' ],
46 silly audit   'svg.resize.js': [ '1.4.3' ],
46 silly audit   'svg.select.js': [ '2.1.2', '3.0.1' ],
46 silly audit   'tagged-tag': [ '1.0.0' ],
46 silly audit   'tailwind-merge': [ '3.4.0' ],
46 silly audit   tailwindcss: [ '4.1.18' ],
46 silly audit   'tailwindcss-animate': [ '1.0.7' ],
46 silly audit   'text-table': [ '0.2.0' ],
46 silly audit   'texture-compressor': [ '1.0.2' ],
46 silly audit   tilebelt: [ '1.0.1' ],
46 silly audit   'tiny-invariant': [ '1.3.3' ],
46 silly audit   tinyexec: [ '1.0.2' ],
46 silly audit   tinyqueue: [ '2.0.3' ],
46 silly audit   tldts: [ '7.0.19' ],
46 silly audit   'tldts-core': [ '7.0.19' ],
46 silly audit   'to-regex-range': [ '5.0.1' ],
46 silly audit   toidentifier: [ '1.0.1' ],
46 silly audit   'tough-cookie': [ '6.0.0' ],
46 silly audit   'ts-morph': [ '26.0.0' ],
46 silly audit   'tsconfig-paths': [ '4.2.0' ],
46 silly audit   tslib: [ '2.8.1' ],
46 silly audit   'type-check': [ '0.4.0' ],
46 silly audit   'type-is': [ '2.0.1' ],
46 silly audit   'typed-array-buffer': [ '1.0.3' ],
46 silly audit   'typed-array-byte-length': [ '1.0.3' ],
46 silly audit   'typed-array-byte-offset': [ '1.0.4' ],
46 silly audit   'typed-array-length': [ '1.0.7' ],
46 silly audit   typewise: [ '1.0.3' ],
46 silly audit   'typewise-core': [ '1.2.0' ],
46 silly audit   'unbox-primitive': [ '1.1.0' ],
46 silly audit   'unicorn-magic': [ '0.3.0' ],
46 silly audit   'union-value': [ '1.0.1' ],
46 silly audit   universalify: [ '2.0.1' ],
46 silly audit   unpipe: [ '1.0.0' ],
46 silly audit   'until-async': [ '3.0.2' ],
46 silly audit   'update-browserslist-db': [ '1.2.3' ],
46 silly audit   'uri-js': [ '4.4.1' ],
46 silly audit   'use-callback-ref': [ '1.3.3' ],
46 silly audit   'use-sidecar': [ '1.1.3' ],
46 silly audit   'use-sync-external-store': [ '1.6.0' ],
46 silly audit   'util-deprecate': [ '1.0.2' ],
46 silly audit   'validate-npm-package-name': [ '7.0.2' ],
46 silly audit   vary: [ '1.1.2' ],
46 silly audit   vite: [ '5.4.14' ],
46 silly audit   rollup: [ '4.34.8' ],
46 silly audit   'vt-pbf': [ '3.1.3' ],
46 silly audit   'web-streams-polyfill': [ '3.3.3' ],
46 silly audit   'which-boxed-primitive': [ '1.1.1' ],
46 silly audit   'which-builtin-type': [ '1.2.1' ],
46 silly audit   'which-collection': [ '1.0.2' ],
46 silly audit   'which-typed-array': [ '1.1.18' ],
46 silly audit   'word-wrap': [ '1.2.5' ],
46 silly audit   wrappy: [ '1.0.2' ],
46 silly audit   'wsl-utils': [ '0.3.1' ],
46 silly audit   y18n: [ '5.0.8' ],
46 silly audit   yallist: [ '3.1.1' ],
46 silly audit   yargs: [ '17.7.2' ],
46 silly audit   'yargs-parser': [ '21.1.1' ],
46 silly audit   'yocto-queue': [ '0.1.0' ],
46 silly audit   yoctocolors: [ '2.1.2' ],
46 silly audit   'yoctocolors-cjs': [ '2.1.3' ],
46 silly audit   zod: [ '3.25.76' ],
46 silly audit   'zod-to-json-schema': [ '3.25.1' ],
46 silly audit   '@radix-ui/react-hover-card': [ '1.1.15' ],
46 silly audit   '@radix-ui/react-popover': [ '1.1.15' ],
46 silly audit   '@radix-ui/react-tooltip': [ '1.2.8' ]
46 silly audit }
47 http fetch POST 200 https://registry.npmjs.org/-/npm/v1/security/advisories/bulk 399ms
48 silly audit report {
48 silly audit report   '@babel/runtime': [
48 silly audit report     {
48 silly audit report       id: 1104000,
48 silly audit report       url: 'https://github.com/advisories/GHSA-968p-4wvh-cqc8',
48 silly audit report       title: 'Babel has inefficient RegExp complexity in generated code with .replace when transpiling named capturing groups',
48 silly audit report       severity: 'moderate',
48 silly audit report       vulnerable_versions: '<7.26.10',
48 silly audit report       cwe: [Array],
48 silly audit report       cvss: [Object]
48 silly audit report     }
48 silly audit report   ],
48 silly audit report   '@remix-run/router': [
48 silly audit report     {
48 silly audit report       id: 1112052,
48 silly audit report       url: 'https://github.com/advisories/GHSA-2w69-qvjg-hvjx',
48 silly audit report       title: 'React Router vulnerable to XSS via Open Redirects',
48 silly audit report       severity: 'high',
48 silly audit report       vulnerable_versions: '<=1.23.1',
48 silly audit report       cwe: [Array],
48 silly audit report       cvss: [Object]
48 silly audit report     }
48 silly audit report   ],
48 silly audit report   'brace-expansion': [
48 silly audit report     {
48 silly audit report       id: 1105443,
48 silly audit report       url: 'https://github.com/advisories/GHSA-v6h2-p8h4-qcjw',
48 silly audit report       title: 'brace-expansion Regular Expression Denial of Service vulnerability',
48 silly audit report       severity: 'low',
48 silly audit report       vulnerable_versions: '>=1.0.0 <=1.1.11',
48 silly audit report       cwe: [Array],
48 silly audit report       cvss: [Object]
48 silly audit report     }
48 silly audit report   ],
48 silly audit report   esbuild: [
48 silly audit report     {
48 silly audit report       id: 1102341,
48 silly audit report       url: 'https://github.com/advisories/GHSA-67mh-4wv8-2f99',
48 silly audit report       title: 'esbuild enables any website to send any requests to the development server and read the response',
48 silly audit report       severity: 'moderate',
48 silly audit report       vulnerable_versions: '<=0.24.2',
48 silly audit report       cwe: [Array],
48 silly audit report       cvss: [Object]
48 silly audit report     }
48 silly audit report   ],
48 silly audit report   'js-yaml': [
48 silly audit report     {
48 silly audit report       id: 1109802,
48 silly audit report       url: 'https://github.com/advisories/GHSA-mh29-5h37-fv8m',
48 silly audit report       title: 'js-yaml has prototype pollution in merge (<<)',
48 silly audit report       severity: 'moderate',
48 silly audit report       vulnerable_versions: '>=4.0.0 <4.1.1',
48 silly audit report       cwe: [Array],
48 silly audit report       cvss: [Object]
48 silly audit report     }
48 silly audit report   ],
48 silly audit report   'react-router': [
48 silly audit report     {
48 silly audit report       id: 1112057,
48 silly audit report       url: 'https://github.com/advisories/GHSA-9jcx-v3wj-wh4m',
48 silly audit report       title: 'React Router has unexpected external redirect via untrusted paths',
48 silly audit report       severity: 'moderate',
48 silly audit report       vulnerable_versions: '>=6.0.0 <6.30.2',
48 silly audit report       cwe: [Array],
48 silly audit report       cvss: [Object]
48 silly audit report     }
48 silly audit report   ],
48 silly audit report   vite: [
48 silly audit report     {
48 silly audit report       id: 1103517,
48 silly audit report       url: 'https://github.com/advisories/GHSA-x574-m823-4x7w',
48 silly audit report       title: 'Vite bypasses server.fs.deny when using ?raw??',
48 silly audit report       severity: 'moderate',
48 silly audit report       vulnerable_versions: '>=5.0.0 <5.4.15',
48 silly audit report       cwe: [Array],
48 silly audit report       cvss: [Object]
48 silly audit report     },
48 silly audit report     {
48 silly audit report       id: 1103884,
48 silly audit report       url: 'https://github.com/advisories/GHSA-356w-63v5-8wf4',
48 silly audit report       title: 'Vite has an `server.fs.deny` bypass with an invalid `request-target`',
48 silly audit report       severity: 'moderate',
48 silly audit report       vulnerable_versions: '>=5.0.0 <5.4.18',
48 silly audit report       cwe: [Array],
48 silly audit report       cvss: [Object]
48 silly audit report     },
48 silly audit report     {
48 silly audit report       id: 1104173,
48 silly audit report       url: 'https://github.com/advisories/GHSA-859w-5945-r5v3',
48 silly audit report       title: "Vite's server.fs.deny bypassed with /. for files under project root",
48 silly audit report       severity: 'moderate',
48 silly audit report       vulnerable_versions: '>=5.0.0 <=5.4.18',
48 silly audit report       cwe: [Array],
48 silly audit report       cvss: [Object]
48 silly audit report     },
48 silly audit report     {
48 silly audit report       id: 1104202,
48 silly audit report       url: 'https://github.com/advisories/GHSA-xcj6-pq6g-qj4x',
48 silly audit report       title: 'Vite allows server.fs.deny to be bypassed with .svg or relative paths',
48 silly audit report       severity: 'moderate',
48 silly audit report       vulnerable_versions: '>=5.0.0 <5.4.17',
48 silly audit report       cwe: [Array],
48 silly audit report       cvss: [Object]
48 silly audit report     },
48 silly audit report     {
48 silly audit report       id: 1107323,
48 silly audit report       url: 'https://github.com/advisories/GHSA-g4jq-h2w9-997c',
48 silly audit report       title: 'Vite middleware may serve files starting with the same name with the public directory',
48 silly audit report       severity: 'low',
48 silly audit report       vulnerable_versions: '<=5.4.19',
48 silly audit report       cwe: [Array],
48 silly audit report       cvss: [Object]
48 silly audit report     },
48 silly audit report     {
48 silly audit report       id: 1107327,
48 silly audit report       url: 'https://github.com/advisories/GHSA-jqfw-vq24-v9c3',
48 silly audit report       title: "Vite's `server.fs` settings were not applied to HTML files",
48 silly audit report       severity: 'low',
48 silly audit report       vulnerable_versions: '<=5.4.19',
48 silly audit report       cwe: [Array],
48 silly audit report       cvss: [Object]
48 silly audit report     },
48 silly audit report     {
48 silly audit report       id: 1109131,
48 silly audit report       url: 'https://github.com/advisories/GHSA-93m4-6634-74q7',
48 silly audit report       title: 'vite allows server.fs.deny bypass via backslash on Windows',
48 silly audit report       severity: 'moderate',
48 silly audit report       vulnerable_versions: '>=5.2.6 <=5.4.20',
48 silly audit report       cwe: [Array],
48 silly audit report       cvss: [Object]
48 silly audit report     },
48 silly audit report     {
48 silly audit report       id: 1112511,
48 silly audit report       url: 'https://github.com/advisories/GHSA-4r4m-qw57-chr8',
48 silly audit report       title: 'Vite has a `server.fs.deny` bypassed for `inline` and `raw` with `?import` query',
48 silly audit report       severity: 'moderate',
48 silly audit report       vulnerable_versions: '>=5.0.0 <5.4.16',
48 silly audit report       cwe: [Array],
48 silly audit report       cvss: [Object]
48 silly audit report     }
48 silly audit report   ]
48 silly audit report }
49 silly packumentCache corgi:https://registry.npmjs.org/@babel%2fruntime cache-miss
50 silly packumentCache corgi:https://registry.npmjs.org/@remix-run%2frouter cache-miss
51 silly packumentCache corgi:https://registry.npmjs.org/brace-expansion cache-miss
52 silly packumentCache corgi:https://registry.npmjs.org/esbuild cache-miss
53 silly packumentCache corgi:https://registry.npmjs.org/js-yaml cache-miss
54 silly packumentCache corgi:https://registry.npmjs.org/react-router cache-miss
55 silly packumentCache corgi:https://registry.npmjs.org/vite cache-miss
56 http cache https://registry.npmjs.org/brace-expansion 6ms (cache hit)
57 silly packumentCache corgi:https://registry.npmjs.org/brace-expansion set size:16192 disposed:false
58 http cache https://registry.npmjs.org/@babel%2fruntime 7ms (cache hit)
59 silly packumentCache corgi:https://registry.npmjs.org/@babel%2fruntime set size:219996 disposed:false
60 http cache https://registry.npmjs.org/esbuild 9ms (cache hit)
61 silly packumentCache corgi:https://registry.npmjs.org/esbuild set size:877737 disposed:false
62 http cache https://registry.npmjs.org/react-router 12ms (cache hit)
63 silly packumentCache corgi:https://registry.npmjs.org/react-router set size:1263694 disposed:false
64 http cache https://registry.npmjs.org/js-yaml 18ms (cache hit)
65 silly packumentCache corgi:https://registry.npmjs.org/js-yaml set size:58533 disposed:false
66 http cache https://registry.npmjs.org/@remix-run%2frouter 18ms (cache hit)
67 silly packumentCache corgi:https://registry.npmjs.org/@remix-run%2frouter set size:212922 disposed:false
68 http cache https://registry.npmjs.org/vite 20ms (cache hit)
69 silly packumentCache corgi:https://registry.npmjs.org/vite set size:2172362 disposed:false
70 silly packumentCache corgi:https://registry.npmjs.org/@deck.gl%2faggregation-layers cache-miss
71 silly packumentCache corgi:https://registry.npmjs.org/@deck.gl%2fcarto cache-miss
72 silly packumentCache corgi:https://registry.npmjs.org/@deck.gl%2fcore cache-miss
73 silly packumentCache corgi:https://registry.npmjs.org/@deck.gl%2fextensions cache-miss
74 silly packumentCache corgi:https://registry.npmjs.org/@deck.gl%2fgeo-layers cache-miss
75 silly packumentCache corgi:https://registry.npmjs.org/@deck.gl%2fgoogle-maps cache-miss
76 silly packumentCache corgi:https://registry.npmjs.org/@deck.gl%2fjson cache-miss
77 silly packumentCache corgi:https://registry.npmjs.org/@deck.gl%2flayers cache-miss
78 silly packumentCache corgi:https://registry.npmjs.org/@deck.gl%2fmapbox cache-miss
79 silly packumentCache corgi:https://registry.npmjs.org/@deck.gl%2fmesh-layers cache-miss
80 silly packumentCache corgi:https://registry.npmjs.org/@deck.gl%2freact cache-miss
81 silly packumentCache corgi:https://registry.npmjs.org/@loaders.gl%2fcore cache-miss
82 silly packumentCache corgi:https://registry.npmjs.org/@loaders.gl%2fdraco cache-miss
83 silly packumentCache corgi:https://registry.npmjs.org/@loaders.gl%2floader-utils cache-miss
84 silly packumentCache corgi:https://registry.npmjs.org/@loaders.gl%2fterrain cache-miss
85 silly packumentCache corgi:https://registry.npmjs.org/@loaders.gl%2fwms cache-miss
86 silly packumentCache corgi:https://registry.npmjs.org/@loaders.gl%2fworker-utils cache-miss
87 silly packumentCache corgi:https://registry.npmjs.org/@loaders.gl%2fxml cache-miss
88 silly packumentCache corgi:https://registry.npmjs.org/@luma.gl%2fcore cache-miss
89 silly packumentCache corgi:https://registry.npmjs.org/@luma.gl%2fengine cache-miss
90 silly packumentCache corgi:https://registry.npmjs.org/@luma.gl%2fgltools cache-miss
91 silly packumentCache corgi:https://registry.npmjs.org/@luma.gl%2fshadertools cache-miss
92 silly packumentCache corgi:https://registry.npmjs.org/@luma.gl%2fwebgl cache-miss
93 silly packumentCache corgi:https://registry.npmjs.org/@math.gl%2fcore cache-miss
94 silly packumentCache corgi:https://registry.npmjs.org/@math.gl%2fculling cache-miss
95 silly packumentCache corgi:https://registry.npmjs.org/@math.gl%2fgeospatial cache-miss
96 silly packumentCache corgi:https://registry.npmjs.org/@math.gl%2fsun cache-miss
97 silly packumentCache corgi:https://registry.npmjs.org/@math.gl%2fweb-mercator cache-miss
98 silly packumentCache corgi:https://registry.npmjs.org/@probe.gl%2fenv cache-miss
99 silly packumentCache corgi:https://registry.npmjs.org/@probe.gl%2flog cache-miss
100 silly packumentCache corgi:https://registry.npmjs.org/@probe.gl%2fstats cache-miss
101 silly packumentCache corgi:https://registry.npmjs.org/deck.gl cache-miss
102 http cache https://registry.npmjs.org/@deck.gl%2fextensions 15ms (cache hit)
103 silly packumentCache corgi:https://registry.npmjs.org/@deck.gl%2fextensions set size:530772 disposed:false
104 http cache https://registry.npmjs.org/@deck.gl%2fmapbox 17ms (cache hit)
105 silly packumentCache corgi:https://registry.npmjs.org/@deck.gl%2fmapbox set size:606911 disposed:false
106 http cache https://registry.npmjs.org/@deck.gl%2fgeo-layers 19ms (cache hit)
107 silly packumentCache corgi:https://registry.npmjs.org/@deck.gl%2fgeo-layers set size:740684 disposed:false
108 http cache https://registry.npmjs.org/@deck.gl%2faggregation-layers 21ms (cache hit)
109 silly packumentCache corgi:https://registry.npmjs.org/@deck.gl%2faggregation-layers set size:622216 disposed:false
110 http cache https://registry.npmjs.org/@deck.gl%2fcarto 24ms (cache hit)
111 silly packumentCache corgi:https://registry.npmjs.org/@deck.gl%2fcarto set size:486184 disposed:false
112 http cache https://registry.npmjs.org/@loaders.gl%2fdraco 24ms (cache hit)
113 silly packumentCache corgi:https://registry.npmjs.org/@loaders.gl%2fdraco set size:454553 disposed:false
114 http cache https://registry.npmjs.org/@deck.gl%2flayers 28ms (cache hit)
115 silly packumentCache corgi:https://registry.npmjs.org/@deck.gl%2flayers set size:718918 disposed:false
116 http cache https://registry.npmjs.org/@deck.gl%2fgoogle-maps 30ms (cache hit)
117 silly packumentCache corgi:https://registry.npmjs.org/@deck.gl%2fgoogle-maps set size:564515 disposed:false
118 http cache https://registry.npmjs.org/@deck.gl%2fmesh-layers 31ms (cache hit)
119 silly packumentCache corgi:https://registry.npmjs.org/@deck.gl%2fmesh-layers set size:597700 disposed:false
120 http cache https://registry.npmjs.org/@loaders.gl%2fwms 33ms (cache hit)
121 silly packumentCache corgi:https://registry.npmjs.org/@loaders.gl%2fwms set size:109793 disposed:false
122 http cache https://registry.npmjs.org/@loaders.gl%2floader-utils 33ms (cache hit)
123 silly packumentCache corgi:https://registry.npmjs.org/@loaders.gl%2floader-utils set size:410970 disposed:false
124 http cache https://registry.npmjs.org/@loaders.gl%2fworker-utils 35ms (cache hit)
125 silly packumentCache corgi:https://registry.npmjs.org/@loaders.gl%2fworker-utils set size:221420 disposed:false
126 http cache https://registry.npmjs.org/@loaders.gl%2fterrain 36ms (cache hit)
127 silly packumentCache corgi:https://registry.npmjs.org/@loaders.gl%2fterrain set size:340596 disposed:false
128 http cache https://registry.npmjs.org/@deck.gl%2fjson 38ms (cache hit)
129 silly packumentCache corgi:https://registry.npmjs.org/@deck.gl%2fjson set size:620630 disposed:false
130 http cache https://registry.npmjs.org/@deck.gl%2fcore 40ms (cache hit)
131 silly packumentCache corgi:https://registry.npmjs.org/@deck.gl%2fcore set size:756258 disposed:false
132 http cache https://registry.npmjs.org/@loaders.gl%2fxml 41ms (cache hit)
133 silly packumentCache corgi:https://registry.npmjs.org/@loaders.gl%2fxml set size:98360 disposed:false
134 http cache https://registry.npmjs.org/@math.gl%2fsun 40ms (cache hit)
135 silly packumentCache corgi:https://registry.npmjs.org/@math.gl%2fsun set size:83067 disposed:false
136 http cache https://registry.npmjs.org/@luma.gl%2fengine 42ms (cache hit)
137 silly packumentCache corgi:https://registry.npmjs.org/@luma.gl%2fengine set size:231796 disposed:false
138 http cache https://registry.npmjs.org/@luma.gl%2fgltools 43ms (cache hit)
139 silly packumentCache corgi:https://registry.npmjs.org/@luma.gl%2fgltools set size:139101 disposed:false
140 http cache https://registry.npmjs.org/@math.gl%2fcore 43ms (cache hit)
141 silly packumentCache corgi:https://registry.npmjs.org/@math.gl%2fcore set size:85347 disposed:false
142 http cache https://registry.npmjs.org/@math.gl%2fgeospatial 43ms (cache hit)
143 silly packumentCache corgi:https://registry.npmjs.org/@math.gl%2fgeospatial set size:99986 disposed:false
144 http cache https://registry.npmjs.org/@loaders.gl%2fcore 45ms (cache hit)
145 silly packumentCache corgi:https://registry.npmjs.org/@loaders.gl%2fcore set size:437854 disposed:false
146 http cache https://registry.npmjs.org/@math.gl%2fweb-mercator 47ms (cache hit)
147 silly packumentCache corgi:https://registry.npmjs.org/@math.gl%2fweb-mercator set size:89263 disposed:false
148 http cache https://registry.npmjs.org/@deck.gl%2freact 49ms (cache hit)
149 silly packumentCache corgi:https://registry.npmjs.org/@deck.gl%2freact set size:679211 disposed:false
150 http cache https://registry.npmjs.org/@luma.gl%2fshadertools 51ms (cache hit)
151 silly packumentCache corgi:https://registry.npmjs.org/@luma.gl%2fshadertools set size:316394 disposed:false
152 http cache https://registry.npmjs.org/@probe.gl%2fenv 51ms (cache hit)
153 silly packumentCache corgi:https://registry.npmjs.org/@probe.gl%2fenv set size:26763 disposed:false
154 http cache https://registry.npmjs.org/@probe.gl%2fstats 51ms (cache hit)
155 silly packumentCache corgi:https://registry.npmjs.org/@probe.gl%2fstats set size:55743 disposed:false
156 http cache https://registry.npmjs.org/@math.gl%2fculling 51ms (cache hit)
157 silly packumentCache corgi:https://registry.npmjs.org/@math.gl%2fculling set size:99349 disposed:false
158 http cache https://registry.npmjs.org/@luma.gl%2fcore 53ms (cache hit)
159 silly packumentCache corgi:https://registry.npmjs.org/@luma.gl%2fcore set size:334881 disposed:false
160 http cache https://registry.npmjs.org/@luma.gl%2fwebgl 53ms (cache hit)
161 silly packumentCache corgi:https://registry.npmjs.org/@luma.gl%2fwebgl set size:310371 disposed:false
162 http cache https://registry.npmjs.org/deck.gl 54ms (cache hit)
163 silly packumentCache corgi:https://registry.npmjs.org/deck.gl set size:1134029 disposed:false
164 http cache https://registry.npmjs.org/@probe.gl%2flog 58ms (cache hit)
165 silly packumentCache corgi:https://registry.npmjs.org/@probe.gl%2flog set size:27504 disposed:false
166 silly packumentCache corgi:https://registry.npmjs.org/react-router-dom cache-miss
167 http cache https://registry.npmjs.org/react-router-dom 4ms (cache hit)
168 silly packumentCache corgi:https://registry.npmjs.org/react-router-dom set size:1008400 disposed:false
169 silly packumentCache corgi:https://registry.npmjs.org/minimatch cache-miss
170 http cache https://registry.npmjs.org/minimatch 1ms (cache hit)
171 silly packumentCache corgi:https://registry.npmjs.org/minimatch set size:145311 disposed:false
172 silly packumentCache corgi:https://registry.npmjs.org/@eslint%2feslintrc cache-miss
173 silly packumentCache corgi:https://registry.npmjs.org/cosmiconfig cache-miss
174 silly packumentCache corgi:https://registry.npmjs.org/eslint cache-miss
175 http cache https://registry.npmjs.org/@eslint%2feslintrc 1ms (cache hit)
176 silly packumentCache corgi:https://registry.npmjs.org/@eslint%2feslintrc set size:80753 disposed:false
177 http cache https://registry.npmjs.org/eslint 3ms (cache hit)
178 silly packumentCache corgi:https://registry.npmjs.org/eslint set size:1123651 disposed:false
179 http cache https://registry.npmjs.org/cosmiconfig 7ms (cache hit)
180 silly packumentCache corgi:https://registry.npmjs.org/cosmiconfig set size:81973 disposed:false
181 silly packumentCache corgi:https://registry.npmjs.org/@vitejs%2fplugin-react cache-miss
182 http cache https://registry.npmjs.org/@vitejs%2fplugin-react 3ms (cache hit)
183 silly packumentCache corgi:https://registry.npmjs.org/@vitejs%2fplugin-react set size:104872 disposed:false
184 verbose cwd /Users/lore/Desktop/work/wf_projects/mozambique-portal
185 verbose os Darwin 25.2.0
186 verbose node v25.4.0
187 verbose npm  v11.7.0
188 verbose exit 0
189 info ok
